Component: ARM Compiler 5.06 update 4 (build 422) Tool: armlink [4d35d2]

==============================================================================

Section Cross References

    main.o(.text) refers to nvic.o(.text) for NVIC_Configuration
    main.o(.text) refers to delay.o(.text) for delay_init
    main.o(.text) refers to usart.o(.text) for uart_init
    main.o(.text) refers to led.o(.text) for LED_GPIO_Config
    main.o(.text) refers to can.o(.text) for CAN1_Configuration
    main.o(.text) refers to enc.o(.text) for ENC_Configuration
    main.o(.text) refers to kalman.o(.text) for pos_spd_kalman_init
    main.o(.text) refers to stm32f4xx_tim.o(.text) for TIM_Cmd
    main.o(.text) refers to servo.o(.text) for SERVO_Configuration
    main.o(.text) refers to stm32f4xx_gpio.o(.text) for GPIO_ResetBits
    main.o(.text) refers to main.o(.data) for mode
    stm32f4xx_it.o(.text) refers to stm32f4xx_tim.o(.text) for TIM_GetITStatus
    stm32f4xx_it.o(.text) refers to main.o(.data) for encoder_overflow_count
    system_stm32f4xx.o(.text) refers to system_stm32f4xx.o(.data) for SystemCoreClock
    nvic.o(.text) refers to misc.o(.text) for NVIC_PriorityGroupConfig
    led.o(.text) refers to stm32f4xx_rcc.o(.text) for RCC_AHB1PeriphClockCmd
    led.o(.text) refers to stm32f4xx_gpio.o(.text) for GPIO_Init
    can.o(.text) refers to stm32f4xx_rcc.o(.text) for RCC_AHB1PeriphClockCmd
    can.o(.text) refers to stm32f4xx_gpio.o(.text) for GPIO_Init
    can.o(.text) refers to stm32f4xx_can.o(.text) for CAN_DeInit
    can.o(.text) refers to can.o(.constdata) for CAN_baud_table
    can.o(.text) refers to can.o(.data) for CanStdId
    can.o(.text) refers to main.o(.data) for mode
    can.o(.text) refers to main.o(.bss) for pos_coeff
    can.o(.text) refers to delay.o(.text) for delay_us
    can.o(.text) refers to f2d.o(x$fpl$f2d) for __aeabi_f2d
    can.o(.text) refers to fabs.o(i.__hardfp_fabs) for __hardfp_fabs
    can.o(.text) refers to dmul_clz.o(x$fpl$dmul) for __aeabi_dmul
    can.o(.text) refers to ddiv_clz.o(x$fpl$ddiv) for __aeabi_ddiv
    can.o(.text) refers to dfixu.o(x$fpl$dfixu) for __aeabi_d2uiz
    enc.o(.text) refers to stm32f4xx_rcc.o(.text) for RCC_APB1PeriphClockCmd
    enc.o(.text) refers to stm32f4xx_gpio.o(.text) for GPIO_Init
    enc.o(.text) refers to stm32f4xx_tim.o(.text) for TIM_DeInit
    enc.o(.text) refers to servo.o(.constdata) for ENC_CNT_MAX
    servo.o(.text) refers to stm32f4xx_rcc.o(.text) for RCC_AHB1PeriphClockCmd
    servo.o(.text) refers to stm32f4xx_gpio.o(.text) for GPIO_Init
    servo.o(.text) refers to stm32f4xx_dac.o(.text) for DAC_Init
    servo.o(.text) refers to stm32f4xx_adc.o(.text) for ADC_CommonInit
    servo.o(.text) refers to servo.o(.data) for my_if_clockwise_test
    servo.o(.text) refers to servo.o(.bss) for speed_bias
    servo.o(.text) refers to main.o(.data) for current_control
    servo.o(.text) refers to kalman.o(.text) for pos_spd_kalman_cycle
    kalman.o(.text) refers to arm_mat_init_f32.o(.text) for arm_mat_init_f32
    kalman.o(.text) refers to arm_mat_mult_f32.o(.text) for arm_mat_mult_f32
    kalman.o(.text) refers to arm_mat_sub_f32.o(.text) for arm_mat_sub_f32
    kalman.o(.text) refers to arm_mat_add_f32.o(.text) for arm_mat_add_f32
    kalman.o(.text) refers to kalman.o(.data) for H_init
    kalman.o(.text) refers to kalman.o(.bss) for temp_2x2_0_init
    kalman.o(.text) refers to servo.o(.data) for position_raw
    kalman.o(.text) refers to main.o(.data) for position_actual
    delay.o(.text) refers to misc.o(.text) for SysTick_CLKSourceConfig
    delay.o(.text) refers to delay.o(.data) for fac_us
    usart.o(.emb_text) refers (Special) to use_no_semi_2.o(.text) for __use_no_semihosting
    usart.o(.text) refers (Special) to use_no_semi_2.o(.text) for __use_no_semihosting
    usart.o(.text) refers to stm32f4xx_rcc.o(.text) for RCC_AHB1PeriphClockCmd
    usart.o(.text) refers to stm32f4xx_gpio.o(.text) for GPIO_PinAFConfig
    usart.o(.text) refers to stm32f4xx_usart.o(.text) for USART_Init
    usart.o(.text) refers to misc.o(.text) for NVIC_Init
    usart.o(.text) refers to usart.o(.data) for USART_RX_STA
    usart.o(.text) refers to usart.o(.bss) for USART_RX_BUF
    usart.o(.bss) refers (Special) to use_no_semi_2.o(.text) for __use_no_semihosting
    usart.o(.data) refers (Special) to use_no_semi_2.o(.text) for __use_no_semihosting
    startup_stm32f40_41xxx.o(STACK) refers (Special) to heapauxi.o(.text) for __use_two_region_memory
    startup_stm32f40_41xxx.o(HEAP) refers (Special) to heapauxi.o(.text) for __use_two_region_memory
    startup_stm32f40_41xxx.o(RESET) refers (Special) to heapauxi.o(.text) for __use_two_region_memory
    startup_stm32f40_41xxx.o(RESET) refers to startup_stm32f40_41xxx.o(STACK) for __initial_sp
    startup_stm32f40_41xxx.o(RESET) refers to startup_stm32f40_41xxx.o(.text) for Reset_Handler
    startup_stm32f40_41xxx.o(RESET) refers to stm32f4xx_it.o(.text) for NMI_Handler
[...]
    x$fpl$dunder                             0x08005e6a   Section      378  dunder_clz.o(x$fpl$dunder)
    $v0                                      0x08005e6a   Number         0  dunder_clz.o(x$fpl$dunder)
    x$fpl$exception                          0x08005fe4   Section      492  except.o(x$fpl$exception)
    $v0                                      0x08005fe4   Number         0  except.o(x$fpl$exception)
    x$fpl$f2d                                0x080061d0   Section      122  f2d.o(x$fpl$f2d)
    $v0                                      0x080061d0   Number         0  f2d.o(x$fpl$f2d)
    x$fpl$fnaninf                            0x0800624a   Section      242  fnaninf.o(x$fpl$fnaninf)
    $v0                                      0x0800624a   Number         0  fnaninf.o(x$fpl$fnaninf)
    x$fpl$fpinit                             0x0800633c   Section       10  fpinit.o(x$fpl$fpinit)
    $v0                                      0x0800633c   Number         0  fpinit.o(x$fpl$fpinit)
    x$fpl$funder                             0x08006346   Section      316  funder_clz.o(x$fpl$funder)
    $v0                                      0x08006346   Number         0  funder_clz.o(x$fpl$funder)
    x$fpl$retnan                             0x08006482   Section      178  retnan.o(x$fpl$retnan)
    $v0                                      0x08006482   Number         0  retnan.o(x$fpl$retnan)
    x$fpl$trapveneer                         0x08006534   Section      126  trapv.o(x$fpl$trapveneer)
    $v0                                      0x08006534   Number         0  trapv.o(x$fpl$trapveneer)
    x$fpl$usenofp                            0x080065b2   Section        0  usenofp.o(x$fpl$usenofp)
    .constdata                               0x080065b4   Section      360  can.o(.constdata)
    .constdata                               0x0800671c   Section        4  servo.o(.constdata)
    .data                                    0x20000000   Section      160  main.o(.data)
    .data                                    0x200000a0   Section       20  system_stm32f4xx.o(.data)
    .data                                    0x200000b4   Section       30  can.o(.data)
    .data                                    0x200000d4   Section      120  servo.o(.data)
    .data                                    0x2000014c   Section      620  kalman.o(.data)
    .data                                    0x200003b8   Section        4  delay.o(.data)
    fac_us                                   0x200003b8   Data           1  delay.o(.data)
    fac_ms                                   0x200003ba   Data           2  delay.o(.data)
    .data                                    0x200003bc   Section        6  usart.o(.data)
    .data                                    0x200003c2   Section       16  stm32f4xx_rcc.o(.data)
    APBAHBPrescTable                         0x200003c2   Data          16  stm32f4xx_rcc.o(.data)
    .bss                                     0x200003d4   Section      220  main.o(.bss)
    .bss                                     0x200004b0   Section      372  servo.o(.bss)
    .bss                                     0x20000624   Section       96  kalman.o(.bss)
    .bss                                     0x20000684   Section      200  usart.o(.bss)
    .bss                                     0x2000074c   Section       96  libspace.o(.bss)
    HEAP                                     0x200007b0   Section      512  startup_stm32f40_41xxx.o(HEAP)
    Heap_Mem                                 0x200007b0   Data         512  startup_stm32f40_41xxx.o(HEAP)
    STACK                                    0x200009b0   Section     1024  startup_stm32f40_41xxx.o(STACK)
    Stack_Mem                                0x200009b0   Data        1024  startup_stm32f40_41xxx.o(STACK)
    __initial_sp                             0x20000db0   Data           0  startup_stm32f40_41xxx.o(STACK)

    Global Symbols

    Symbol Name                              Value     Ov Type        Size  Object(Section)

    BuildAttributes$$THM_ISAv4$E$P$D$K$B$S$7EM$VFPi3$EXTD16$VFPS$VFMA$PE$A:L22UL41UL21$X:L11$S22US41US21$IEEE1$IW$USESV6$~STKCKD$USESV7$~SHL$OTIME$ROPI$IEEEX$EBA8$UX$STANDARDLIB$REQ8$PRES8$EABIv2 0x00000000   Number         0  anon$$obj.o ABSOLUTE
    __ARM_use_no_argv                        0x00000000   Number         0  main.o ABSOLUTE
    __ARM_exceptions_init                     - Undefined Weak Reference
    __alloca_initialize                       - Undefined Weak Reference
    __arm_preinit_                            - Undefined Weak Reference
    __cpp_initialize__aeabi_                  - Undefined Weak Reference
    __cxa_finalize                            - Undefined Weak Reference
    __rt_locale                               - Undefined Weak Reference
    __sigvec_lookup                           - Undefined Weak Reference
    _atexit_init                              - Undefined Weak Reference
    _call_atexit_fns                          - Undefined Weak Reference
    _clock_init                               - Undefined Weak Reference
    _fp_trap_big                              - Undefined Weak Reference
    _fp_trap_init                             - Undefined Weak Reference
    _fp_trap_shutdown                         - Undefined Weak Reference
    _get_lc_collate                           - Undefined Weak Reference
    _get_lc_ctype                             - Undefined Weak Reference
    _get_lc_monetary                          - Undefined Weak Reference
    _get_lc_numeric                           - Undefined Weak Reference
    _get_lc_time                              - Undefined Weak Reference
    _getenv_init                              - Undefined Weak Reference
    _handle_redirection                       - Undefined Weak Reference
    _init_alloc                               - Undefined Weak Reference
    _init_user_alloc                          - Undefined Weak Reference
    _initio                                   - Undefined Weak Reference
    _rand_init                                - Undefined Weak Reference
    _signal_finish                            - Undefined Weak Reference
    _signal_init                              - Undefined Weak Reference
    _terminate_alloc                          - Undefined Weak Reference
    _terminate_user_alloc                     - Undefined Weak Reference
    _terminateio                              - Undefined Weak Reference
    __Vectors_Size                           0x00000188   Number         0  startup_stm32f40_41xxx.o ABSOLUTE
    __Vectors                                0x08000000   Data           4  startup_stm32f40_41xxx.o(RESET)
    __Vectors_End                            0x08000188   Data           0  startup_stm32f40_41xxx.o(RESET)
    __main                                   0x08000189   Thumb Code     8  __main.o(!!!main)
    __scatterload                            0x08000191   Thumb Code     0  __scatter.o(!!!scatter)
    __scatterload_rt2                        0x08000191   Thumb Code    44  __scatter.o(!!!scatter)
    __scatterload_rt2_thumb_only             0x08000191   Thumb Code     0  __scatter.o(!!!scatter)
    __scatterload_null                       0x0800019f   Thumb Code     0  __scatter.o(!!!scatter)
    __decompress                             0x080001c5   Thumb Code    90  __dczerorl2.o(!!dczerorl2)
    __decompress1                            0x080001c5   Thumb Code     0  __dczerorl2.o(!!dczerorl2)
    __scatterload_zeroinit                   0x08000221   Thumb Code    28  __scatter_zi.o(!!handler_zi)
    __rt_lib_init                            0x0800023d   Thumb Code     0  libinit.o(.ARM.Collect$$libinit$$00000000)
    __rt_lib_init_fp_1                       0x0800023f   Thumb Code     0  libinit2.o(.ARM.Collect$$libinit$$00000001)
    __rt_lib_init_alloca_1                   0x08000243   Thumb Code     0  libinit2.o(.ARM.Collect$$libinit$$0000002E)
    __rt_lib_init_argv_1                     0x08000243   Thumb Code     0  libinit2.o(.ARM.Collect$$libinit$$0000002C)
    __rt_lib_init_atexit_1                   0x08000243   Thumb Code     0  libinit2.o(.ARM.Collect$$libinit$$0000001B)
    __rt_lib_init_clock_1                    0x08000243   Thumb Code     0  libinit2.o(.ARM.Collect$$libinit$$00000021)
    __rt_lib_init_cpp_1                      0x08000243   Thumb Code     0  libinit2.o(.ARM.Collect$$libinit$$00000032)
    __rt_lib_init_exceptions_1               0x08000243   Thumb Code     0  libinit2.o(.ARM.Collect$$libinit$$00000030)
    __rt_lib_init_fp_trap_1                  0x08000243   Thumb Code     0  libinit2.o(.ARM.Collect$$libinit$$0000001F)
    __rt_lib_init_getenv_1                   0x08000243   Thumb Code     0  libinit2.o(.ARM.Collect$$libinit$$00000023)
    __rt_lib_init_heap_1                     0x08000243   Thumb Code     0  libinit2.o(.ARM.Collect$$libinit$$0000000A)
    __rt_lib_init_lc_collate_1               0x08000243   Thumb Code     0  libinit2.o(.ARM.Collect$$libinit$$00000011)
    __rt_lib_init_lc_ctype_1                 0x08000243   Thumb Code     0  libinit2.o(.ARM.Collect$$libinit$$00000013)
    __rt_lib_init_lc_monetary_1              0x08000243   Thumb Code     0  libinit2.o(.ARM.Collect$$libinit$$00000015)
    __rt_lib_init_lc_numeric_1               0x08000243   Thumb Code     0  libinit2.o(.ARM.Collect$$libinit$$00000017)
    __rt_lib_init_lc_time_1                  0x08000243   Thumb Code     0  libinit2.o(.ARM.Collect$$libinit$$00000019)
    __rt_lib_init_preinit_1                  0x08000243   Thumb Code     0  libinit2.o(.ARM.Collect$$libinit$$00000004)
    __rt_lib_init_rand_1                     0x08000243   Thumb Code     0  libinit2.o(.ARM.Collect$$libinit$$0000000E)
    __rt_lib_init_return                     0x08000243   Thumb Code     0  libinit2.o(.ARM.Collect$$libinit$$00000033)
    __rt_lib_init_signal_1                   0x08000243   Thumb Code     0  libinit2.o(.ARM.Collect$$libinit$$0000001D)
    __rt_lib_init_stdio_1                    0x08000243   Thumb Code     0  libinit2.o(.ARM.Collect$$libinit$$00000025)
    __rt_lib_init_user_alloc_1               0x08000243   Thumb Code     0  libinit2.o(.ARM.Collect$$libinit$$0000000C)
    __rt_lib_shutdown                        0x08000245   Thumb Code     0  libshutdown.o(.ARM.Collect$$libshutdown$$00000000)
    __rt_lib_shutdown_cpp_1                  0x08000247   Thumb Code     0  libshutdown2.o(.ARM.Collect$$libshutdown$$00000002)
    __rt_lib_shutdown_fp_trap_1              0x08000247   Thumb Code     0  libshutdown2.o(.ARM.Collect$$libshutdown$$00000007)
    __rt_lib_shutdown_heap_1                 0x08000247   Thumb Code     0  libshutdown2.o(.ARM.Collect$$libshutdown$$0000000F)
    __rt_lib_shutdown_return                 0x08000247   Thumb Code     0  libshutdown2.o(.ARM.Collect$$libshutdown$$00000010)
    __rt_lib_shutdown_signal_1               0x08000247   Thumb Code     0  libshutdown2.o(.ARM.Collect$$libshutdown$$0000000A)
    __rt_lib_shutdown_stdio_1                0x08000247   Thumb Code     0  libshutdown2.o(.ARM.Collect$$libshutdown$$00000004)
    __rt_lib_shutdown_user_alloc_1           0x08000247   Thumb Code     0  libshutdown2.o(.ARM.Collect$$libshutdown$$0000000C)
    __rt_entry                               0x08000249   Thumb Code     0  __rtentry.o(.ARM.Collect$$rtentry$$00000000)
    __rt_entry_presh_1                       0x08000249   Thumb Code     0  __rtentry2.o(.ARM.Collect$$rtentry$$00000002)
    __rt_entry_sh                            0x08000249   Thumb Code     0  __rtentry4.o(.ARM.Collect$$rtentry$$00000004)
    __rt_entry_li                            0x0800024f   Thumb Code     0  __rtentry2.o(.ARM.Collect$$rtentry$$0000000A)
    __rt_entry_postsh_1                      0x0800024f   Thumb Code     0  __rtentry2.o(.ARM.Collect$$rtentry$$00000009)
    __rt_entry_main                          0x08000253   Thumb Code     0  __rtentry2.o(.ARM.Collect$$rtentry$$0000000D)
    __rt_entry_postli_1                      0x08000253   Thumb Code     0  __rtentry2.o(.ARM.Collect$$rtentry$$0000000C)
    __rt_exit                                0x0800025b   Thumb Code     0  rtexit.o(.ARM.Collect$$rtexit$$00000000)
    __rt_exit_ls                             0x0800025d   Thumb Code     0  rtexit2.o(.ARM.Collect$$rtexit$$00000003)
    __rt_exit_prels_1                        0x0800025d   Thumb Code     0  rtexit2.o(.ARM.Collect$$rtexit$$00000002)
    __rt_exit_exit                           0x08000261   Thumb Code     0  rtexit2.o(.ARM.Collect$$rtexit$$00000004)
    main                                     0x08000269   Thumb Code   518  main.o(.text)
    NMI_Handler                              0x0800049d   Thumb Code     2  stm32f4xx_it.o(.text)
    HardFault_Handler                        0x0800049f   Thumb Code     4  stm32f4xx_it.o(.text)
    MemManage_Handler                        0x080004a3   Thumb Code     4  stm32f4xx_it.o(.text)
    BusFault_Handler                         0x080004a7   Thumb Code     4  stm32f4xx_it.o(.text)
    UsageFault_Handler                       0x080004ab   Thumb Code     4  stm32f4xx_it.o(.text)
    SVC_Handler                              0x080004af   Thumb Code     2  stm32f4xx_it.o(.text)
    DebugMon_Handler                         0x080004b1   Thumb Code     2  stm32f4xx_it.o(.text)
    PendSV_Handler                           0x080004b3   Thumb Code     2  stm32f4xx_it.o(.text)
    SysTick_Handler                          0x080004b5   Thumb Code     2  stm32f4xx_it.o(.text)
    TIM5_IRQHandler                          0x080004b7   Thumb Code   122  stm32f4xx_it.o(.text)
    SystemInit                               0x08000619   Thumb Code    88  system_stm32f4xx.o(.text)
    SystemCoreClockUpdate                    0x08000671   Thumb Code   174  system_stm32f4xx.o(.text)
    NVIC_Configuration                       0x0800074d   Thumb Code    96  nvic.o(.text)
    LED_GPIO_Config                          0x080007ad   Thumb Code    50  led.o(.text)
    CAN_Baud_Process                         0x080007e5   Thumb Code    84  can.o(.text)
    CAN1_Configuration                       0x08000839   Thumb Code   242  can.o(.text)
    CAN2_Configuration                       0x0800092b   Thumb Code   214  can.o(.text)
    CAN1_RX0_IRQHandler                      0x08000a01   Thumb Code  1156  can.o(.text)
    can1_tx                                  0x08000e85   Thumb Code    70  can.o(.text)
    can_send                                 0x08000ecb   Thumb Code    82  can.o(.text)
    CAN2_RX0_IRQHandler                      0x08000f1d   Thumb Code    54  can.o(.text)
    can2_tx                                  0x08000f53   Thumb Code    70  can.o(.text)
    position_speed_send                      0x08000f99   Thumb Code   244  can.o(.text)
    temperature_send                         0x0800108d   Thumb Code    36  can.o(.text)
    acceleration_send                        0x080010b1   Thumb Code    68  can.o(.text)
    angular_speed_send                       0x080010f5   Thumb Code    68  can.o(.text)
    rpy_angle_send                           0x08001139   Thumb Code    68  can.o(.text)
    hardware_id_send                         0x0800117d   Thumb Code    84  can.o(.text)
    can_monitor_send                         0x080011d1   Thumb Code    64  can.o(.text)
    Data_send                                0x08001211   Thumb Code   514  can.o(.text)
    ENC_Configuration                        0x0800147d   Thumb Code   196  enc.o(.text)
    SERVO_DAC_Configuration                  0x0800154d   Thumb Code   144  servo.o(.text)
    SERVO_ADC_Configuration                  0x080015dd   Thumb Code   124  servo.o(.text)
    SERVO_Get_Adc                            0x08001659   Thumb Code    44  servo.o(.text)
    Current_DAC_Out                          0x08001685   Thumb Code   162  servo.o(.text)
    SERVO_Configuration                      0x08001727   Thumb Code    12  servo.o(.text)
    clear_PID_buf                            0x08001733   Thumb Code   174  servo.o(.text)
    speed_position_measure                   0x080017e1   Thumb Code   594  servo.o(.text)
    PID_control_current                      0x08001a33   Thumb Code   388  servo.o(.text)
    PID_control_speed                        0x08001bb7   Thumb Code   472  servo.o(.text)
    PID_control_position                     0x08001d8f   Thumb Code   528  servo.o(.text)
    pos_spd_kalman_init                      0x08001fc9   Thumb Code   472  kalman.o(.text)
    pos_spd_kalman_cycle                     0x080021a1   Thumb Code   232  kalman.o(.text)
    delay_init                               0x080023f5   Thumb Code    52  delay.o(.text)
    delay_us                                 0x08002429   Thumb Code    72  delay.o(.text)
    delay_xms                                0x08002471   Thumb Code    72  delay.o(.text)
    delay_ms                                 0x080024b9   Thumb Code    56  delay.o(.text)
    _sys_exit                                0x080024f9   Thumb Code     4  usart.o(.text)
    _ttywrch                                 0x080024fd   Thumb Code     4  usart.o(.text)
    fputc                                    0x08002501   Thumb Code    22  usart.o(.text)
    uart_init                                0x08002517   Thumb Code   172  usart.o(.text)
    USART1_IRQHandler                        0x080025c3   Thumb Code   122  usart.o(.text)
    Reset_Handler                            0x0800264d   Thumb Code     8  startup_stm32f40_41xxx.o(.text)
    ADC_IRQHandler                           0x08002667   Thumb Code     0  startup_stm32f40_41xxx.o(.text)
    CAN1_RX1_IRQHandler                      0x08002667   Thumb Code     0  startup_stm32f40_41xxx.o(.text)
    CAN1_SCE_IRQHandler                      0x08002667   Thumb Code     0  startup_stm32f40_41xxx.o(.text)
    CAN1_TX_IRQHandler                       0x08002667   Thumb Code     0  startup_stm32f40_41xxx.o(.text)
    CAN2_RX1_IRQHandler                      0x08002667   Thumb Code     0  startup_stm32f40_41xxx.o(.text)
    CAN2_SCE_IRQHandler                      0x08002667   Thumb Code     0  startup_stm32f40_41xxx.o(.text)
    CAN2_TX_IRQHandler                       0x08002667   Thumb Code     0  startup_stm32f40_41xxx.o(.text)
    CRYP_IRQHandler                          0x08002667   Thumb Code     0  startup_stm32f40_41xxx.o(.text)
    DCMI_IRQHandler                          0x08002667   Thumb Code     0  startup_stm32f40_41xxx.o(.text)
    DMA1_Stream0_IRQHandler                  0x08002667   Thumb Code     0  startup_stm32f40_41xxx.o(.text)
    DMA1_Stream1_IRQHandler                  0x08002667   Thumb Code     0  startup_stm32f40_41xxx.o(.text)
    DMA1_Stream2_IRQHandler                  0x08002667   Thumb Code     0  startup_stm32f40_41xxx.o(.text)
    DMA1_Stream3_IRQHandler                  0x08002667   Thumb Code     0  startup_stm32f40_41xxx.o(.text)
    DMA1_Stream4_IRQHandler                  0x08002667   Thumb Code     0  startup_stm32f40_41xxx.o(.text)
    DMA1_Stream5_IRQHandler                  0x08002667   Thumb Code     0  startup_stm32f40_41xxx.o(.text)
    DMA1_Stream6_IRQHandler                  0x08002667   Thumb Code     0  startup_stm32f40_41xxx.o(.text)
    DMA1_Stream7_IRQHandler                  0x08002667   Thumb Code     0  startup_stm32f40_41xxx.o(.text)
    DMA2_Stream0_IRQHandler                  0x08002667   Thumb Code     0  startup_stm32f40_41xxx.o(.text)
    DMA2_Stream1_IRQHandler                  0x08002667   Thumb Code     0  startup_stm32f40_41xxx.o(.text)
    DMA2_Stream2_IRQHandler                  0x08002667   Thumb Code     0  startup_stm32f40_41xxx.o(.text)
    DMA2_Stream3_IRQHandler                  0x08002667   Thumb Code     0  startup_stm32f40_41xxx.o(.text)
    DMA2_Stream4_IRQHandler                  0x08002667   Thumb Code     0  startup_stm32f40_41xxx.o(.text)
    DMA2_Stream5_IRQHandler                  0x08002667   Thumb Code     0  startup_stm32f40_41xxx.o(.text)
    DMA2_Stream6_IRQHandler                  0x08002667   Thumb Code     0  startup_stm32f40_41xxx.o(.text)
    DMA2_Stream7_IRQHandler                  0x08002667   Thumb Code     0  startup_stm32f40_41xxx.o(.text)
    ETH_IRQHandler                           0x08002667   Thumb Code     0  startup_stm32f40_41xxx.o(.text)
    ETH_WKUP_IRQHandler                      0x08002667   Thumb Code     0  startup_stm32f40_41xxx.o(.text)
    EXTI0_IRQHandler                         0x08002667   Thumb Code     0  startup_stm32f40_41xxx.o(.text)
    EXTI15_10_IRQHandler                     0x08002667   Thumb Code     0  startup_stm32f40_41xxx.o(.text)
    EXTI1_IRQHandler                         0x08002667   Thumb Code     0  startup_stm32f40_41xxx.o(.text)
    EXTI2_IRQHandler                         0x08002667   Thumb Code     0  startup_stm32f40_41xxx.o(.text)
    EXTI3_IRQHandler                         0x08002667   Thumb Code     0  startup_stm32f40_41xxx.o(.text)
    EXTI4_IRQHandler                         0x08002667   Thumb Code     0  startup_stm32f40_41xxx.o(.text)
    EXTI9_5_IRQHandler                       0x08002667   Thumb Code     0  startup_stm32f40_41xxx.o(.text)
    FLASH_IRQHandler                         0x08002667   Thumb Code     0  startup_stm32f40_41xxx.o(.text)
    FPU_IRQHandler                           0x08002667   Thumb Code     0  startup_stm32f40_41xxx.o(.text)
    FSMC_IRQHandler                          0x08002667   Thumb Code     0  startup_stm32f40_41xxx.o(.text)
    HASH_RNG_IRQHandler                      0x08002667   Thumb Code     0  startup_stm32f40_41xxx.o(.text)
    I2C1_ER_IRQHandler                       0x08002667   Thumb Code     0  startup_stm32f40_41xxx.o(.text)
    I2C1_EV_IRQHandler                       0x08002667   Thumb Code     0  startup_stm32f40_41xxx.o(.text)
    I2C2_ER_IRQHandler                       0x08002667   Thumb Code     0  startup_stm32f40_41xxx.o(.text)
    I2C2_EV_IRQHandler                       0x08002667   Thumb Code     0  startup_stm32f40_41xxx.o(.text)
    I2C3_ER_IRQHandler                       0x08002667   Thumb Code     0  startup_stm32f40_41xxx.o(.text)
    I2C3_EV_IRQHandler                       0x08002667   Thumb Code     0  startup_stm32f40_41xxx.o(.text)
    OTG_FS_IRQHandler                        0x08002667   Thumb Code     0  startup_stm32f40_41xxx.o(.text)
    OTG_FS_WKUP_IRQHandler                   0x08002667   Thumb Code     0  startup_stm32f40_41xxx.o(.text)
    OTG_HS_EP1_IN_IRQHandler                 0x08002667   Thumb Code     0  startup_stm32f40_41xxx.o(.text)
    OTG_HS_EP1_OUT_IRQHandler                0x08002667   Thumb Code     0  startup_stm32f40_41xxx.o(.text)
    OTG_HS_IRQHandler                        0x08002667   Thumb Code     0  startup_stm32f40_41xxx.o(.text)
    OTG_HS_WKUP_IRQHandler                   0x08002667   Thumb Code     0  startup_stm32f40_41xxx.o(.text)
    PVD_IRQHandler                           0x08002667   Thumb Code     0  startup_stm32f40_41xxx.o(.text)
    RCC_IRQHandler                           0x08002667   Thumb Code     0  startup_stm32f40_41xxx.o(.text)
    RTC_Alarm_IRQHandler                     0x08002667   Thumb Code     0  startup_stm32f40_41xxx.o(.text)
    RTC_WKUP_IRQHandler                      0x08002667   Thumb Code     0  startup_stm32f40_41xxx.o(.text)
    SDIO_IRQHandler                          0x08002667   Thumb Code     0  startup_stm32f40_41xxx.o(.text)
    SPI1_IRQHandler                          0x08002667   Thumb Code     0  startup_stm32f40_41xxx.o(.text)
    SPI2_IRQHandler                          0x08002667   Thumb Code     0  startup_stm32f40_41xxx.o(.text)
    SPI3_IRQHandler                          0x08002667   Thumb Code     0  startup_stm32f40_41xxx.o(.text)
    TAMP_STAMP_IRQHandler                    0x08002667   Thumb Code     0  startup_stm32f40_41xxx.o(.text)
    TIM1_BRK_TIM9_IRQHandler                 0x08002667   Thumb Code     0  startup_stm32f40_41xxx.o(.text)
    TIM1_CC_IRQHandler                       0x08002667   Thumb Code     0  startup_stm32f40_41xxx.o(.text)
    TIM1_TRG_COM_TIM11_IRQHandler            0x08002667   Thumb Code     0  startup_stm32f40_41xxx.o(.text)
    TIM1_UP_TIM10_IRQHandler                 0x08002667   Thumb Code     0  startup_stm32f40_41xxx.o(.text)
    TIM2_IRQHandler                          0x08002667   Thumb Code     0  startup_stm32f40_41xxx.o(.text)
    TIM3_IRQHandler                          0x08002667   Thumb Code     0  startup_stm32f40_41xxx.o(.text)
    TIM4_IRQHandler                          0x08002667   Thumb Code     0  startup_stm32f40_41xxx.o(.text)
    TIM6_DAC_IRQHandler                      0x08002667   Thumb Code     0  startup_stm32f40_41xxx.o(.text)
    TIM7_IRQHandler                          0x08002667   Thumb Code     0  startup_stm32f40_41xxx.o(.text)
    TIM8_BRK_TIM12_IRQHandler                0x08002667   Thumb Code     0  startup_stm32f40_41xxx.o(.text)
    TIM8_CC_IRQHandler                       0x08002667   Thumb Code     0  startup_stm32f40_41xxx.o(.text)
    TIM8_TRG_COM_TIM14_IRQHandler            0x08002667   Thumb Code     0  startup_stm32f40_41xxx.o(.text)
    TIM8_UP_TIM13_IRQHandler                 0x08002667   Thumb Code     0  startup_stm32f40_41xxx.o(.text)
    UART4_IRQHandler                         0x08002667   Thumb Code     0  startup_stm32f40_41xxx.o(.text)
    UART5_IRQHandler                         0x08002667   Thumb Code     0  startup_stm32f40_41xxx.o(.text)
    USART2_IRQHandler                        0x08002667   Thumb Code     0  startup_stm32f40_41xxx.o(.text)
    USART3_IRQHandler                        0x08002667   Thumb Code     0  startup_stm32f40_41xxx.o(.text)
    USART6_IRQHandler                        0x08002667   Thumb Code     0  startup_stm32f40_41xxx.o(.text)
    WWDG_IRQHandler                          0x08002667   Thumb Code     0  startup_stm32f40_41xxx.o(.text)
    __user_initial_stackheap                 0x08002669   Thumb Code     0  startup_stm32f40_41xxx.o(.text)
    NVIC_PriorityGroupConfig                 0x0800268d   Thumb Code    10  misc.o(.text)
    NVIC_Init                                0x08002697   Thumb Code   106  misc.o(.text)
    NVIC_SetVectorTable                      0x08002701   Thumb Code    14  misc.o(.text)
    NVIC_SystemLPConfig                      0x0800270f   Thumb Code    34  misc.o(.text)
    SysTick_CLKSourceConfig                  0x08002731   Thumb Code    40  misc.o(.text)
    GPIO_DeInit                              0x0800276d   Thumb Code   268  stm32f4xx_gpio.o(.text)
    GPIO_Init                                0x08002879   Thumb Code   144  stm32f4xx_gpio.o(.text)
    GPIO_StructInit                          0x08002909   Thumb Code    18  stm32f4xx_gpio.o(.text)
    GPIO_PinLockConfig                       0x0800291b   Thumb Code    34  stm32f4xx_gpio.o(.text)
    GPIO_ReadInputDataBit                    0x0800293d   Thumb Code    18  stm32f4xx_gpio.o(.text)
    GPIO_ReadInputData                       0x0800294f   Thumb Code     8  stm32f4xx_gpio.o(.text)
    GPIO_ReadOutputDataBit                   0x08002957   Thumb Code    18  stm32f4xx_gpio.o(.text)
    GPIO_ReadOutputData                      0x08002969   Thumb Code     8  stm32f4xx_gpio.o(.text)
    GPIO_SetBits                             0x08002971   Thumb Code     4  stm32f4xx_gpio.o(.text)
    GPIO_ResetBits                           0x08002975   Thumb Code     4  stm32f4xx_gpio.o(.text)
    GPIO_WriteBit                            0x08002979   Thumb Code    10  stm32f4xx_gpio.o(.text)
    GPIO_Write                               0x08002983   Thumb Code     4  stm32f4xx_gpio.o(.text)
    GPIO_ToggleBits                          0x08002987   Thumb Code     8  stm32f4xx_gpio.o(.text)
    GPIO_PinAFConfig                         0x0800298f   Thumb Code    70  stm32f4xx_gpio.o(.text)
    RCC_DeInit                               0x08002a01   Thumb Code    82  stm32f4xx_rcc.o(.text)
    RCC_HSEConfig                            0x08002a53   Thumb Code    14  stm32f4xx_rcc.o(.text)
    RCC_GetFlagStatus                        0x08002a61   Thumb Code    60  stm32f4xx_rcc.o(.text)
    RCC_WaitForHSEStartUp                    0x08002a9d   Thumb Code    56  stm32f4xx_rcc.o(.text)
    RCC_AdjustHSICalibrationValue            0x08002ad5   Thumb Code    20  stm32f4xx_rcc.o(.text)
    RCC_HSICmd                               0x08002ae9   Thumb Code     6  stm32f4xx_rcc.o(.text)
    RCC_LSEConfig                            0x08002aef   Thumb Code    46  stm32f4xx_rcc.o(.text)
    RCC_LSICmd                               0x08002b1d   Thumb Code     6  stm32f4xx_rcc.o(.text)
    RCC_PLLConfig                            0x08002b23   Thumb Code    32  stm32f4xx_rcc.o(.text)
    RCC_PLLCmd                               0x08002b43   Thumb Code     6  stm32f4xx_rcc.o(.text)
    RCC_PLLI2SConfig                         0x08002b49   Thumb Code    14  stm32f4xx_rcc.o(.text)
    RCC_PLLI2SCmd                            0x08002b57   Thumb Code     6  stm32f4xx_rcc.o(.text)
    RCC_PLLSAIConfig                         0x08002b5d   Thumb Code    20  stm32f4xx_rcc.o(.text)
    RCC_PLLSAICmd                            0x08002b71   Thumb Code     6  stm32f4xx_rcc.o(.text)
    RCC_ClockSecuritySystemCmd               0x08002b77   Thumb Code     6  stm32f4xx_rcc.o(.text)
    RCC_MCO1Config                           0x08002b7d   Thumb Code    28  stm32f4xx_rcc.o(.text)
    RCC_MCO2Config                           0x08002b99   Thumb Code    28  stm32f4xx_rcc.o(.text)
    RCC_SYSCLKConfig                         0x08002bb5   Thumb Code    20  stm32f4xx_rcc.o(.text)
    RCC_GetSYSCLKSource                      0x08002bc9   Thumb Code    12  stm32f4xx_rcc.o(.text)
    RCC_HCLKConfig                           0x08002bd5   Thumb Code    20  stm32f4xx_rcc.o(.text)
    RCC_PCLK1Config                          0x08002be9   Thumb Code    20  stm32f4xx_rcc.o(.text)
    RCC_PCLK2Config                          0x08002bfd   Thumb Code    22  stm32f4xx_rcc.o(.text)
    RCC_GetClocksFreq                        0x08002c13   Thumb Code   222  stm32f4xx_rcc.o(.text)
    RCC_RTCCLKConfig                         0x08002cf1   Thumb Code    54  stm32f4xx_rcc.o(.text)
    RCC_RTCCLKCmd                            0x08002d27   Thumb Code     8  stm32f4xx_rcc.o(.text)
    RCC_BackupResetCmd                       0x08002d2f   Thumb Code     8  stm32f4xx_rcc.o(.text)
    RCC_I2SCLKConfig                         0x08002d37   Thumb Code     6  stm32f4xx_rcc.o(.text)
    RCC_SAIPLLI2SClkDivConfig                0x08002d3d   Thumb Code    26  stm32f4xx_rcc.o(.text)
    RCC_SAIPLLSAIClkDivConfig                0x08002d57   Thumb Code    28  stm32f4xx_rcc.o(.text)
    RCC_SAIBlockACLKConfig                   0x08002d73   Thumb Code    20  stm32f4xx_rcc.o(.text)
    RCC_SAIBlockBCLKConfig                   0x08002d87   Thumb Code    20  stm32f4xx_rcc.o(.text)
    RCC_LTDCCLKDivConfig                     0x08002d9b   Thumb Code    20  stm32f4xx_rcc.o(.text)
    RCC_TIMCLKPresConfig                     0x08002daf   Thumb Code     6  stm32f4xx_rcc.o(.text)
    RCC_AHB1PeriphClockCmd                   0x08002db5   Thumb Code    34  stm32f4xx_rcc.o(.text)
    RCC_AHB2PeriphClockCmd                   0x08002dd7   Thumb Code    78  stm32f4xx_rcc.o(.text)
    RCC_AHB3PeriphClockCmd                   0x08002e25   Thumb Code    34  stm32f4xx_rcc.o(.text)
    RCC_APB1PeriphClockCmd                   0x08002e47   Thumb Code    34  stm32f4xx_rcc.o(.text)
    RCC_APB2PeriphClockCmd                   0x08002e69   Thumb Code    34  stm32f4xx_rcc.o(.text)
    RCC_AHB1PeriphResetCmd                   0x08002e8b   Thumb Code    34  stm32f4xx_rcc.o(.text)
    RCC_AHB2PeriphResetCmd                   0x08002ead   Thumb Code    34  stm32f4xx_rcc.o(.text)
    RCC_AHB3PeriphResetCmd                   0x08002ecf   Thumb Code    34  stm32f4xx_rcc.o(.text)
    RCC_APB1PeriphResetCmd                   0x08002ef1   Thumb Code    34  stm32f4xx_rcc.o(.text)
    RCC_APB2PeriphResetCmd                   0x08002f13   Thumb Code    34  stm32f4xx_rcc.o(.text)
    RCC_AHB1PeriphClockLPModeCmd             0x08002f35   Thumb Code    34  stm32f4xx_rcc.o(.text)
    RCC_AHB2PeriphClockLPModeCmd             0x08002f57   Thumb Code    34  stm32f4xx_rcc.o(.text)
    RCC_AHB3PeriphClockLPModeCmd             0x08002f79   Thumb Code    34  stm32f4xx_rcc.o(.text)
    RCC_APB1PeriphClockLPModeCmd             0x08002f9b   Thumb Code    34  stm32f4xx_rcc.o(.text)
    RCC_APB2PeriphClockLPModeCmd             0x08002fbd   Thumb Code    34  stm32f4xx_rcc.o(.text)
    RCC_LSEModeConfig                        0x08002fdf   Thumb Code    40  stm32f4xx_rcc.o(.text)
    RCC_ITConfig                             0x08003007   Thumb Code    34  stm32f4xx_rcc.o(.text)
    RCC_ClearFlag                            0x08003029   Thumb Code    18  stm32f4xx_rcc.o(.text)
    RCC_GetITStatus                          0x0800303b   Thumb Code    22  stm32f4xx_rcc.o(.text)
    RCC_ClearITPendingBit                    0x08003051   Thumb Code     8  stm32f4xx_rcc.o(.text)
    USART_DeInit                             0x0800305d   Thumb Code   206  stm32f4xx_usart.o(.text)
    USART_Init                               0x0800312b   Thumb Code   204  stm32f4xx_usart.o(.text)
    USART_StructInit                         0x080031f7   Thumb Code    24  stm32f4xx_usart.o(.text)
    USART_ClockInit                          0x0800320f   Thumb Code    32  stm32f4xx_usart.o(.text)
    USART_ClockStructInit                    0x0800322f   Thumb Code    12  stm32f4xx_usart.o(.text)
    USART_Cmd                                0x0800323b   Thumb Code    24  stm32f4xx_usart.o(.text)
    USART_SetPrescaler                       0x08003253   Thumb Code    16  stm32f4xx_usart.o(.text)
    USART_OverSampling8Cmd                   0x08003263   Thumb Code    22  stm32f4xx_usart.o(.text)
    USART_OneBitMethodCmd                    0x08003279   Thumb Code    24  stm32f4xx_usart.o(.text)
    USART_SendData                           0x08003291   Thumb Code     8  stm32f4xx_usart.o(.text)
    USART_ReceiveData                        0x08003299   Thumb Code    10  stm32f4xx_usart.o(.text)
    USART_SetAddress                         0x080032a3   Thumb Code    18  stm32f4xx_usart.o(.text)
    USART_ReceiverWakeUpCmd                  0x080032b5   Thumb Code    24  stm32f4xx_usart.o(.text)
    USART_WakeUpConfig                       0x080032cd   Thumb Code    18  stm32f4xx_usart.o(.text)
    USART_LINBreakDetectLengthConfig         0x080032df   Thumb Code    18  stm32f4xx_usart.o(.text)
    USART_LINCmd                             0x080032f1   Thumb Code    24  stm32f4xx_usart.o(.text)
    USART_SendBreak                          0x08003309   Thumb Code    10  stm32f4xx_usart.o(.text)
    USART_HalfDuplexCmd                      0x08003313   Thumb Code    24  stm32f4xx_usart.o(.text)
    USART_SetGuardTime                       0x0800332b   Thumb Code    16  stm32f4xx_usart.o(.text)
    USART_SmartCardCmd                       0x0800333b   Thumb Code    24  stm32f4xx_usart.o(.text)
    USART_SmartCardNACKCmd                   0x08003353   Thumb Code    24  stm32f4xx_usart.o(.text)
    USART_IrDAConfig                         0x0800336b   Thumb Code    18  stm32f4xx_usart.o(.text)
    USART_IrDACmd                            0x0800337d   Thumb Code    24  stm32f4xx_usart.o(.text)
    USART_DMACmd                             0x08003395   Thumb Code    18  stm32f4xx_usart.o(.text)
    USART_ITConfig                           0x080033a7   Thumb Code    74  stm32f4xx_usart.o(.text)
    USART_GetFlagStatus                      0x080033f1   Thumb Code    26  stm32f4xx_usart.o(.text)
    USART_ClearFlag                          0x0800340b   Thumb Code    18  stm32f4xx_usart.o(.text)
    USART_GetITStatus                        0x0800341d   Thumb Code   118  stm32f4xx_usart.o(.text)
    USART_ClearITPendingBit                  0x08003493   Thumb Code    30  stm32f4xx_usart.o(.text)
    CAN_DeInit                               0x080034b1   Thumb Code    50  stm32f4xx_can.o(.text)
    CAN_Init                                 0x080034e3   Thumb Code   276  stm32f4xx_can.o(.text)
    CAN_FilterInit                           0x080035f7   Thumb Code   258  stm32f4xx_can.o(.text)
    CAN_StructInit                           0x080036f9   Thumb Code    32  stm32f4xx_can.o(.text)
    CAN_SlaveStartBank                       0x08003719   Thumb Code    48  stm32f4xx_can.o(.text)
    CAN_DBGFreeze                            0x08003749   Thumb Code    22  stm32f4xx_can.o(.text)
    CAN_TTComModeCmd                         0x0800375f   Thumb Code   118  stm32f4xx_can.o(.text)
    CAN_Transmit                             0x080037d5   Thumb Code   304  stm32f4xx_can.o(.text)
    CAN_TransmitStatus                       0x08003905   Thumb Code   138  stm32f4xx_can.o(.text)
    CAN_CancelTransmit                       0x0800398f   Thumb Code    48  stm32f4xx_can.o(.text)
    CAN_Receive                              0x080039bf   Thumb Code   240  stm32f4xx_can.o(.text)
    CAN_FIFORelease                          0x08003aaf   Thumb Code    22  stm32f4xx_can.o(.text)
    CAN_MessagePending                       0x08003ac5   Thumb Code    30  stm32f4xx_can.o(.text)
    CAN_OperatingModeRequest                 0x08003ae3   Thumb Code   162  stm32f4xx_can.o(.text)
    CAN_Sleep                                0x08003b85   Thumb Code    30  stm32f4xx_can.o(.text)
    CAN_WakeUp                               0x08003ba3   Thumb Code    48  stm32f4xx_can.o(.text)
    CAN_GetLastErrorCode                     0x08003bd3   Thumb Code    12  stm32f4xx_can.o(.text)
    CAN_GetReceiveErrorCounter               0x08003bdf   Thumb Code    10  stm32f4xx_can.o(.text)
    CAN_GetLSBTransmitErrorCounter           0x08003be9   Thumb Code    12  stm32f4xx_can.o(.text)
    CAN_ITConfig                             0x08003bf5   Thumb Code    18  stm32f4xx_can.o(.text)
    CAN_GetFlagStatus                        0x08003c07   Thumb Code   120  stm32f4xx_can.o(.text)
    CAN_ClearFlag                            0x08003c7f   Thumb Code    52  stm32f4xx_can.o(.text)
    CAN_GetITStatus                          0x08003cc5   Thumb Code   310  stm32f4xx_can.o(.text)
    CAN_ClearITPendingBit                    0x08003dfb   Thumb Code   162  stm32f4xx_can.o(.text)
    ADC_DeInit                               0x08003ea1   Thumb Code    22  stm32f4xx_adc.o(.text)
    ADC_Init                                 0x08003eb7   Thumb Code    74  stm32f4xx_adc.o(.text)
    ADC_StructInit                           0x08003f01   Thumb Code    20  stm32f4xx_adc.o(.text)
    ADC_CommonInit                           0x08003f15   Thumb Code    34  stm32f4xx_adc.o(.text)
    ADC_CommonStructInit                     0x08003f37   Thumb Code    12  stm32f4xx_adc.o(.text)
    ADC_Cmd                                  0x08003f43   Thumb Code    22  stm32f4xx_adc.o(.text)
    ADC_AnalogWatchdogCmd                    0x08003f59   Thumb Code    16  stm32f4xx_adc.o(.text)
    ADC_AnalogWatchdogThresholdsConfig       0x08003f69   Thumb Code     6  stm32f4xx_adc.o(.text)
    ADC_AnalogWatchdogSingleChannelConfig    0x08003f6f   Thumb Code    16  stm32f4xx_adc.o(.text)
    ADC_TempSensorVrefintCmd                 0x08003f7f   Thumb Code    34  stm32f4xx_adc.o(.text)
    ADC_VBATCmd                              0x08003fa1   Thumb Code    34  stm32f4xx_adc.o(.text)
    ADC_RegularChannelConfig                 0x08003fc3   Thumb Code   184  stm32f4xx_adc.o(.text)
    ADC_SoftwareStartConv                    0x0800407b   Thumb Code    10  stm32f4xx_adc.o(.text)
    ADC_GetSoftwareStartConvStatus           0x08004085   Thumb Code    20  stm32f4xx_adc.o(.text)
    ADC_EOCOnEachRegularChannelCmd           0x08004099   Thumb Code    22  stm32f4xx_adc.o(.text)
    ADC_ContinuousModeCmd                    0x080040af   Thumb Code    22  stm32f4xx_adc.o(.text)
    ADC_DiscModeChannelCountConfig           0x080040c5   Thumb Code    24  stm32f4xx_adc.o(.text)
    ADC_DiscModeCmd                          0x080040dd   Thumb Code    22  stm32f4xx_adc.o(.text)
    ADC_GetConversionValue                   0x080040f3   Thumb Code     8  stm32f4xx_adc.o(.text)
    ADC_GetMultiModeConversionValue          0x080040fb   Thumb Code     8  stm32f4xx_adc.o(.text)
    ADC_DMACmd                               0x08004103   Thumb Code    22  stm32f4xx_adc.o(.text)
    ADC_DMARequestAfterLastTransferCmd       0x08004119   Thumb Code    22  stm32f4xx_adc.o(.text)
    ADC_MultiModeDMARequestAfterLastTransferCmd 0x0800412f   Thumb Code    34  stm32f4xx_adc.o(.text)
    ADC_InjectedChannelConfig                0x08004151   Thumb Code   130  stm32f4xx_adc.o(.text)
    ADC_InjectedSequencerLengthConfig        0x080041d3   Thumb Code    24  stm32f4xx_adc.o(.text)
    ADC_SetInjectedOffset                    0x080041eb   Thumb Code    20  stm32f4xx_adc.o(.text)
    ADC_ExternalTrigInjectedConvConfig       0x080041ff   Thumb Code    16  stm32f4xx_adc.o(.text)
    ADC_ExternalTrigInjectedConvEdgeConfig   0x0800420f   Thumb Code    16  stm32f4xx_adc.o(.text)
    ADC_SoftwareStartInjectedConv            0x0800421f   Thumb Code    10  stm32f4xx_adc.o(.text)
    ADC_GetSoftwareStartInjectedConvCmdStatus 0x08004229   Thumb Code    20  stm32f4xx_adc.o(.text)
    ADC_AutoInjectedConvCmd                  0x0800423d   Thumb Code    22  stm32f4xx_adc.o(.text)
    ADC_InjectedDiscModeCmd                  0x08004253   Thumb Code    22  stm32f4xx_adc.o(.text)
    ADC_GetInjectedConversionValue           0x08004269   Thumb Code    28  stm32f4xx_adc.o(.text)
    ADC_ITConfig                             0x08004285   Thumb Code    56  stm32f4xx_adc.o(.text)
    ADC_GetFlagStatus                        0x080042bd   Thumb Code    18  stm32f4xx_adc.o(.text)
    ADC_ClearFlag                            0x080042cf   Thumb Code     6  stm32f4xx_adc.o(.text)
    ADC_GetITStatus                          0x080042d5   Thumb Code    38  stm32f4xx_adc.o(.text)
    ADC_ClearITPendingBit                    0x080042fb   Thumb Code    10  stm32f4xx_adc.o(.text)
    DAC_DeInit                               0x08004305   Thumb Code    22  stm32f4xx_dac.o(.text)
    DAC_Init                                 0x0800431b   Thumb Code    46  stm32f4xx_dac.o(.text)
    DAC_StructInit                           0x08004349   Thumb Code    12  stm32f4xx_dac.o(.text)
    DAC_Cmd                                  0x08004355   Thumb Code    34  stm32f4xx_dac.o(.text)
    DAC_SoftwareTriggerCmd                   0x08004377   Thumb Code    48  stm32f4xx_dac.o(.text)
    DAC_DualSoftwareTriggerCmd               0x080043a7   Thumb Code    38  stm32f4xx_dac.o(.text)
    DAC_WaveGenerationCmd                    0x080043cd   Thumb Code    36  stm32f4xx_dac.o(.text)
    DAC_SetChannel1Data                      0x080043f1   Thumb Code    26  stm32f4xx_dac.o(.text)
    DAC_SetChannel2Data                      0x0800440b   Thumb Code    26  stm32f4xx_dac.o(.text)
    DAC_SetDualChannelData                   0x08004425   Thumb Code    32  stm32f4xx_dac.o(.text)
    DAC_GetDataOutputValue                   0x08004445   Thumb Code    32  stm32f4xx_dac.o(.text)
    DAC_DMACmd                               0x08004465   Thumb Code    38  stm32f4xx_dac.o(.text)
    DAC_ITConfig                             0x0800448b   Thumb Code    36  stm32f4xx_dac.o(.text)
    DAC_GetFlagStatus                        0x080044af   Thumb Code    28  stm32f4xx_dac.o(.text)
    DAC_ClearFlag                            0x080044cb   Thumb Code    12  stm32f4xx_dac.o(.text)
    DAC_GetITStatus                          0x080044d7   Thumb Code    44  stm32f4xx_dac.o(.text)
    DAC_ClearITPendingBit                    0x08004503   Thumb Code    12  stm32f4xx_dac.o(.text)
    TIM_DeInit                               0x08004515   Thumb Code   346  stm32f4xx_tim.o(.text)
    TIM_TimeBaseInit                         0x0800466f   Thumb Code   104  stm32f4xx_tim.o(.text)
    TIM_TimeBaseStructInit                   0x080046d7   Thumb Code    18  stm32f4xx_tim.o(.text)
    TIM_PrescalerConfig                      0x080046e9   Thumb Code     6  stm32f4xx_tim.o(.text)
    TIM_CounterModeConfig                    0x080046ef   Thumb Code    18  stm32f4xx_tim.o(.text)
    TIM_SetCounter                           0x08004701   Thumb Code     4  stm32f4xx_tim.o(.text)
    TIM_SetAutoreload                        0x08004705   Thumb Code     4  stm32f4xx_tim.o(.text)
    TIM_GetCounter                           0x08004709   Thumb Code     6  stm32f4xx_tim.o(.text)
    TIM_GetPrescaler                         0x0800470f   Thumb Code     6  stm32f4xx_tim.o(.text)
    TIM_UpdateDisableConfig                  0x08004715   Thumb Code    24  stm32f4xx_tim.o(.text)
    TIM_UpdateRequestConfig                  0x0800472d   Thumb Code    24  stm32f4xx_tim.o(.text)
    TIM_ARRPreloadConfig                     0x08004745   Thumb Code    24  stm32f4xx_tim.o(.text)
    TIM_SelectOnePulseMode                   0x0800475d   Thumb Code    18  stm32f4xx_tim.o(.text)
    TIM_SetClockDivision                     0x0800476f   Thumb Code    18  stm32f4xx_tim.o(.text)
    TIM_Cmd                                  0x08004781   Thumb Code    24  stm32f4xx_tim.o(.text)
    TIM_OC1Init                              0x08004799   Thumb Code   114  stm32f4xx_tim.o(.text)
    TIM_OC2Init                              0x0800480b   Thumb Code   154  stm32f4xx_tim.o(.text)
    TIM_OC3Init                              0x080048a5   Thumb Code   204  stm32f4xx_tim.o(.text)
    TIM_OC4Init                              0x08004971   Thumb Code   112  stm32f4xx_tim.o(.text)
    TIM_OCStructInit                         0x080049e1   Thumb Code    20  stm32f4xx_tim.o(.text)
    TIM_SelectOCxM                           0x080049f5   Thumb Code    86  stm32f4xx_tim.o(.text)
    TIM_SetCompare1                          0x08004a4b   Thumb Code     4  stm32f4xx_tim.o(.text)
    TIM_SetCompare2                          0x08004a4f   Thumb Code     4  stm32f4xx_tim.o(.text)
    TIM_SetCompare3                          0x08004a53   Thumb Code     4  stm32f4xx_tim.o(.text)
    TIM_SetCompare4                          0x08004a57   Thumb Code     4  stm32f4xx_tim.o(.text)
    TIM_ForcedOC1Config                      0x08004a5b   Thumb Code    18  stm32f4xx_tim.o(.text)
    TIM_ForcedOC2Config                      0x08004a6d   Thumb Code    26  stm32f4xx_tim.o(.text)
    TIM_ForcedOC3Config                      0x08004a87   Thumb Code    18  stm32f4xx_tim.o(.text)
    TIM_ForcedOC4Config                      0x08004a99   Thumb Code    26  stm32f4xx_tim.o(.text)
    TIM_OC1PreloadConfig                     0x08004ab3   Thumb Code    18  stm32f4xx_tim.o(.text)
    TIM_OC2PreloadConfig                     0x08004ac5   Thumb Code    26  stm32f4xx_tim.o(.text)
    TIM_OC3PreloadConfig                     0x08004adf   Thumb Code    18  stm32f4xx_tim.o(.text)
    TIM_OC4PreloadConfig                     0x08004af1   Thumb Code    26  stm32f4xx_tim.o(.text)
    TIM_OC1FastConfig                        0x08004b0b   Thumb Code    18  stm32f4xx_tim.o(.text)
    TIM_OC2FastConfig                        0x08004b1d   Thumb Code    26  stm32f4xx_tim.o(.text)
    TIM_OC3FastConfig                        0x08004b37   Thumb Code    18  stm32f4xx_tim.o(.text)
    TIM_OC4FastConfig                        0x08004b49   Thumb Code    26  stm32f4xx_tim.o(.text)
    TIM_ClearOC1Ref                          0x08004b63   Thumb Code    18  stm32f4xx_tim.o(.text)
    TIM_ClearOC2Ref                          0x08004b75   Thumb Code    24  stm32f4xx_tim.o(.text)
    TIM_ClearOC3Ref                          0x08004b8d   Thumb Code    18  stm32f4xx_tim.o(.text)
    TIM_ClearOC4Ref                          0x08004b9f   Thumb Code    24  stm32f4xx_tim.o(.text)
    TIM_OC1PolarityConfig                    0x08004bb7   Thumb Code    18  stm32f4xx_tim.o(.text)
    TIM_OC1NPolarityConfig                   0x08004bc9   Thumb Code    18  stm32f4xx_tim.o(.text)
    TIM_OC2PolarityConfig                    0x08004bdb   Thumb Code    26  stm32f4xx_tim.o(.text)
    TIM_OC2NPolarityConfig                   0x08004bf5   Thumb Code    26  stm32f4xx_tim.o(.text)
    TIM_OC3PolarityConfig                    0x08004c0f   Thumb Code    26  stm32f4xx_tim.o(.text)
    TIM_OC3NPolarityConfig                   0x08004c29   Thumb Code    26  stm32f4xx_tim.o(.text)
    TIM_OC4PolarityConfig                    0x08004c43   Thumb Code    26  stm32f4xx_tim.o(.text)
    TIM_CCxCmd                               0x08004c5d   Thumb Code    30  stm32f4xx_tim.o(.text)
    TIM_CCxNCmd                              0x08004c7b   Thumb Code    30  stm32f4xx_tim.o(.text)
    TIM_SetIC4Prescaler                      0x08004c99   Thumb Code    26  stm32f4xx_tim.o(.text)
    TIM_SetIC3Prescaler                      0x08004d03   Thumb Code    18  stm32f4xx_tim.o(.text)
    TIM_SetIC2Prescaler                      0x08004d5d   Thumb Code    26  stm32f4xx_tim.o(.text)
    TIM_SetIC1Prescaler                      0x08004dd1   Thumb Code    18  stm32f4xx_tim.o(.text)
    TIM_ICInit                               0x08004e1d   Thumb Code   110  stm32f4xx_tim.o(.text)
    TIM_ICStructInit                         0x08004e8b   Thumb Code    18  stm32f4xx_tim.o(.text)
    TIM_PWMIConfig                           0x08004e9d   Thumb Code   124  stm32f4xx_tim.o(.text)
    TIM_GetCapture1                          0x08004f19   Thumb Code     6  stm32f4xx_tim.o(.text)
    TIM_GetCapture2                          0x08004f1f   Thumb Code     6  stm32f4xx_tim.o(.text)
    TIM_GetCapture3                          0x08004f25   Thumb Code     6  stm32f4xx_tim.o(.text)
    TIM_GetCapture4                          0x08004f2b   Thumb Code     6  stm32f4xx_tim.o(.text)
    TIM_BDTRConfig                           0x08004f31   Thumb Code    32  stm32f4xx_tim.o(.text)
    TIM_BDTRStructInit                       0x08004f51   Thumb Code    18  stm32f4xx_tim.o(.text)
    TIM_CtrlPWMOutputs                       0x08004f63   Thumb Code    30  stm32f4xx_tim.o(.text)
    TIM_SelectCOM                            0x08004f81   Thumb Code    24  stm32f4xx_tim.o(.text)
    TIM_CCPreloadControl                     0x08004f99   Thumb Code    24  stm32f4xx_tim.o(.text)
    TIM_ITConfig                             0x08004fb1   Thumb Code    18  stm32f4xx_tim.o(.text)
    TIM_GenerateEvent                        0x08004fc3   Thumb Code     4  stm32f4xx_tim.o(.text)
    TIM_GetFlagStatus                        0x08004fc7   Thumb Code    18  stm32f4xx_tim.o(.text)
    TIM_ClearFlag                            0x08004fd9   Thumb Code     6  stm32f4xx_tim.o(.text)
    TIM_GetITStatus                          0x08004fdf   Thumb Code    34  stm32f4xx_tim.o(.text)
    TIM_ClearITPendingBit                    0x08005001   Thumb Code     6  stm32f4xx_tim.o(.text)
    TIM_DMAConfig                            0x08005007   Thumb Code    10  stm32f4xx_tim.o(.text)
    TIM_DMACmd                               0x08005011   Thumb Code    18  stm32f4xx_tim.o(.text)
    TIM_SelectCCDMA                          0x08005023   Thumb Code    24  stm32f4xx_tim.o(.text)
    TIM_InternalClockConfig                  0x0800503b   Thumb Code    12  stm32f4xx_tim.o(.text)
    TIM_SelectInputTrigger                   0x08005047   Thumb Code    18  stm32f4xx_tim.o(.text)
    TIM_ITRxExternalClockConfig              0x08005059   Thumb Code    24  stm32f4xx_tim.o(.text)
    TIM_TIxExternalClockConfig               0x08005071   Thumb Code    62  stm32f4xx_tim.o(.text)
    TIM_ETRConfig                            0x080050af   Thumb Code    28  stm32f4xx_tim.o(.text)
    TIM_ETRClockMode1Config                  0x080050cb   Thumb Code    54  stm32f4xx_tim.o(.text)
    TIM_ETRClockMode2Config                  0x08005101   Thumb Code    32  stm32f4xx_tim.o(.text)
    TIM_SelectOutputTrigger                  0x08005121   Thumb Code    18  stm32f4xx_tim.o(.text)
    TIM_SelectSlaveMode                      0x08005133   Thumb Code    18  stm32f4xx_tim.o(.text)
    TIM_SelectMasterSlaveMode                0x08005145   Thumb Code    18  stm32f4xx_tim.o(.text)
    TIM_EncoderInterfaceConfig               0x08005157   Thumb Code    66  stm32f4xx_tim.o(.text)
    TIM_SelectHallSensor                     0x08005199   Thumb Code    24  stm32f4xx_tim.o(.text)
    TIM_RemapConfig                          0x080051b1   Thumb Code     6  stm32f4xx_tim.o(.text)
    arm_mat_add_f32                          0x080051b7   Thumb Code   264  arm_mat_add_f32.o(.text)
    arm_mat_init_f32                         0x080052bf   Thumb Code     8  arm_mat_init_f32.o(.text)
    arm_mat_mult_f32                         0x080052c9   Thumb Code   312  arm_mat_mult_f32.o(.text)
    arm_mat_sub_f32                          0x08005405   Thumb Code   264  arm_mat_sub_f32.o(.text)
    __use_no_semihosting                     0x0800550d   Thumb Code     2  use_no_semi_2.o(.text)
    __use_two_region_memory                  0x0800550f   Thumb Code     2  heapauxi.o(.text)
    __rt_heap_escrow$2region                 0x08005511   Thumb Code     2  heapauxi.o(.text)
    __rt_heap_expand$2region                 0x08005513   Thumb Code     2  heapauxi.o(.text)
    __I$use$semihosting                      0x08005515   Thumb Code     0  use_no_semi.o(.text)
    __use_no_semihosting_swi                 0x08005515   Thumb Code     2  use_no_semi.o(.text)
    __user_setup_stackheap                   0x08005517   Thumb Code    74  sys_stackheap_outer.o(.text)
    _fp_trap                                 0x08005561   Thumb Code    44  _fptrap.o(.text)
    exit                                     0x08005591   Thumb Code    18  exit.o(.text)
    __user_libspace                          0x080055a5   Thumb Code     8  libspace.o(.text)
    __user_perproc_libspace                  0x080055a5   Thumb Code     0  libspace.o(.text)
    __user_perthread_libspace                0x080055a5   Thumb Code     0  libspace.o(.text)
    __rt_SIGFPE                              0x080055ad   Thumb Code    14  defsig_fpe_outer.o(.text)
    __sig_exit                               0x080055bb   Thumb Code    10  defsig_exit.o(.text)
    __rt_SIGFPE_inner                        0x080055c5   Thumb Code    62  defsig_fpe_inner.o(.text)
    __default_signal_display                 0x08005671   Thumb Code    50  defsig_general.o(.text)
    __hardfp_fabs                            0x080056a3   Thumb Code    20  fabs.o(i.__hardfp_fabs)
    __aeabi_ddiv                             0x080056b9   Thumb Code     0  ddiv_clz.o(x$fpl$ddiv)
    _ddiv                                    0x080056b9   Thumb Code   748  ddiv_clz.o(x$fpl$ddiv)
    __aeabi_d2uiz                            0x08005a35   Thumb Code     0  dfixu.o(x$fpl$dfixu)
    _dfixu                                   0x08005a35   Thumb Code   212  dfixu.o(x$fpl$dfixu)
    __dflt_normalise                         0x08005b11   Thumb Code    26  dflt_clz.o(x$fpl$dfltn)
    __aeabi_dmul                             0x08005b2d   Thumb Code     0  dmul_clz.o(x$fpl$dmul)
    _dmul                                    0x08005b2d   Thumb Code   440  dmul_clz.o(x$fpl$dmul)
    __fpl_dnaninf                            0x08005ced   Thumb Code   258  dnaninf.o(x$fpl$dnaninf)
    __fpl_drenorm2                           0x08005def   Thumb Code   106  drenorm_clz.o(x$fpl$drenorm)
    __fpl_drenorm1                           0x08005e59   Thumb Code     6  drenorm_clz.o(x$fpl$drenorm)
    __fpl_dretinf                            0x08005e5f   Thumb Code    12  dretinf.o(x$fpl$dretinf)
    __dunder                                 0x08005e6b   Thumb Code   314  dunder_clz.o(x$fpl$dunder)
    __dunder_d                               0x08005fa5   Thumb Code    64  dunder_clz.o(x$fpl$dunder)
    __fpl_exception                          0x08005fe5   Thumb Code   454  except.o(x$fpl$exception)
    __aeabi_f2d                              0x080061d1   Thumb Code     0  f2d.o(x$fpl$f2d)
    _f2d                                     0x080061d1   Thumb Code   122  f2d.o(x$fpl$f2d)
    __fpl_fnaninf                            0x0800624b   Thumb Code   242  fnaninf.o(x$fpl$fnaninf)
    _fp_init                                 0x0800633d   Thumb Code    10  fpinit.o(x$fpl$fpinit)
    __fplib_config_fpu_vfp                   0x08006345   Thumb Code     0  fpinit.o(x$fpl$fpinit)
    __fplib_config_pureend_doubles           0x08006345   Thumb Code     0  fpinit.o(x$fpl$fpinit)
    __funder                                 0x08006347   Thumb Code   254  funder_clz.o(x$fpl$funder)
    __funder_d                               0x08006445   Thumb Code    62  funder_clz.o(x$fpl$funder)
    __fpl_return_NaN                         0x08006483   Thumb Code   178  retnan.o(x$fpl$retnan)
    _fp_trapveneer                           0x08006535   Thumb Code    36  trapv.o(x$fpl$trapveneer)
    __fpl_cmpreturn                          0x08006559   Thumb Code    90  trapv.o(x$fpl$trapveneer)
    __I$use$fp                               0x080065b2   Number         0  usenofp.o(x$fpl$usenofp)
    CAN_baud_table                           0x080065b4   Data         360  can.o(.constdata)
    ENC_CNT_MAX                              0x0800671c   Data           4  servo.o(.constdata)
    Region$$Table$$Base                      0x08006720   Number         0  anon$$obj.o(Region$$Table)
    Region$$Table$$Limit                     0x08006740   Number         0  anon$$obj.o(Region$$Table)
    test_encoder_overflow_count              0x20000000   Data           4  main.o(.data)
    hardware_id                              0x20000004   Data           8  main.o(.data)
    current_Kp                               0x2000000c   Data           4  main.o(.data)
    current_Ki                               0x20000010   Data           4  main.o(.data)
    current_Kd                               0x20000014   Data           4  main.o(.data)
    speed_Kp                                 0x20000018   Data           4  main.o(.data)
    speed_Ki                                 0x2000001c   Data           4  main.o(.data)
    speed_Kd                                 0x20000020   Data           4  main.o(.data)
    position_Kp                              0x20000024   Data           4  main.o(.data)
    position_Ki                              0x20000028   Data           4  main.o(.data)
    position_Kd                              0x2000002c   Data           4  main.o(.data)
    time_PID_delta_ms                        0x20000030   Data           4  main.o(.data)
    time_UpToDown_delta_ms                   0x20000034   Data           4  main.o(.data)
    num_pos_PID_count                        0x20000038   Data           4  main.o(.data)
    num_spd_PID_count                        0x2000003c   Data           4  main.o(.data)
    num_cur_PID_count                        0x20000040   Data           4  main.o(.data)
    speed_send                               0x20000044   Data           2  main.o(.data)
    speed_send_sym                           0x20000046   Data           1  main.o(.data)
    position_send                            0x20000047   Data           3  main.o(.data)
    position_send_sym                        0x2000004a   Data           1  main.o(.data)
    temperature                              0x2000004b   Data           2  main.o(.data)
    current                                  0x2000004d   Data           2  main.o(.data)
    current_send_sym                         0x2000004f   Data           1  main.o(.data)
    acceleration_1                           0x20000050   Data           2  main.o(.data)
    acceleration_2                           0x20000052   Data           2  main.o(.data)
    acceleration_3                           0x20000054   Data           2  main.o(.data)
    angular_speed_1                          0x20000056   Data           2  main.o(.data)
    angular_speed_2                          0x20000058   Data           2  main.o(.data)
    angular_speed_3                          0x2000005a   Data           2  main.o(.data)
    rpy_angle_r                              0x2000005c   Data           2  main.o(.data)
    rpy_angle_p                              0x2000005e   Data           2  main.o(.data)
    rpy_angle_y                              0x20000060   Data           2  main.o(.data)
    speed_actual                             0x20000064   Data           4  main.o(.data)
    position_actual                          0x20000068   Data           4  main.o(.data)
    current_actual                           0x2000006c   Data           4  main.o(.data)
    _position                                0x20000070   Data           4  main.o(.data)
    _speed                                   0x20000074   Data           4  main.o(.data)
    _current                                 0x20000078   Data           4  main.o(.data)
    speed_control                            0x2000007c   Data           8  main.o(.data)
    current_control                          0x20000084   Data           8  main.o(.data)
    position_control                         0x2000008c   Data           8  main.o(.data)
    encoder_overflow_count                   0x20000094   Data           4  main.o(.data)
    mode                                     0x20000098   Data           1  main.o(.data)
    iii_t                                    0x2000009c   Data           4  main.o(.data)
    SystemCoreClock                          0x200000a0   Data           4  system_stm32f4xx.o(.data)
    AHBPrescTable                            0x200000a4   Data          16  system_stm32f4xx.o(.data)
    CanStdId                                 0x200000b4   Data           2  can.o(.data)
    CanFilterIdHigh                          0x200000b6   Data           2  can.o(.data)
    CanFilterIdLow                           0x200000b8   Data           2  can.o(.data)
    CanFilterMask                            0x200000ba   Data           2  can.o(.data)
    CanFilterMaskIdHigh                      0x200000bc   Data           2  can.o(.data)
    CanFilterMaskIdLow                       0x200000be   Data           2  can.o(.data)
    CAN1_data                                0x200000c0   Data           8  can.o(.data)
    can1_rec_flag                            0x200000c8   Data           1  can.o(.data)
    CAN2_data                                0x200000c9   Data           8  can.o(.data)
    can2_rec_flag                            0x200000d1   Data           1  can.o(.data)
    current_output_DAC                       0x200000d4   Data           4  servo.o(.data)
    my_if_clockwise_test                     0x200000d8   Data           4  servo.o(.data)
    speed_output                             0x200000dc   Data           8  servo.o(.data)
    current_output                           0x200000e4   Data           8  servo.o(.data)
    clear_PID_buf_cnt                        0x200000ec   Data           4  servo.o(.data)
    speed_change                             0x200000f0   Data           4  servo.o(.data)
    current_change                           0x200000f4   Data           4  servo.o(.data)
    position_output                          0x200000f8   Data           8  servo.o(.data)
    position_demand                          0x20000100   Data           4  servo.o(.data)
    i_enc_cnt                                0x20000104   Data           4  servo.o(.data)
    delta_pos                                0x20000108   Data           4  servo.o(.data)
    original_absolute_position               0x2000010c   Data           4  servo.o(.data)
    speed_raw                                0x20000110   Data           4  servo.o(.data)
    position_raw                             0x20000114   Data           4  servo.o(.data)
    delta_count_tmp                          0x20000118   Data           4  servo.o(.data)
    current_measure                          0x2000011c   Data           4  servo.o(.data)
    ADCConvertedValue                        0x20000120   Data           4  servo.o(.data)
    current_raw                              0x20000124   Data           4  servo.o(.data)
    i_pid_cur                                0x20000128   Data           4  servo.o(.data)
    current_bias_max                         0x2000012c   Data           4  servo.o(.data)
    current_demand                           0x20000130   Data           4  servo.o(.data)
    i_pid_spd                                0x20000134   Data           4  servo.o(.data)
    speed_bias_max                           0x20000138   Data           4  servo.o(.data)
    speed_demand                             0x2000013c   Data           4  servo.o(.data)
    i_pid_pos                                0x20000140   Data           4  servo.o(.data)
    position_ignore_delta                    0x20000144   Data           4  servo.o(.data)
    position_bias_max                        0x20000148   Data           4  servo.o(.data)
    Q_init                                   0x2000014c   Data           4  kalman.o(.data)
    R_init                                   0x20000150   Data           4  kalman.o(.data)
    zk_init                                  0x20000154   Data           4  kalman.o(.data)
    H_init                                   0x20000158   Data           8  kalman.o(.data)
    HT_init                                  0x20000160   Data           8  kalman.o(.data)
    A_init                                   0x20000168   Data          16  kalman.o(.data)
    AT_init                                  0x20000178   Data          16  kalman.o(.data)
    eye_2_init                               0x20000188   Data          16  kalman.o(.data)
    Pk__init                                 0x20000198   Data          16  kalman.o(.data)
    Pk_init                                  0x200001a8   Data          16  kalman.o(.data)
    Pkk_init                                 0x200001b8   Data          16  kalman.o(.data)
    zeros_2_init                             0x200001c8   Data           8  kalman.o(.data)
    xk__init                                 0x200001d0   Data           8  kalman.o(.data)
    xk_init                                  0x200001d8   Data           8  kalman.o(.data)
    K_init                                   0x200001e0   Data           8  kalman.o(.data)
    xkk_init                                 0x200001e8   Data           8  kalman.o(.data)
    temp_1x1_0_init                          0x200001f0   Data           4  kalman.o(.data)
    temp_1x1_1_init                          0x200001f4   Data           4  kalman.o(.data)
    temp_1x1_2_init                          0x200001f8   Data           4  kalman.o(.data)
    temp_1x1_3_init                          0x200001fc   Data           4  kalman.o(.data)
    temp_1x1_4_init                          0x20000200   Data           4  kalman.o(.data)
    temp_1x1_5_init                          0x20000204   Data           4  kalman.o(.data)
    temp_2x1_0_init                          0x20000208   Data           8  kalman.o(.data)
    temp_2x1_1_init                          0x20000210   Data           8  kalman.o(.data)
    temp_2x1_2_init                          0x20000218   Data           8  kalman.o(.data)
    temp_2x1_3_init                          0x20000220   Data           8  kalman.o(.data)
    temp_2x1_4_init                          0x20000228   Data           8  kalman.o(.data)
    temp_2x1_5_init                          0x20000230   Data           8  kalman.o(.data)
    temp_1x2_0_init                          0x20000238   Data           8  kalman.o(.data)
    temp_1x2_1_init                          0x20000240   Data           8  kalman.o(.data)
    temp_1x2_2_init                          0x20000248   Data           8  kalman.o(.data)
    temp_1x2_3_init                          0x20000250   Data           8  kalman.o(.data)
    temp_1x2_4_init                          0x20000258   Data           8  kalman.o(.data)
    temp_1x2_5_init                          0x20000260   Data           8  kalman.o(.data)
    Pk_                                      0x20000268   Data           8  kalman.o(.data)
    xk_                                      0x20000270   Data           8  kalman.o(.data)
    xk                                       0x20000278   Data           8  kalman.o(.data)
    xkk                                      0x20000280   Data           8  kalman.o(.data)
    Pkk                                      0x20000288   Data           8  kalman.o(.data)
    A                                        0x20000290   Data           8  kalman.o(.data)
    AT                                       0x20000298   Data           8  kalman.o(.data)
    H                                        0x200002a0   Data           8  kalman.o(.data)
    HT                                       0x200002a8   Data           8  kalman.o(.data)
    K                                        0x200002b0   Data           8  kalman.o(.data)
    zk                                       0x200002b8   Data           8  kalman.o(.data)
    Pk                                       0x200002c0   Data           8  kalman.o(.data)
    Q                                        0x200002c8   Data           8  kalman.o(.data)
    R                                        0x200002d0   Data           8  kalman.o(.data)
    eye_2                                    0x200002d8   Data           8  kalman.o(.data)
    temp_1x1_0                               0x200002e0   Data           8  kalman.o(.data)
    temp_1x1_1                               0x200002e8   Data           8  kalman.o(.data)
    temp_1x1_2                               0x200002f0   Data           8  kalman.o(.data)
    temp_1x1_3                               0x200002f8   Data           8  kalman.o(.data)
    temp_1x1_4                               0x20000300   Data           8  kalman.o(.data)
    temp_1x1_5                               0x20000308   Data           8  kalman.o(.data)
    temp_2x1_0                               0x20000310   Data           8  kalman.o(.data)
    temp_2x1_1                               0x20000318   Data           8  kalman.o(.data)
    temp_2x1_2                               0x20000320   Data           8  kalman.o(.data)
    temp_2x1_3                               0x20000328   Data           8  kalman.o(.data)
    temp_2x1_4                               0x20000330   Data           8  kalman.o(.data)
    temp_2x1_5                               0x20000338   Data           8  kalman.o(.data)
    temp_1x2_0                               0x20000340   Data           8  kalman.o(.data)
    temp_1x2_1                               0x20000348   Data           8  kalman.o(.data)
    temp_1x2_2                               0x20000350   Data           8  kalman.o(.data)
    temp_1x2_3                               0x20000358   Data           8  kalman.o(.data)
    temp_1x2_4                               0x20000360   Data           8  kalman.o(.data)
    temp_1x2_5                               0x20000368   Data           8  kalman.o(.data)
    temp_2x2_0                               0x20000370   Data           8  kalman.o(.data)
    temp_2x2_1                               0x20000378   Data           8  kalman.o(.data)
    temp_2x2_2                               0x20000380   Data           8  kalman.o(.data)
    temp_2x2_3                               0x20000388   Data           8  kalman.o(.data)
    temp_2x2_4                               0x20000390   Data           8  kalman.o(.data)
    temp_2x2_5                               0x20000398   Data           8  kalman.o(.data)
    current_xk_                              0x200003a0   Data           4  kalman.o(.data)
    current_A                                0x200003a4   Data           4  kalman.o(.data)
    current_xkk                              0x200003a8   Data           4  kalman.o(.data)
    current_zk                               0x200003ac   Data           4  kalman.o(.data)
    current_xk                               0x200003b0   Data           4  kalman.o(.data)
    current_H                                0x200003b4   Data           4  kalman.o(.data)
    __stdout                                 0x200003bc   Data           4  usart.o(.data)
    USART_RX_STA                             0x200003c0   Data           2  usart.o(.data)
    ADC_InitStructure                        0x200003d4   Data          24  main.o(.bss)
    TIM_TimeBaseStructure                    0x200003ec   Data          12  main.o(.bss)
    TIM_OCInitStructure                      0x200003f8   Data          20  main.o(.bss)
    TIM_ICInitStructure                      0x2000040c   Data          10  main.o(.bss)
    pos_coeff                                0x20000418   Data          16  main.o(.bss)
    speed_coeff                              0x20000428   Data          12  main.o(.bss)
    OD                                       0x20000434   Data          28  main.o(.bss)
    pos_read_before                          0x20000450   Data          96  main.o(.bss)
    position_bias                            0x200004b0   Data          48  servo.o(.bss)
    speed_bias                               0x200004e0   Data          48  servo.o(.bss)
    current_bias                             0x20000510   Data          48  servo.o(.bss)
    current_PID_x                            0x20000540   Data          12  servo.o(.bss)
    speed_PID_x                              0x2000054c   Data          12  servo.o(.bss)
    position_PID_x                           0x20000558   Data          12  servo.o(.bss)
    pos_count_last                           0x20000564   Data          96  servo.o(.bss)
    pos_before                               0x200005c4   Data          96  servo.o(.bss)
    temp_2x2_0_init                          0x20000624   Data          16  kalman.o(.bss)
    temp_2x2_1_init                          0x20000634   Data          16  kalman.o(.bss)
    temp_2x2_2_init                          0x20000644   Data          16  kalman.o(.bss)
    temp_2x2_3_init                          0x20000654   Data          16  kalman.o(.bss)
    temp_2x2_4_init                          0x20000664   Data          16  kalman.o(.bss)
    temp_2x2_5_init                          0x20000674   Data          16  kalman.o(.bss)
    USART_RX_BUF                             0x20000684   Data         200  usart.o(.bss)
    __libspace_start                         0x2000074c   Data          96  libspace.o(.bss)
    __temporary_stack_top$libspace           0x200007ac   Data           0  libspace.o(.bss)



==============================================================================

Memory Map of the image

  Image Entry point : 0x08000189

  Load Region LR_IROM1 (Base: 0x08000000, Size: 0x00006b14, Max: 0x00080000, ABSOLUTE, COMPRESSED[0x000067d8])

    Execution Region ER_IROM1 (Base: 0x08000000, Size: 0x00006740, Max: 0x00080000, ABSOLUTE)

    Base Addr    Size         Type   Attr      Idx    E Section Name        Object

    0x08000000   0x00000188   Data   RO          439    RESET               startup_stm32f40_41xxx.o
    0x08000188   0x00000008   Code   RO         1145  * !!!main             c_w.l(__main.o)
    0x08000190   0x00000034   Code   RO         1349    !!!scatter          c_w.l(__scatter.o)
    0x080001c4   0x0000005a   Code   RO         1347    !!dczerorl2         c_w.l(__dczerorl2.o)
    0x0800021e   0x00000002   PAD
    0x08000220   0x0000001c   Code   RO         1351    !!handler_zi        c_w.l(__scatter_zi.o)
    0x0800023c   0x00000002   Code   RO         1219    .ARM.Collect$$libinit$$00000000  c_w.l(libinit.o)
    0x0800023e   0x00000004   Code   RO         1229    .ARM.Collect$$libinit$$00000001  c_w.l(libinit2.o)
    0x08000242   0x00000000   Code   RO         1232    .ARM.Collect$$libinit$$00000004  c_w.l(libinit2.o)
    0x08000242   0x00000000   Code   RO         1235    .ARM.Collect$$libinit$$0000000A  c_w.l(libinit2.o)
    0x08000242   0x00000000   Code   RO         1237    .ARM.Collect$$libinit$$0000000C  c_w.l(libinit2.o)
    0x08000242   0x00000000   Code   RO         1239    .ARM.Collect$$libinit$$0000000E  c_w.l(libinit2.o)
    0x08000242   0x00000000   Code   RO         1242    .ARM.Collect$$libinit$$00000011  c_w.l(libinit2.o)
    0x08000242   0x00000000   Code   RO         1244    .ARM.Collect$$libinit$$00000013  c_w.l(libinit2.o)
    0x08000242   0x00000000   Code   RO         1246    .ARM.Collect$$libinit$$00000015  c_w.l(libinit2.o)
    0x08000242   0x00000000   Code   RO         1248    .ARM.Collect$$libinit$$00000017  c_w.l(libinit2.o)
    0x08000242   0x00000000   Code   RO         1250    .ARM.Collect$$libinit$$00000019  c_w.l(libinit2.o)
    0x08000242   0x00000000   Code   RO         1252    .ARM.Collect$$libinit$$0000001B  c_w.l(libinit2.o)
    0x08000242   0x00000000   Code   RO         1254    .ARM.Collect$$libinit$$0000001D  c_w.l(libinit2.o)
    0x08000242   0x00000000   Code   RO         1256    .ARM.Collect$$libinit$$0000001F  c_w.l(libinit2.o)
    0x08000242   0x00000000   Code   RO         1258    .ARM.Collect$$libinit$$00000021  c_w.l(libinit2.o)
    0x08000242   0x00000000   Code   RO         1260    .ARM.Collect$$libinit$$00000023  c_w.l(libinit2.o)
    0x08000242   0x00000000   Code   RO         1262    .ARM.Collect$$libinit$$00000025  c_w.l(libinit2.o)
    0x08000242   0x00000000   Code   RO         1266    .ARM.Collect$$libinit$$0000002C  c_w.l(libinit2.o)
    0x08000242   0x00000000   Code   RO         1268    .ARM.Collect$$libinit$$0000002E  c_w.l(libinit2.o)
    0x08000242   0x00000000   Code   RO         1270    .ARM.Collect$$libinit$$00000030  c_w.l(libinit2.o)
    0x08000242   0x00000000   Code   RO         1272    .ARM.Collect$$libinit$$00000032  c_w.l(libinit2.o)
    0x08000242   0x00000002   Code   RO         1273    .ARM.Collect$$libinit$$00000033  c_w.l(libinit2.o)
    0x08000244   0x00000002   Code   RO         1301    .ARM.Collect$$libshutdown$$00000000  c_w.l(libshutdown.o)
    0x08000246   0x00000000   Code   RO         1313    .ARM.Collect$$libshutdown$$00000002  c_w.l(libshutdown2.o)
    0x08000246   0x00000000   Code   RO         1315    .ARM.Collect$$libshutdown$$00000004  c_w.l(libshutdown2.o)
    0x08000246   0x00000000   Code   RO         1318    .ARM.Collect$$libshutdown$$00000007  c_w.l(libshutdown2.o)
    0x08000246   0x00000000   Code   RO         1321    .ARM.Collect$$libshutdown$$0000000A  c_w.l(libshutdown2.o)
    0x08000246   0x00000000   Code   RO         1323    .ARM.Collect$$libshutdown$$0000000C  c_w.l(libshutdown2.o)
    0x08000246   0x00000000   Code   RO         1326    .ARM.Collect$$libshutdown$$0000000F  c_w.l(libshutdown2.o)
    0x08000246   0x00000002   Code   RO         1327    .ARM.Collect$$libshutdown$$00000010  c_w.l(libshutdown2.o)
    0x08000248   0x00000000   Code   RO         1167    .ARM.Collect$$rtentry$$00000000  c_w.l(__rtentry.o)
    0x08000248   0x00000000   Code   RO         1188    .ARM.Collect$$rtentry$$00000002  c_w.l(__rtentry2.o)
    0x08000248   0x00000006   Code   RO         1200    .ARM.Collect$$rtentry$$00000004  c_w.l(__rtentry4.o)
    0x0800024e   0x00000000   Code   RO         1190    .ARM.Collect$$rtentry$$00000009  c_w.l(__rtentry2.o)
    0x0800024e   0x00000004   Code   RO         1191    .ARM.Collect$$rtentry$$0000000A  c_w.l(__rtentry2.o)
    0x08000252   0x00000000   Code   RO         1193    .ARM.Collect$$rtentry$$0000000C  c_w.l(__rtentry2.o)
    0x08000252   0x00000008   Code   RO         1194    .ARM.Collect$$rtentry$$0000000D  c_w.l(__rtentry2.o)
    0x0800025a   0x00000002   Code   RO         1223    .ARM.Collect$$rtexit$$00000000  c_w.l(rtexit.o)
    0x0800025c   0x00000000   Code   RO         1275    .ARM.Collect$$rtexit$$00000002  c_w.l(rtexit2.o)
    0x0800025c   0x00000004   Code   RO         1276    .ARM.Collect$$rtexit$$00000003  c_w.l(rtexit2.o)
    0x08000260   0x00000006   Code   RO         1277    .ARM.Collect$$rtexit$$00000004  c_w.l(rtexit2.o)
    0x08000266   0x00000002   PAD
    0x08000268   0x00000234   Code   RO            2    .text               main.o
    0x0800049c   0x000000a0   Code   RO          181    .text               stm32f4xx_it.o
    0x0800053c   0x00000210   Code   RO          201    .text               system_stm32f4xx.o
    0x0800074c   0x00000060   Code   RO          223    .text               nvic.o
    0x080007ac   0x00000038   Code   RO          279    .text               led.o
    0x080007e4   0x00000c98   Code   RO          295    .text               can.o
    0x0800147c   0x000000d0   Code   RO          319    .text               enc.o
    0x0800154c   0x00000a7c   Code   RO          336    .text               servo.o
    0x08001fc8   0x0000042c   Code   RO          361    .text               kalman.o
    0x080023f4   0x00000104   Code   RO          383    .text               delay.o
    0x080024f8   0x00000154   Code   RO          411    .text               usart.o
    0x0800264c   0x00000040   Code   RO          440    .text               startup_stm32f40_41xxx.o
    0x0800268c   0x000000e0   Code   RO          445    .text               misc.o
    0x0800276c   0x00000294   Code   RO          461    .text               stm32f4xx_gpio.o
    0x08002a00   0x0000065c   Code   RO          496    .text               stm32f4xx_rcc.o
    0x0800305c   0x00000454   Code   RO          530    .text               stm32f4xx_usart.o
    0x080034b0   0x000009f0   Code   RO          546    .text               stm32f4xx_can.o
    0x08003ea0   0x00000464   Code   RO          562    .text               stm32f4xx_adc.o
    0x08004304   0x00000210   Code   RO          658    .text               stm32f4xx_dac.o
    0x08004514   0x00000ca2   Code   RO          990    .text               stm32f4xx_tim.o
    0x080051b6   0x00000108   Code   RO         1024    .text               arm_cortexM4lf_math.lib(arm_mat_add_f32.o)
    0x080052be   0x00000008   Code   RO         1070    .text               arm_cortexM4lf_math.lib(arm_mat_init_f32.o)
    0x080052c6   0x00000002   PAD
    0x080052c8   0x0000013c   Code   RO         1094    .text               arm_cortexM4lf_math.lib(arm_mat_mult_f32.o)
    0x08005404   0x00000108   Code   RO         1118    .text               arm_cortexM4lf_math.lib(arm_mat_sub_f32.o)
    0x0800550c   0x00000002   Code   RO         1141    .text               c_w.l(use_no_semi_2.o)
    0x0800550e   0x00000006   Code   RO         1143    .text               c_w.l(heapauxi.o)
    0x08005514   0x00000002   Code   RO         1165    .text               c_w.l(use_no_semi.o)
    0x08005516   0x0000004a   Code   RO         1208    .text               c_w.l(sys_stackheap_outer.o)
    0x08005560   0x00000030   Code   RO         1210    .text               c_w.l(_fptrap.o)
    0x08005590   0x00000012   Code   RO         1212    .text               c_w.l(exit.o)
    0x080055a2   0x00000002   PAD
    0x080055a4   0x00000008   Code   RO         1220    .text               c_w.l(libspace.o)
    0x080055ac   0x0000000e   Code   RO         1225    .text               c_w.l(defsig_fpe_outer.o)
    0x080055ba   0x0000000a   Code   RO         1283    .text               c_w.l(defsig_exit.o)
    0x080055c4   0x000000ac   Code   RO         1285    .text               c_w.l(defsig_fpe_inner.o)
    0x08005670   0x00000032   Code   RO         1293    .text               c_w.l(defsig_general.o)
    0x080056a2   0x00000014   Code   RO         1159    i.__hardfp_fabs     m_wm.l(fabs.o)
    0x080056b6   0x00000002   PAD
    0x080056b8   0x0000037c   Code   RO         1148    x$fpl$ddiv          g_wm.l(ddiv_clz.o)
    0x08005a34   0x000000dc   Code   RO         1151    x$fpl$dfixu         g_wm.l(dfixu.o)
    0x08005b10   0x0000001a   Code   RO         1170    x$fpl$dfltn         g_wm.l(dflt_clz.o)
    0x08005b2a   0x00000002   PAD
    0x08005b2c   0x000001c0   Code   RO         1155    x$fpl$dmul          g_wm.l(dmul_clz.o)
    0x08005cec   0x00000102   Code   RO         1174    x$fpl$dnaninf       g_wm.l(dnaninf.o)
    0x08005dee   0x00000070   Code   RO         1176    x$fpl$drenorm       g_wm.l(drenorm_clz.o)
    0x08005e5e   0x0000000c   Code   RO         1178    x$fpl$dretinf       g_wm.l(dretinf.o)
    0x08005e6a   0x0000017a   Code   RO         1180    x$fpl$dunder        g_wm.l(dunder_clz.o)
    0x08005fe4   0x000001ec   Code   RO         1182    x$fpl$exception     g_wm.l(except.o)
    0x080061d0   0x0000007a   Code   RO         1157    x$fpl$f2d           g_wm.l(f2d.o)
    0x0800624a   0x000000f2   Code   RO         1184    x$fpl$fnaninf       g_wm.l(fnaninf.o)
    0x0800633c   0x0000000a   Code   RO         1289    x$fpl$fpinit        g_wm.l(fpinit.o)
    0x08006346   0x0000013c   Code   RO         1202    x$fpl$funder        g_wm.l(funder_clz.o)
    0x08006482   0x000000b2   Code   RO         1204    x$fpl$retnan        g_wm.l(retnan.o)
    0x08006534   0x0000007e   Code   RO         1206    x$fpl$trapveneer    g_wm.l(trapv.o)
    0x080065b2   0x00000000   Code   RO         1186    x$fpl$usenofp       g_wm.l(usenofp.o)
    0x080065b2   0x00000002   PAD
    0x080065b4   0x00000168   Data   RO          296    .constdata          can.o
    0x0800671c   0x00000004   Data   RO          338    .constdata          servo.o
    0x08006720   0x00000020   Data   RO         1345    Region$$Table       anon$$obj.o


    Execution Region RW_IRAM1 (Base: 0x20000000, Size: 0x00000db0, Max: 0x00020000, ABSOLUTE, COMPRESSED[0x00000098])

    Base Addr    Size         Type   Attr      Idx    E Section Name        Object

    0x20000000   0x000000a0   Data   RW            4    .data               main.o
    0x200000a0   0x00000014   Data   RW          202    .data               system_stm32f4xx.o
    0x200000b4   0x0000001e   Data   RW          297    .data               can.o
    0x200000d2   0x00000002   PAD
    0x200000d4   0x00000078   Data   RW          339    .data               servo.o
    0x2000014c   0x0000026c   Data   RW          364    .data               kalman.o
    0x200003b8   0x00000004   Data   RW          384    .data               delay.o
    0x200003bc   0x00000006   Data   RW          413    .data               usart.o
    0x200003c2   0x00000010   Data   RW          497    .data               stm32f4xx_rcc.o
    0x200003d2   0x00000002   PAD
    0x200003d4   0x000000dc   Zero   RW            3    .bss                main.o
    0x200004b0   0x00000174   Zero   RW          337    .bss                servo.o
    0x20000624   0x00000060   Zero   RW          362    .bss                kalman.o
    0x20000684   0x000000c8   Zero   RW          412    .bss                usart.o
    0x2000074c   0x00000060   Zero   RW         1221    .bss                c_w.l(libspace.o)
    0x200007ac   0x00000004   PAD
    0x200007b0   0x00000200   Zero   RW          438    HEAP                startup_stm32f40_41xxx.o
    0x200009b0   0x00000400   Zero   RW          437    STACK               startup_stm32f40_41xxx.o


==============================================================================

Image component sizes


      Code (inc. data)   RO Data    RW Data    ZI Data      Debug   Object Name

      3224        294        360         30          0       9106   can.o
       260          8          0          4          0       1485   delay.o
       208         12          0          0          0        704   enc.o
      1068        364          0        620         96       5386   kalman.o
        56          6          0          0          0        538   led.o
       564         46          0        160        220     316374   main.o
       224         20          0          0          0       1821   misc.o
        96          0          0          0          0     251789   nvic.o
      2684        294          4        120        372       6213   servo.o
        64         26        392          0       1536        840   startup_stm32f40_41xxx.o
      1124         24          0          0          0      10694   stm32f4xx_adc.o
      2544         38          0          0          0       8148   stm32f4xx_can.o
       528          6          0          0          0       5049   stm32f4xx_dac.o
       660         44          0          0          0       4161   stm32f4xx_gpio.o
       160         12          0          0          0       1486   stm32f4xx_it.o
      1628         52          0         16          0      13040   stm32f4xx_rcc.o
      3234         60          0          0          0      23020   stm32f4xx_tim.o
      1108         34          0          0          0       7888   stm32f4xx_usart.o
       528         46          0         20          0       1783   system_stm32f4xx.o
       340         16          0          6        200       3427   usart.o

    ----------------------------------------------------------------------
     20302       1402        788        980       2424     672952   Object Totals
         0          0         32          0          0          0   (incl. Generated)
         0          0          0          4          0          0   (incl. Padding)

    ----------------------------------------------------------------------

      Code (inc. data)   RO Data    RW Data    ZI Data      Debug   Library Member Name

       264          0          0          0          0      18250   arm_mat_add_f32.o
         8          0          0          0          0        999   arm_mat_init_f32.o
       316          4          0          0          0       2375   arm_mat_mult_f32.o
       264          0          0          0          0       1826   arm_mat_sub_f32.o
        90          0          0          0          0          0   __dczerorl2.o
         8          0          0          0          0         68   __main.o
         0          0          0          0          0          0   __rtentry.o
        12          0          0          0          0          0   __rtentry2.o
         6          0          0          0          0          0   __rtentry4.o
        52          8          0          0          0          0   __scatter.o
        28          0          0          0          0          0   __scatter_zi.o
        48          4          0          0          0         84   _fptrap.o
        10          0          0          0          0         68   defsig_exit.o
       172        110          0          0          0         76   defsig_fpe_inner.o
        14          0          0          0          0         80   defsig_fpe_outer.o
        50          0          0          0          0         88   defsig_general.o
        18          0          0          0          0         80   exit.o
         6          0          0          0          0        152   heapauxi.o
         2          0          0          0          0          0   libinit.o
         6          0          0          0          0          0   libinit2.o
         2          0          0          0          0          0   libshutdown.o
         2          0          0          0          0          0   libshutdown2.o
         8          4          0          0         96         68   libspace.o
         2          0          0          0          0          0   rtexit.o
        10          0          0          0          0          0   rtexit2.o
        74          0          0          0          0         80   sys_stackheap_outer.o
         2          0          0          0          0         68   use_no_semi.o
         2          0          0          0          0         68   use_no_semi_2.o
       892        152          0          0          0        292   ddiv_clz.o
       220         16          0          0          0        192   dfixu.o
        26          0          0          0          0        116   dflt_clz.o
       448         16          0          0          0        164   dmul_clz.o
       258          4          0          0          0        156   dnaninf.o
       112          0          0          0          0        160   drenorm_clz.o
        12          0          0          0          0        116   dretinf.o
       378          0          0          0          0        168   dunder_clz.o
       492         36          0          0          0        148   except.o
       122          8          0          0          0        132   f2d.o
       242          4          0          0          0        144   fnaninf.o
        10          0          0          0          0        116   fpinit.o
       316          0          0          0          0        132   funder_clz.o
       178          0          0          0          0        116   retnan.o
       126          0          0          0          0        148   trapv.o
         0          0          0          0          0          0   usenofp.o
        20          0          0          0          0        124   fabs.o

    ----------------------------------------------------------------------
      5342        366          0          0        100      26854   Library Totals
        14          0          0          0          4          0   (incl. Padding)

    ----------------------------------------------------------------------

      Code (inc. data)   RO Data    RW Data    ZI Data      Debug   Library Name

       852          4          0          0          0      23450   arm_cortexM4lf_math.lib
       624        126          0          0         96        980   c_w.l
      3832        236          0          0          0       2300   g_wm.l
        20          0          0          0          0        124   m_wm.l

    ----------------------------------------------------------------------
      5342        366          0          0        100      26854   Library Totals

    ----------------------------------------------------------------------

==============================================================================


      Code (inc. data)   RO Data    RW Data    ZI Data      Debug   

     25644       1768        788        980       2524     693590   Grand Totals
     25644       1768        788        152       2524     693590   ELF Image Totals (compressed)
     25644       1768        788        152          0          0   ROM Totals

==============================================================================

    Total RO  Size (Code + RO Data)                26432 (  25.81kB)
    Total RW  Size (RW Data + ZI Data)              3504 (   3.42kB)
    Total ROM Size (Code + RO Data + RW Data)      26584 (  25.96kB)

==============================================================================

