Component: ARM Compiler 5.06 update 4 (build 422) Tool: armlink [4d35d2]

==============================================================================

Section Cross References

    main.o(.text) refers to nvic.o(.text) for NVIC_Configuration
    main.o(.text) refers to delay.o(.text) for delay_init
    main.o(.text) refers to usart.o(.text) for uart_init
    main.o(.text) refers to led.o(.text) for LED_GPIO_Config
    main.o(.text) refers to can.o(.text) for CAN1_Configuration
    main.o(.text) refers to enc.o(.text) for ENC_Configuration
    main.o(.text) refers to kalman.o(.text) for pos_spd_kalman_init
    main.o(.text) refers to stm32f4xx_tim.o(.text) for TIM_Cmd
    main.o(.text) refers to servo.o(.text) for SERVO_Configuration
    main.o(.text) refers to stm32f4xx_gpio.o(.text) for GPIO_ResetBits
    main.o(.text) refers to f2d.o(x$fpl$f2d) for __aeabi_f2d
    main.o(.text) refers to sin.o(i.__hardfp_sin) for __hardfp_sin
    main.o(.text) refers to dmul_clz.o(x$fpl$dmul) for __aeabi_dmul
    main.o(.text) refers to d2f_clz.o(x$fpl$d2f) for __aeabi_d2f
    main.o(.text) refers to daddsub_clz.o(x$fpl$dadd) for __aeabi_dadd
    main.o(.text) refers to main.o(.data) for encoder_overflow_count
    main.o(.text) refers to fabs.o(i.__hardfp_fabs) for __hardfp_fabs
    main.o(.text) refers to basic.o(x$fpl$basic) for __aeabi_dneg
    stm32f4xx_it.o(.text) refers to stm32f4xx_tim.o(.text) for TIM_GetITStatus
    stm32f4xx_it.o(.text) refers to daddsub_clz.o(x$fpl$dsub) for __aeabi_dsub
    stm32f4xx_it.o(.text) refers to daddsub_clz.o(x$fpl$dadd) for __aeabi_dadd
    stm32f4xx_it.o(.text) refers to stm32f4xx_it.o(.data) for down_test_num
    stm32f4xx_it.o(.text) refers to main.o(.data) for encoder_overflow_count
    system_stm32f4xx.o(.text) refers to system_stm32f4xx.o(.data) for SystemCoreClock
    nvic.o(.text) refers to misc.o(.text) for NVIC_PriorityGroupConfig
    led.o(.text) refers to stm32f4xx_rcc.o(.text) for RCC_AHB1PeriphClockCmd
    led.o(.text) refers to stm32f4xx_gpio.o(.text) for GPIO_Init
    can.o(.text) refers to stm32f4xx_rcc.o(.text) for RCC_AHB1PeriphClockCmd
    can.o(.text) refers to stm32f4xx_gpio.o(.text) for GPIO_Init
    can.o(.text) refers to stm32f4xx_can.o(.text) for CAN_DeInit
    can.o(.text) refers to can.o(.constdata) for CAN_baud_table
    can.o(.text) refers to can.o(.data) for CanStdId
    can.o(.text) refers to main.o(.data) for hardware_id
    can.o(.text) refers to main.o(.bss) for pos_coeff
    can.o(.text) refers to delay.o(.text) for delay_us
    can.o(.text) refers to f2d.o(x$fpl$f2d) for __aeabi_f2d
    can.o(.text) refers to fabs.o(i.__hardfp_fabs) for __hardfp_fabs
    can.o(.text) refers to dmul_clz.o(x$fpl$dmul) for __aeabi_dmul
    can.o(.text) refers to ddiv_clz.o(x$fpl$ddiv) for __aeabi_ddiv
    can.o(.text) refers to dfixu.o(x$fpl$dfixu) for __aeabi_d2uiz
    enc.o(.text) refers to stm32f4xx_rcc.o(.text) for RCC_APB1PeriphClockCmd
    enc.o(.text) refers to stm32f4xx_gpio.o(.text) for GPIO_Init
    enc.o(.text) refers to stm32f4xx_tim.o(.text) for TIM_DeInit
    servo.o(.text) refers to stm32f4xx_rcc.o(.text) for RCC_AHB1PeriphClockCmd
    servo.o(.text) refers to stm32f4xx_gpio.o(.text) for GPIO_Init
    servo.o(.text) refers to stm32f4xx_dac.o(.text) for DAC_Init
    servo.o(.text) refers to stm32f4xx_adc.o(.text) for ADC_CommonInit
    servo.o(.text) refers to dflt_clz.o(x$fpl$dfltu) for __aeabi_ui2d
    servo.o(.text) refers to dmul_clz.o(x$fpl$dmul) for __aeabi_dmul
    servo.o(.text) refers to daddsub_clz.o(x$fpl$dadd) for __aeabi_dadd
    servo.o(.text) refers to d2f_clz.o(x$fpl$d2f) for __aeabi_d2f
    servo.o(.text) refers to servo.o(.data) for my_if_clockwise_test
    servo.o(.text) refers to servo.o(.bss) for speed_bias
    servo.o(.text) refers to main.o(.data) for current_control
    servo.o(.text) refers to kalman.o(.text) for pos_spd_kalman_cycle
    kalman.o(.text) refers to arm_mat_init_f32.o(.text) for arm_mat_init_f32
    kalman.o(.text) refers to arm_mat_mult_f32.o(.text) for arm_mat_mult_f32
    kalman.o(.text) refers to arm_mat_sub_f32.o(.text) for arm_mat_sub_f32
    kalman.o(.text) refers to arm_mat_add_f32.o(.text) for arm_mat_add_f32
    kalman.o(.text) refers to kalman.o(.data) for H_init
    kalman.o(.text) refers to kalman.o(.bss) for temp_2x2_0_init
    kalman.o(.text) refers to servo.o(.data) for position_raw
    kalman.o(.text) refers to main.o(.data) for position_actual
    delay.o(.text) refers to misc.o(.text) for SysTick_CLKSourceConfig
    delay.o(.text) refers to delay.o(.data) for fac_us
    usart.o(.emb_text) refers (Special) to use_no_semi_2.o(.text) for __use_no_semihosting
    usart.o(.text) refers (Special) to use_no_semi_2.o(.text) for __use_no_semihosting
    usart.o(.text) refers to stm32f4xx_rcc.o(.text) for RCC_AHB1PeriphClockCmd
    usart.o(.text) refers to stm32f4xx_gpio.o(.text) for GPIO_PinAFConfig
    usart.o(.text) refers to stm32f4xx_usart.o(.text) for USART_Init
[...]
    __scatterload_zeroinit                   0x08000221   Thumb Code    28  __scatter_zi.o(!!handler_zi)
    __rt_lib_init                            0x0800023d   Thumb Code     0  libinit.o(.ARM.Collect$$libinit$$00000000)
    __rt_lib_init_fp_1                       0x0800023f   Thumb Code     0  libinit2.o(.ARM.Collect$$libinit$$00000001)
    __rt_lib_init_alloca_1                   0x08000243   Thumb Code     0  libinit2.o(.ARM.Collect$$libinit$$0000002E)
    __rt_lib_init_argv_1                     0x08000243   Thumb Code     0  libinit2.o(.ARM.Collect$$libinit$$0000002C)
    __rt_lib_init_atexit_1                   0x08000243   Thumb Code     0  libinit2.o(.ARM.Collect$$libinit$$0000001B)
    __rt_lib_init_clock_1                    0x08000243   Thumb Code     0  libinit2.o(.ARM.Collect$$libinit$$00000021)
    __rt_lib_init_cpp_1                      0x08000243   Thumb Code     0  libinit2.o(.ARM.Collect$$libinit$$00000032)
    __rt_lib_init_exceptions_1               0x08000243   Thumb Code     0  libinit2.o(.ARM.Collect$$libinit$$00000030)
    __rt_lib_init_fp_trap_1                  0x08000243   Thumb Code     0  libinit2.o(.ARM.Collect$$libinit$$0000001F)
    __rt_lib_init_getenv_1                   0x08000243   Thumb Code     0  libinit2.o(.ARM.Collect$$libinit$$00000023)
    __rt_lib_init_heap_1                     0x08000243   Thumb Code     0  libinit2.o(.ARM.Collect$$libinit$$0000000A)
    __rt_lib_init_lc_collate_1               0x08000243   Thumb Code     0  libinit2.o(.ARM.Collect$$libinit$$00000011)
    __rt_lib_init_lc_ctype_1                 0x08000243   Thumb Code     0  libinit2.o(.ARM.Collect$$libinit$$00000013)
    __rt_lib_init_lc_monetary_1              0x08000243   Thumb Code     0  libinit2.o(.ARM.Collect$$libinit$$00000015)
    __rt_lib_init_lc_numeric_1               0x08000243   Thumb Code     0  libinit2.o(.ARM.Collect$$libinit$$00000017)
    __rt_lib_init_lc_time_1                  0x08000243   Thumb Code     0  libinit2.o(.ARM.Collect$$libinit$$00000019)
    __rt_lib_init_preinit_1                  0x08000243   Thumb Code     0  libinit2.o(.ARM.Collect$$libinit$$00000004)
    __rt_lib_init_rand_1                     0x08000243   Thumb Code     0  libinit2.o(.ARM.Collect$$libinit$$0000000E)
    __rt_lib_init_return                     0x08000243   Thumb Code     0  libinit2.o(.ARM.Collect$$libinit$$00000033)
    __rt_lib_init_signal_1                   0x08000243   Thumb Code     0  libinit2.o(.ARM.Collect$$libinit$$0000001D)
    __rt_lib_init_stdio_1                    0x08000243   Thumb Code     0  libinit2.o(.ARM.Collect$$libinit$$00000025)
    __rt_lib_init_user_alloc_1               0x08000243   Thumb Code     0  libinit2.o(.ARM.Collect$$libinit$$0000000C)
    __rt_lib_shutdown                        0x08000245   Thumb Code     0  libshutdown.o(.ARM.Collect$$libshutdown$$00000000)
    __rt_lib_shutdown_cpp_1                  0x08000247   Thumb Code     0  libshutdown2.o(.ARM.Collect$$libshutdown$$00000002)
    __rt_lib_shutdown_fp_trap_1              0x08000247   Thumb Code     0  libshutdown2.o(.ARM.Collect$$libshutdown$$00000007)
    __rt_lib_shutdown_heap_1                 0x08000247   Thumb Code     0  libshutdown2.o(.ARM.Collect$$libshutdown$$0000000F)
    __rt_lib_shutdown_return                 0x08000247   Thumb Code     0  libshutdown2.o(.ARM.Collect$$libshutdown$$00000010)
    __rt_lib_shutdown_signal_1               0x08000247   Thumb Code     0  libshutdown2.o(.ARM.Collect$$libshutdown$$0000000A)
    __rt_lib_shutdown_stdio_1                0x08000247   Thumb Code     0  libshutdown2.o(.ARM.Collect$$libshutdown$$00000004)
    __rt_lib_shutdown_user_alloc_1           0x08000247   Thumb Code     0  libshutdown2.o(.ARM.Collect$$libshutdown$$0000000C)
    __rt_entry                               0x08000249   Thumb Code     0  __rtentry.o(.ARM.Collect$$rtentry$$00000000)
    __rt_entry_presh_1                       0x08000249   Thumb Code     0  __rtentry2.o(.ARM.Collect$$rtentry$$00000002)
    __rt_entry_sh                            0x08000249   Thumb Code     0  __rtentry4.o(.ARM.Collect$$rtentry$$00000004)
    __rt_entry_li                            0x0800024f   Thumb Code     0  __rtentry2.o(.ARM.Collect$$rtentry$$0000000A)
    __rt_entry_postsh_1                      0x0800024f   Thumb Code     0  __rtentry2.o(.ARM.Collect$$rtentry$$00000009)
    __rt_entry_main                          0x08000253   Thumb Code     0  __rtentry2.o(.ARM.Collect$$rtentry$$0000000D)
    __rt_entry_postli_1                      0x08000253   Thumb Code     0  __rtentry2.o(.ARM.Collect$$rtentry$$0000000C)
    __rt_exit                                0x0800025b   Thumb Code     0  rtexit.o(.ARM.Collect$$rtexit$$00000000)
    __rt_exit_ls                             0x0800025d   Thumb Code     0  rtexit2.o(.ARM.Collect$$rtexit$$00000003)
    __rt_exit_prels_1                        0x0800025d   Thumb Code     0  rtexit2.o(.ARM.Collect$$rtexit$$00000002)
    __rt_exit_exit                           0x08000261   Thumb Code     0  rtexit2.o(.ARM.Collect$$rtexit$$00000004)
    main                                     0x08000269   Thumb Code  2142  main.o(.text)
    NMI_Handler                              0x08000af1   Thumb Code     2  stm32f4xx_it.o(.text)
    HardFault_Handler                        0x08000af3   Thumb Code     4  stm32f4xx_it.o(.text)
    MemManage_Handler                        0x08000af7   Thumb Code     4  stm32f4xx_it.o(.text)
    BusFault_Handler                         0x08000afb   Thumb Code     4  stm32f4xx_it.o(.text)
    UsageFault_Handler                       0x08000aff   Thumb Code     4  stm32f4xx_it.o(.text)
    SVC_Handler                              0x08000b03   Thumb Code     2  stm32f4xx_it.o(.text)
    DebugMon_Handler                         0x08000b05   Thumb Code     2  stm32f4xx_it.o(.text)
    PendSV_Handler                           0x08000b07   Thumb Code     2  stm32f4xx_it.o(.text)
    SysTick_Handler                          0x08000b09   Thumb Code     2  stm32f4xx_it.o(.text)
    TIM5_IRQHandler                          0x08000b0b   Thumb Code   152  stm32f4xx_it.o(.text)
    SystemInit                               0x08000c9d   Thumb Code    88  system_stm32f4xx.o(.text)
    SystemCoreClockUpdate                    0x08000cf5   Thumb Code   174  system_stm32f4xx.o(.text)
    NVIC_Configuration                       0x08000dd1   Thumb Code    96  nvic.o(.text)
    LED_GPIO_Config                          0x08000e31   Thumb Code    50  led.o(.text)
    CAN_Baud_Process                         0x08000e69   Thumb Code    84  can.o(.text)
    CAN1_Configuration                       0x08000ebd   Thumb Code   246  can.o(.text)
    CAN2_Configuration                       0x08000fb3   Thumb Code   214  can.o(.text)
    can_send                                 0x08001089   Thumb Code    82  can.o(.text)
    hardware_id_send                         0x080010db   Thumb Code    84  can.o(.text)
    CAN1_RX0_IRQHandler                      0x0800112f   Thumb Code  1122  can.o(.text)
    can1_tx                                  0x08001591   Thumb Code    70  can.o(.text)
    CAN2_RX0_IRQHandler                      0x080015d7   Thumb Code    54  can.o(.text)
    can2_tx                                  0x0800160d   Thumb Code    70  can.o(.text)
    position_speed_send                      0x08001653   Thumb Code   250  can.o(.text)
    temperature_send                         0x0800174d   Thumb Code    36  can.o(.text)
    acceleration_send                        0x08001771   Thumb Code    68  can.o(.text)
    angular_speed_send                       0x080017b5   Thumb Code    68  can.o(.text)
    rpy_angle_send                           0x080017f9   Thumb Code    68  can.o(.text)
    can_monitor_send                         0x0800183d   Thumb Code    64  can.o(.text)
    Data_send                                0x0800187d   Thumb Code   514  can.o(.text)
    ENC_Configuration                        0x08001ae1   Thumb Code   194  enc.o(.text)
    SERVO_DAC_Configuration                  0x08001bad   Thumb Code   144  servo.o(.text)
    SERVO_ADC_Configuration                  0x08001c3d   Thumb Code   124  servo.o(.text)
    SERVO_Get_Adc                            0x08001cb9   Thumb Code    44  servo.o(.text)
    Current_DAC_Out                          0x08001ce5   Thumb Code   162  servo.o(.text)
    SERVO_Configuration                      0x08001d87   Thumb Code    12  servo.o(.text)
    clear_PID_buf                            0x08001d93   Thumb Code   174  servo.o(.text)
    speed_position_measure                   0x08001e41   Thumb Code   624  servo.o(.text)
    PID_control_current                      0x080020b1   Thumb Code   388  servo.o(.text)
    PID_control_speed                        0x08002235   Thumb Code   472  servo.o(.text)
    PID_control_position                     0x0800240d   Thumb Code   544  servo.o(.text)
    pos_spd_kalman_init                      0x08002651   Thumb Code   472  kalman.o(.text)
    pos_spd_kalman_cycle                     0x08002829   Thumb Code   232  kalman.o(.text)
    delay_init                               0x08002a7d   Thumb Code    52  delay.o(.text)
    delay_us                                 0x08002ab1   Thumb Code    72  delay.o(.text)
    delay_xms                                0x08002af9   Thumb Code    72  delay.o(.text)
    delay_ms                                 0x08002b41   Thumb Code    56  delay.o(.text)
    _sys_exit                                0x08002b81   Thumb Code     4  usart.o(.text)
    _ttywrch                                 0x08002b85   Thumb Code     4  usart.o(.text)
    fputc                                    0x08002b89   Thumb Code    22  usart.o(.text)
    uart_init                                0x08002b9f   Thumb Code   172  usart.o(.text)
    USART1_IRQHandler                        0x08002c4b   Thumb Code   122  usart.o(.text)
    Reset_Handler                            0x08002cd5   Thumb Code     8  startup_stm32f40_41xxx.o(.text)
    ADC_IRQHandler                           0x08002cef   Thumb Code     0  startup_stm32f40_41xxx.o(.text)
    CAN1_RX1_IRQHandler                      0x08002cef   Thumb Code     0  startup_stm32f40_41xxx.o(.text)
    CAN1_SCE_IRQHandler                      0x08002cef   Thumb Code     0  startup_stm32f40_41xxx.o(.text)
    CAN1_TX_IRQHandler                       0x08002cef   Thumb Code     0  startup_stm32f40_41xxx.o(.text)
    CAN2_RX1_IRQHandler                      0x08002cef   Thumb Code     0  startup_stm32f40_41xxx.o(.text)
    CAN2_SCE_IRQHandler                      0x08002cef   Thumb Code     0  startup_stm32f40_41xxx.o(.text)
    CAN2_TX_IRQHandler                       0x08002cef   Thumb Code     0  startup_stm32f40_41xxx.o(.text)
    CRYP_IRQHandler                          0x08002cef   Thumb Code     0  startup_stm32f40_41xxx.o(.text)
    DCMI_IRQHandler                          0x08002cef   Thumb Code     0  startup_stm32f40_41xxx.o(.text)
    DMA1_Stream0_IRQHandler                  0x08002cef   Thumb Code     0  startup_stm32f40_41xxx.o(.text)
    DMA1_Stream1_IRQHandler                  0x08002cef   Thumb Code     0  startup_stm32f40_41xxx.o(.text)
    DMA1_Stream2_IRQHandler                  0x08002cef   Thumb Code     0  startup_stm32f40_41xxx.o(.text)
    DMA1_Stream3_IRQHandler                  0x08002cef   Thumb Code     0  startup_stm32f40_41xxx.o(.text)
    DMA1_Stream4_IRQHandler                  0x08002cef   Thumb Code     0  startup_stm32f40_41xxx.o(.text)
    DMA1_Stream5_IRQHandler                  0x08002cef   Thumb Code     0  startup_stm32f40_41xxx.o(.text)
    DMA1_Stream6_IRQHandler                  0x08002cef   Thumb Code     0  startup_stm32f40_41xxx.o(.text)
    DMA1_Stream7_IRQHandler                  0x08002cef   Thumb Code     0  startup_stm32f40_41xxx.o(.text)
    DMA2_Stream0_IRQHandler                  0x08002cef   Thumb Code     0  startup_stm32f40_41xxx.o(.text)
    DMA2_Stream1_IRQHandler                  0x08002cef   Thumb Code     0  startup_stm32f40_41xxx.o(.text)
    DMA2_Stream2_IRQHandler                  0x08002cef   Thumb Code     0  startup_stm32f40_41xxx.o(.text)
    DMA2_Stream3_IRQHandler                  0x08002cef   Thumb Code     0  startup_stm32f40_41xxx.o(.text)
    DMA2_Stream4_IRQHandler                  0x08002cef   Thumb Code     0  startup_stm32f40_41xxx.o(.text)
    DMA2_Stream5_IRQHandler                  0x08002cef   Thumb Code     0  startup_stm32f40_41xxx.o(.text)
    DMA2_Stream6_IRQHandler                  0x08002cef   Thumb Code     0  startup_stm32f40_41xxx.o(.text)
    DMA2_Stream7_IRQHandler                  0x08002cef   Thumb Code     0  startup_stm32f40_41xxx.o(.text)
    ETH_IRQHandler                           0x08002cef   Thumb Code     0  startup_stm32f40_41xxx.o(.text)
    ETH_WKUP_IRQHandler                      0x08002cef   Thumb Code     0  startup_stm32f40_41xxx.o(.text)
    EXTI0_IRQHandler                         0x08002cef   Thumb Code     0  startup_stm32f40_41xxx.o(.text)
    EXTI15_10_IRQHandler                     0x08002cef   Thumb Code     0  startup_stm32f40_41xxx.o(.text)
    EXTI1_IRQHandler                         0x08002cef   Thumb Code     0  startup_stm32f40_41xxx.o(.text)
    EXTI2_IRQHandler                         0x08002cef   Thumb Code     0  startup_stm32f40_41xxx.o(.text)
    EXTI3_IRQHandler                         0x08002cef   Thumb Code     0  startup_stm32f40_41xxx.o(.text)
    EXTI4_IRQHandler                         0x08002cef   Thumb Code     0  startup_stm32f40_41xxx.o(.text)
    EXTI9_5_IRQHandler                       0x08002cef   Thumb Code     0  startup_stm32f40_41xxx.o(.text)
    FLASH_IRQHandler                         0x08002cef   Thumb Code     0  startup_stm32f40_41xxx.o(.text)
    FPU_IRQHandler                           0x08002cef   Thumb Code     0  startup_stm32f40_41xxx.o(.text)
    FSMC_IRQHandler                          0x08002cef   Thumb Code     0  startup_stm32f40_41xxx.o(.text)
    HASH_RNG_IRQHandler                      0x08002cef   Thumb Code     0  startup_stm32f40_41xxx.o(.text)
    I2C1_ER_IRQHandler                       0x08002cef   Thumb Code     0  startup_stm32f40_41xxx.o(.text)
    I2C1_EV_IRQHandler                       0x08002cef   Thumb Code     0  startup_stm32f40_41xxx.o(.text)
    I2C2_ER_IRQHandler                       0x08002cef   Thumb Code     0  startup_stm32f40_41xxx.o(.text)
    I2C2_EV_IRQHandler                       0x08002cef   Thumb Code     0  startup_stm32f40_41xxx.o(.text)
    I2C3_ER_IRQHandler                       0x08002cef   Thumb Code     0  startup_stm32f40_41xxx.o(.text)
    I2C3_EV_IRQHandler                       0x08002cef   Thumb Code     0  startup_stm32f40_41xxx.o(.text)
    OTG_FS_IRQHandler                        0x08002cef   Thumb Code     0  startup_stm32f40_41xxx.o(.text)
    OTG_FS_WKUP_IRQHandler                   0x08002cef   Thumb Code     0  startup_stm32f40_41xxx.o(.text)
    OTG_HS_EP1_IN_IRQHandler                 0x08002cef   Thumb Code     0  startup_stm32f40_41xxx.o(.text)
    OTG_HS_EP1_OUT_IRQHandler                0x08002cef   Thumb Code     0  startup_stm32f40_41xxx.o(.text)
    OTG_HS_IRQHandler                        0x08002cef   Thumb Code     0  startup_stm32f40_41xxx.o(.text)
    OTG_HS_WKUP_IRQHandler                   0x08002cef   Thumb Code     0  startup_stm32f40_41xxx.o(.text)
    PVD_IRQHandler                           0x08002cef   Thumb Code     0  startup_stm32f40_41xxx.o(.text)
    RCC_IRQHandler                           0x08002cef   Thumb Code     0  startup_stm32f40_41xxx.o(.text)
    RTC_Alarm_IRQHandler                     0x08002cef   Thumb Code     0  startup_stm32f40_41xxx.o(.text)
    RTC_WKUP_IRQHandler                      0x08002cef   Thumb Code     0  startup_stm32f40_41xxx.o(.text)
    SDIO_IRQHandler                          0x08002cef   Thumb Code     0  startup_stm32f40_41xxx.o(.text)
    SPI1_IRQHandler                          0x08002cef   Thumb Code     0  startup_stm32f40_41xxx.o(.text)
    SPI2_IRQHandler                          0x08002cef   Thumb Code     0  startup_stm32f40_41xxx.o(.text)
    SPI3_IRQHandler                          0x08002cef   Thumb Code     0  startup_stm32f40_41xxx.o(.text)
    TAMP_STAMP_IRQHandler                    0x08002cef   Thumb Code     0  startup_stm32f40_41xxx.o(.text)
    TIM1_BRK_TIM9_IRQHandler                 0x08002cef   Thumb Code     0  startup_stm32f40_41xxx.o(.text)
    TIM1_CC_IRQHandler                       0x08002cef   Thumb Code     0  startup_stm32f40_41xxx.o(.text)
    TIM1_TRG_COM_TIM11_IRQHandler            0x08002cef   Thumb Code     0  startup_stm32f40_41xxx.o(.text)
    TIM1_UP_TIM10_IRQHandler                 0x08002cef   Thumb Code     0  startup_stm32f40_41xxx.o(.text)
    TIM2_IRQHandler                          0x08002cef   Thumb Code     0  startup_stm32f40_41xxx.o(.text)
    TIM3_IRQHandler                          0x08002cef   Thumb Code     0  startup_stm32f40_41xxx.o(.text)
    TIM4_IRQHandler                          0x08002cef   Thumb Code     0  startup_stm32f40_41xxx.o(.text)
    TIM6_DAC_IRQHandler                      0x08002cef   Thumb Code     0  startup_stm32f40_41xxx.o(.text)
    TIM7_IRQHandler                          0x08002cef   Thumb Code     0  startup_stm32f40_41xxx.o(.text)
    TIM8_BRK_TIM12_IRQHandler                0x08002cef   Thumb Code     0  startup_stm32f40_41xxx.o(.text)
    TIM8_CC_IRQHandler                       0x08002cef   Thumb Code     0  startup_stm32f40_41xxx.o(.text)
    TIM8_TRG_COM_TIM14_IRQHandler            0x08002cef   Thumb Code     0  startup_stm32f40_41xxx.o(.text)
    TIM8_UP_TIM13_IRQHandler                 0x08002cef   Thumb Code     0  startup_stm32f40_41xxx.o(.text)
    UART4_IRQHandler                         0x08002cef   Thumb Code     0  startup_stm32f40_41xxx.o(.text)
    UART5_IRQHandler                         0x08002cef   Thumb Code     0  startup_stm32f40_41xxx.o(.text)
    USART2_IRQHandler                        0x08002cef   Thumb Code     0  startup_stm32f40_41xxx.o(.text)
    USART3_IRQHandler                        0x08002cef   Thumb Code     0  startup_stm32f40_41xxx.o(.text)
    USART6_IRQHandler                        0x08002cef   Thumb Code     0  startup_stm32f40_41xxx.o(.text)
    WWDG_IRQHandler                          0x08002cef   Thumb Code     0  startup_stm32f40_41xxx.o(.text)
    __user_initial_stackheap                 0x08002cf1   Thumb Code     0  startup_stm32f40_41xxx.o(.text)
    NVIC_PriorityGroupConfig                 0x08002d15   Thumb Code    10  misc.o(.text)
    NVIC_Init                                0x08002d1f   Thumb Code   106  misc.o(.text)
    NVIC_SetVectorTable                      0x08002d89   Thumb Code    14  misc.o(.text)
    NVIC_SystemLPConfig                      0x08002d97   Thumb Code    34  misc.o(.text)
    SysTick_CLKSourceConfig                  0x08002db9   Thumb Code    40  misc.o(.text)
    GPIO_DeInit                              0x08002df5   Thumb Code   268  stm32f4xx_gpio.o(.text)
    GPIO_Init                                0x08002f01   Thumb Code   144  stm32f4xx_gpio.o(.text)
    GPIO_StructInit                          0x08002f91   Thumb Code    18  stm32f4xx_gpio.o(.text)
    GPIO_PinLockConfig                       0x08002fa3   Thumb Code    34  stm32f4xx_gpio.o(.text)
    GPIO_ReadInputDataBit                    0x08002fc5   Thumb Code    18  stm32f4xx_gpio.o(.text)
    GPIO_ReadInputData                       0x08002fd7   Thumb Code     8  stm32f4xx_gpio.o(.text)
    GPIO_ReadOutputDataBit                   0x08002fdf   Thumb Code    18  stm32f4xx_gpio.o(.text)
    GPIO_ReadOutputData                      0x08002ff1   Thumb Code     8  stm32f4xx_gpio.o(.text)
    GPIO_SetBits                             0x08002ff9   Thumb Code     4  stm32f4xx_gpio.o(.text)
    GPIO_ResetBits                           0x08002ffd   Thumb Code     4  stm32f4xx_gpio.o(.text)
    GPIO_WriteBit                            0x08003001   Thumb Code    10  stm32f4xx_gpio.o(.text)
    GPIO_Write                               0x0800300b   Thumb Code     4  stm32f4xx_gpio.o(.text)
    GPIO_ToggleBits                          0x0800300f   Thumb Code     8  stm32f4xx_gpio.o(.text)
    GPIO_PinAFConfig                         0x08003017   Thumb Code    70  stm32f4xx_gpio.o(.text)
    RCC_DeInit                               0x08003089   Thumb Code    82  stm32f4xx_rcc.o(.text)
    RCC_HSEConfig                            0x080030db   Thumb Code    14  stm32f4xx_rcc.o(.text)
    RCC_GetFlagStatus                        0x080030e9   Thumb Code    60  stm32f4xx_rcc.o(.text)
    RCC_WaitForHSEStartUp                    0x08003125   Thumb Code    56  stm32f4xx_rcc.o(.text)
    RCC_AdjustHSICalibrationValue            0x0800315d   Thumb Code    20  stm32f4xx_rcc.o(.text)
    RCC_HSICmd                               0x08003171   Thumb Code     6  stm32f4xx_rcc.o(.text)
    RCC_LSEConfig                            0x08003177   Thumb Code    46  stm32f4xx_rcc.o(.text)
    RCC_LSICmd                               0x080031a5   Thumb Code     6  stm32f4xx_rcc.o(.text)
    RCC_PLLConfig                            0x080031ab   Thumb Code    32  stm32f4xx_rcc.o(.text)
    RCC_PLLCmd                               0x080031cb   Thumb Code     6  stm32f4xx_rcc.o(.text)
    RCC_PLLI2SConfig                         0x080031d1   Thumb Code    14  stm32f4xx_rcc.o(.text)
    RCC_PLLI2SCmd                            0x080031df   Thumb Code     6  stm32f4xx_rcc.o(.text)
    RCC_PLLSAIConfig                         0x080031e5   Thumb Code    20  stm32f4xx_rcc.o(.text)
    RCC_PLLSAICmd                            0x080031f9   Thumb Code     6  stm32f4xx_rcc.o(.text)
    RCC_ClockSecuritySystemCmd               0x080031ff   Thumb Code     6  stm32f4xx_rcc.o(.text)
    RCC_MCO1Config                           0x08003205   Thumb Code    28  stm32f4xx_rcc.o(.text)
    RCC_MCO2Config                           0x08003221   Thumb Code    28  stm32f4xx_rcc.o(.text)
    RCC_SYSCLKConfig                         0x0800323d   Thumb Code    20  stm32f4xx_rcc.o(.text)
    RCC_GetSYSCLKSource                      0x08003251   Thumb Code    12  stm32f4xx_rcc.o(.text)
    RCC_HCLKConfig                           0x0800325d   Thumb Code    20  stm32f4xx_rcc.o(.text)
    RCC_PCLK1Config                          0x08003271   Thumb Code    20  stm32f4xx_rcc.o(.text)
    RCC_PCLK2Config                          0x08003285   Thumb Code    22  stm32f4xx_rcc.o(.text)
    RCC_GetClocksFreq                        0x0800329b   Thumb Code   222  stm32f4xx_rcc.o(.text)
    RCC_RTCCLKConfig                         0x08003379   Thumb Code    54  stm32f4xx_rcc.o(.text)
    RCC_RTCCLKCmd                            0x080033af   Thumb Code     8  stm32f4xx_rcc.o(.text)
    RCC_BackupResetCmd                       0x080033b7   Thumb Code     8  stm32f4xx_rcc.o(.text)
    RCC_I2SCLKConfig                         0x080033bf   Thumb Code     6  stm32f4xx_rcc.o(.text)
    RCC_SAIPLLI2SClkDivConfig                0x080033c5   Thumb Code    26  stm32f4xx_rcc.o(.text)
    RCC_SAIPLLSAIClkDivConfig                0x080033df   Thumb Code    28  stm32f4xx_rcc.o(.text)
    RCC_SAIBlockACLKConfig                   0x080033fb   Thumb Code    20  stm32f4xx_rcc.o(.text)
    RCC_SAIBlockBCLKConfig                   0x0800340f   Thumb Code    20  stm32f4xx_rcc.o(.text)
    RCC_LTDCCLKDivConfig                     0x08003423   Thumb Code    20  stm32f4xx_rcc.o(.text)
    RCC_TIMCLKPresConfig                     0x08003437   Thumb Code     6  stm32f4xx_rcc.o(.text)
    RCC_AHB1PeriphClockCmd                   0x0800343d   Thumb Code    34  stm32f4xx_rcc.o(.text)
    RCC_AHB2PeriphClockCmd                   0x0800345f   Thumb Code    78  stm32f4xx_rcc.o(.text)
    RCC_AHB3PeriphClockCmd                   0x080034ad   Thumb Code    34  stm32f4xx_rcc.o(.text)
    RCC_APB1PeriphClockCmd                   0x080034cf   Thumb Code    34  stm32f4xx_rcc.o(.text)
    RCC_APB2PeriphClockCmd                   0x080034f1   Thumb Code    34  stm32f4xx_rcc.o(.text)
    RCC_AHB1PeriphResetCmd                   0x08003513   Thumb Code    34  stm32f4xx_rcc.o(.text)
    RCC_AHB2PeriphResetCmd                   0x08003535   Thumb Code    34  stm32f4xx_rcc.o(.text)
    RCC_AHB3PeriphResetCmd                   0x08003557   Thumb Code    34  stm32f4xx_rcc.o(.text)
    RCC_APB1PeriphResetCmd                   0x08003579   Thumb Code    34  stm32f4xx_rcc.o(.text)
    RCC_APB2PeriphResetCmd                   0x0800359b   Thumb Code    34  stm32f4xx_rcc.o(.text)
    RCC_AHB1PeriphClockLPModeCmd             0x080035bd   Thumb Code    34  stm32f4xx_rcc.o(.text)
    RCC_AHB2PeriphClockLPModeCmd             0x080035df   Thumb Code    34  stm32f4xx_rcc.o(.text)
    RCC_AHB3PeriphClockLPModeCmd             0x08003601   Thumb Code    34  stm32f4xx_rcc.o(.text)
    RCC_APB1PeriphClockLPModeCmd             0x08003623   Thumb Code    34  stm32f4xx_rcc.o(.text)
    RCC_APB2PeriphClockLPModeCmd             0x08003645   Thumb Code    34  stm32f4xx_rcc.o(.text)
    RCC_LSEModeConfig                        0x08003667   Thumb Code    40  stm32f4xx_rcc.o(.text)
    RCC_ITConfig                             0x0800368f   Thumb Code    34  stm32f4xx_rcc.o(.text)
    RCC_ClearFlag                            0x080036b1   Thumb Code    18  stm32f4xx_rcc.o(.text)
    RCC_GetITStatus                          0x080036c3   Thumb Code    22  stm32f4xx_rcc.o(.text)
    RCC_ClearITPendingBit                    0x080036d9   Thumb Code     8  stm32f4xx_rcc.o(.text)
    USART_DeInit                             0x080036e5   Thumb Code   206  stm32f4xx_usart.o(.text)
    USART_Init                               0x080037b3   Thumb Code   204  stm32f4xx_usart.o(.text)
    USART_StructInit                         0x0800387f   Thumb Code    24  stm32f4xx_usart.o(.text)
    USART_ClockInit                          0x08003897   Thumb Code    32  stm32f4xx_usart.o(.text)
    USART_ClockStructInit                    0x080038b7   Thumb Code    12  stm32f4xx_usart.o(.text)
    USART_Cmd                                0x080038c3   Thumb Code    24  stm32f4xx_usart.o(.text)
    USART_SetPrescaler                       0x080038db   Thumb Code    16  stm32f4xx_usart.o(.text)
    USART_OverSampling8Cmd                   0x080038eb   Thumb Code    22  stm32f4xx_usart.o(.text)
    USART_OneBitMethodCmd                    0x08003901   Thumb Code    24  stm32f4xx_usart.o(.text)
    USART_SendData                           0x08003919   Thumb Code     8  stm32f4xx_usart.o(.text)
    USART_ReceiveData                        0x08003921   Thumb Code    10  stm32f4xx_usart.o(.text)
    USART_SetAddress                         0x0800392b   Thumb Code    18  stm32f4xx_usart.o(.text)
    USART_ReceiverWakeUpCmd                  0x0800393d   Thumb Code    24  stm32f4xx_usart.o(.text)
    USART_WakeUpConfig                       0x08003955   Thumb Code    18  stm32f4xx_usart.o(.text)
    USART_LINBreakDetectLengthConfig         0x08003967   Thumb Code    18  stm32f4xx_usart.o(.text)
    USART_LINCmd                             0x08003979   Thumb Code    24  stm32f4xx_usart.o(.text)
    USART_SendBreak                          0x08003991   Thumb Code    10  stm32f4xx_usart.o(.text)
    USART_HalfDuplexCmd                      0x0800399b   Thumb Code    24  stm32f4xx_usart.o(.text)
    USART_SetGuardTime                       0x080039b3   Thumb Code    16  stm32f4xx_usart.o(.text)
    USART_SmartCardCmd                       0x080039c3   Thumb Code    24  stm32f4xx_usart.o(.text)
    USART_SmartCardNACKCmd                   0x080039db   Thumb Code    24  stm32f4xx_usart.o(.text)
    USART_IrDAConfig                         0x080039f3   Thumb Code    18  stm32f4xx_usart.o(.text)
    USART_IrDACmd                            0x08003a05   Thumb Code    24  stm32f4xx_usart.o(.text)
    USART_DMACmd                             0x08003a1d   Thumb Code    18  stm32f4xx_usart.o(.text)
    USART_ITConfig                           0x08003a2f   Thumb Code    74  stm32f4xx_usart.o(.text)
    USART_GetFlagStatus                      0x08003a79   Thumb Code    26  stm32f4xx_usart.o(.text)
    USART_ClearFlag                          0x08003a93   Thumb Code    18  stm32f4xx_usart.o(.text)
    USART_GetITStatus                        0x08003aa5   Thumb Code   118  stm32f4xx_usart.o(.text)
    USART_ClearITPendingBit                  0x08003b1b   Thumb Code    30  stm32f4xx_usart.o(.text)
    CAN_DeInit                               0x08003b39   Thumb Code    50  stm32f4xx_can.o(.text)
    CAN_Init                                 0x08003b6b   Thumb Code   276  stm32f4xx_can.o(.text)
    CAN_FilterInit                           0x08003c7f   Thumb Code   258  stm32f4xx_can.o(.text)
    CAN_StructInit                           0x08003d81   Thumb Code    32  stm32f4xx_can.o(.text)
    CAN_SlaveStartBank                       0x08003da1   Thumb Code    48  stm32f4xx_can.o(.text)
    CAN_DBGFreeze                            0x08003dd1   Thumb Code    22  stm32f4xx_can.o(.text)
    CAN_TTComModeCmd                         0x08003de7   Thumb Code   118  stm32f4xx_can.o(.text)
    CAN_Transmit                             0x08003e5d   Thumb Code   304  stm32f4xx_can.o(.text)
    CAN_TransmitStatus                       0x08003f8d   Thumb Code   138  stm32f4xx_can.o(.text)
    CAN_CancelTransmit                       0x08004017   Thumb Code    48  stm32f4xx_can.o(.text)
    CAN_Receive                              0x08004047   Thumb Code   240  stm32f4xx_can.o(.text)
    CAN_FIFORelease                          0x08004137   Thumb Code    22  stm32f4xx_can.o(.text)
    CAN_MessagePending                       0x0800414d   Thumb Code    30  stm32f4xx_can.o(.text)
    CAN_OperatingModeRequest                 0x0800416b   Thumb Code   162  stm32f4xx_can.o(.text)
    CAN_Sleep                                0x0800420d   Thumb Code    30  stm32f4xx_can.o(.text)
    CAN_WakeUp                               0x0800422b   Thumb Code    48  stm32f4xx_can.o(.text)
    CAN_GetLastErrorCode                     0x0800425b   Thumb Code    12  stm32f4xx_can.o(.text)
    CAN_GetReceiveErrorCounter               0x08004267   Thumb Code    10  stm32f4xx_can.o(.text)
    CAN_GetLSBTransmitErrorCounter           0x08004271   Thumb Code    12  stm32f4xx_can.o(.text)
    CAN_ITConfig                             0x0800427d   Thumb Code    18  stm32f4xx_can.o(.text)
    CAN_GetFlagStatus                        0x0800428f   Thumb Code   120  stm32f4xx_can.o(.text)
    CAN_ClearFlag                            0x08004307   Thumb Code    52  stm32f4xx_can.o(.text)
    CAN_GetITStatus                          0x0800434d   Thumb Code   310  stm32f4xx_can.o(.text)
    CAN_ClearITPendingBit                    0x08004483   Thumb Code   162  stm32f4xx_can.o(.text)
    ADC_DeInit                               0x08004529   Thumb Code    22  stm32f4xx_adc.o(.text)
    ADC_Init                                 0x0800453f   Thumb Code    74  stm32f4xx_adc.o(.text)
    ADC_StructInit                           0x08004589   Thumb Code    20  stm32f4xx_adc.o(.text)
    ADC_CommonInit                           0x0800459d   Thumb Code    34  stm32f4xx_adc.o(.text)
    ADC_CommonStructInit                     0x080045bf   Thumb Code    12  stm32f4xx_adc.o(.text)
    ADC_Cmd                                  0x080045cb   Thumb Code    22  stm32f4xx_adc.o(.text)
    ADC_AnalogWatchdogCmd                    0x080045e1   Thumb Code    16  stm32f4xx_adc.o(.text)
    ADC_AnalogWatchdogThresholdsConfig       0x080045f1   Thumb Code     6  stm32f4xx_adc.o(.text)
    ADC_AnalogWatchdogSingleChannelConfig    0x080045f7   Thumb Code    16  stm32f4xx_adc.o(.text)
    ADC_TempSensorVrefintCmd                 0x08004607   Thumb Code    34  stm32f4xx_adc.o(.text)
    ADC_VBATCmd                              0x08004629   Thumb Code    34  stm32f4xx_adc.o(.text)
    ADC_RegularChannelConfig                 0x0800464b   Thumb Code   184  stm32f4xx_adc.o(.text)
    ADC_SoftwareStartConv                    0x08004703   Thumb Code    10  stm32f4xx_adc.o(.text)
    ADC_GetSoftwareStartConvStatus           0x0800470d   Thumb Code    20  stm32f4xx_adc.o(.text)
    ADC_EOCOnEachRegularChannelCmd           0x08004721   Thumb Code    22  stm32f4xx_adc.o(.text)
    ADC_ContinuousModeCmd                    0x08004737   Thumb Code    22  stm32f4xx_adc.o(.text)
    ADC_DiscModeChannelCountConfig           0x0800474d   Thumb Code    24  stm32f4xx_adc.o(.text)
    ADC_DiscModeCmd                          0x08004765   Thumb Code    22  stm32f4xx_adc.o(.text)
    ADC_GetConversionValue                   0x0800477b   Thumb Code     8  stm32f4xx_adc.o(.text)
    ADC_GetMultiModeConversionValue          0x08004783   Thumb Code     8  stm32f4xx_adc.o(.text)
    ADC_DMACmd                               0x0800478b   Thumb Code    22  stm32f4xx_adc.o(.text)
    ADC_DMARequestAfterLastTransferCmd       0x080047a1   Thumb Code    22  stm32f4xx_adc.o(.text)
    ADC_MultiModeDMARequestAfterLastTransferCmd 0x080047b7   Thumb Code    34  stm32f4xx_adc.o(.text)
    ADC_InjectedChannelConfig                0x080047d9   Thumb Code   130  stm32f4xx_adc.o(.text)
    ADC_InjectedSequencerLengthConfig        0x0800485b   Thumb Code    24  stm32f4xx_adc.o(.text)
    ADC_SetInjectedOffset                    0x08004873   Thumb Code    20  stm32f4xx_adc.o(.text)
    ADC_ExternalTrigInjectedConvConfig       0x08004887   Thumb Code    16  stm32f4xx_adc.o(.text)
    ADC_ExternalTrigInjectedConvEdgeConfig   0x08004897   Thumb Code    16  stm32f4xx_adc.o(.text)
    ADC_SoftwareStartInjectedConv            0x080048a7   Thumb Code    10  stm32f4xx_adc.o(.text)
    ADC_GetSoftwareStartInjectedConvCmdStatus 0x080048b1   Thumb Code    20  stm32f4xx_adc.o(.text)
    ADC_AutoInjectedConvCmd                  0x080048c5   Thumb Code    22  stm32f4xx_adc.o(.text)
    ADC_InjectedDiscModeCmd                  0x080048db   Thumb Code    22  stm32f4xx_adc.o(.text)
    ADC_GetInjectedConversionValue           0x080048f1   Thumb Code    28  stm32f4xx_adc.o(.text)
    ADC_ITConfig                             0x0800490d   Thumb Code    56  stm32f4xx_adc.o(.text)
    ADC_GetFlagStatus                        0x08004945   Thumb Code    18  stm32f4xx_adc.o(.text)
    ADC_ClearFlag                            0x08004957   Thumb Code     6  stm32f4xx_adc.o(.text)
    ADC_GetITStatus                          0x0800495d   Thumb Code    38  stm32f4xx_adc.o(.text)
    ADC_ClearITPendingBit                    0x08004983   Thumb Code    10  stm32f4xx_adc.o(.text)
    DAC_DeInit                               0x0800498d   Thumb Code    22  stm32f4xx_dac.o(.text)
    DAC_Init                                 0x080049a3   Thumb Code    46  stm32f4xx_dac.o(.text)
    DAC_StructInit                           0x080049d1   Thumb Code    12  stm32f4xx_dac.o(.text)
    DAC_Cmd                                  0x080049dd   Thumb Code    34  stm32f4xx_dac.o(.text)
    DAC_SoftwareTriggerCmd                   0x080049ff   Thumb Code    48  stm32f4xx_dac.o(.text)
    DAC_DualSoftwareTriggerCmd               0x08004a2f   Thumb Code    38  stm32f4xx_dac.o(.text)
    DAC_WaveGenerationCmd                    0x08004a55   Thumb Code    36  stm32f4xx_dac.o(.text)
    DAC_SetChannel1Data                      0x08004a79   Thumb Code    26  stm32f4xx_dac.o(.text)
    DAC_SetChannel2Data                      0x08004a93   Thumb Code    26  stm32f4xx_dac.o(.text)
    DAC_SetDualChannelData                   0x08004aad   Thumb Code    32  stm32f4xx_dac.o(.text)
    DAC_GetDataOutputValue                   0x08004acd   Thumb Code    32  stm32f4xx_dac.o(.text)
    DAC_DMACmd                               0x08004aed   Thumb Code    38  stm32f4xx_dac.o(.text)
    DAC_ITConfig                             0x08004b13   Thumb Code    36  stm32f4xx_dac.o(.text)
    DAC_GetFlagStatus                        0x08004b37   Thumb Code    28  stm32f4xx_dac.o(.text)
    DAC_ClearFlag                            0x08004b53   Thumb Code    12  stm32f4xx_dac.o(.text)
    DAC_GetITStatus                          0x08004b5f   Thumb Code    44  stm32f4xx_dac.o(.text)
    DAC_ClearITPendingBit                    0x08004b8b   Thumb Code    12  stm32f4xx_dac.o(.text)
    TIM_DeInit                               0x08004b9d   Thumb Code   346  stm32f4xx_tim.o(.text)
    TIM_TimeBaseInit                         0x08004cf7   Thumb Code   104  stm32f4xx_tim.o(.text)
    TIM_TimeBaseStructInit                   0x08004d5f   Thumb Code    18  stm32f4xx_tim.o(.text)
    TIM_PrescalerConfig                      0x08004d71   Thumb Code     6  stm32f4xx_tim.o(.text)
    TIM_CounterModeConfig                    0x08004d77   Thumb Code    18  stm32f4xx_tim.o(.text)
    TIM_SetCounter                           0x08004d89   Thumb Code     4  stm32f4xx_tim.o(.text)
    TIM_SetAutoreload                        0x08004d8d   Thumb Code     4  stm32f4xx_tim.o(.text)
    TIM_GetCounter                           0x08004d91   Thumb Code     6  stm32f4xx_tim.o(.text)
    TIM_GetPrescaler                         0x08004d97   Thumb Code     6  stm32f4xx_tim.o(.text)
    TIM_UpdateDisableConfig                  0x08004d9d   Thumb Code    24  stm32f4xx_tim.o(.text)
    TIM_UpdateRequestConfig                  0x08004db5   Thumb Code    24  stm32f4xx_tim.o(.text)
    TIM_ARRPreloadConfig                     0x08004dcd   Thumb Code    24  stm32f4xx_tim.o(.text)
    TIM_SelectOnePulseMode                   0x08004de5   Thumb Code    18  stm32f4xx_tim.o(.text)
    TIM_SetClockDivision                     0x08004df7   Thumb Code    18  stm32f4xx_tim.o(.text)
    TIM_Cmd                                  0x08004e09   Thumb Code    24  stm32f4xx_tim.o(.text)
    TIM_OC1Init                              0x08004e21   Thumb Code   114  stm32f4xx_tim.o(.text)
    TIM_OC2Init                              0x08004e93   Thumb Code   154  stm32f4xx_tim.o(.text)
    TIM_OC3Init                              0x08004f2d   Thumb Code   204  stm32f4xx_tim.o(.text)
    TIM_OC4Init                              0x08004ff9   Thumb Code   112  stm32f4xx_tim.o(.text)
    TIM_OCStructInit                         0x08005069   Thumb Code    20  stm32f4xx_tim.o(.text)
    TIM_SelectOCxM                           0x0800507d   Thumb Code    86  stm32f4xx_tim.o(.text)
    TIM_SetCompare1                          0x080050d3   Thumb Code     4  stm32f4xx_tim.o(.text)
    TIM_SetCompare2                          0x080050d7   Thumb Code     4  stm32f4xx_tim.o(.text)
    TIM_SetCompare3                          0x080050db   Thumb Code     4  stm32f4xx_tim.o(.text)
    TIM_SetCompare4                          0x080050df   Thumb Code     4  stm32f4xx_tim.o(.text)
    TIM_ForcedOC1Config                      0x080050e3   Thumb Code    18  stm32f4xx_tim.o(.text)
    TIM_ForcedOC2Config                      0x080050f5   Thumb Code    26  stm32f4xx_tim.o(.text)
    TIM_ForcedOC3Config                      0x0800510f   Thumb Code    18  stm32f4xx_tim.o(.text)
    TIM_ForcedOC4Config                      0x08005121   Thumb Code    26  stm32f4xx_tim.o(.text)
    TIM_OC1PreloadConfig                     0x0800513b   Thumb Code    18  stm32f4xx_tim.o(.text)
    TIM_OC2PreloadConfig                     0x0800514d   Thumb Code    26  stm32f4xx_tim.o(.text)
    TIM_OC3PreloadConfig                     0x08005167   Thumb Code    18  stm32f4xx_tim.o(.text)
    TIM_OC4PreloadConfig                     0x08005179   Thumb Code    26  stm32f4xx_tim.o(.text)
    TIM_OC1FastConfig                        0x08005193   Thumb Code    18  stm32f4xx_tim.o(.text)
    TIM_OC2FastConfig                        0x080051a5   Thumb Code    26  stm32f4xx_tim.o(.text)
    TIM_OC3FastConfig                        0x080051bf   Thumb Code    18  stm32f4xx_tim.o(.text)
    TIM_OC4FastConfig                        0x080051d1   Thumb Code    26  stm32f4xx_tim.o(.text)
    TIM_ClearOC1Ref                          0x080051eb   Thumb Code    18  stm32f4xx_tim.o(.text)
    TIM_ClearOC2Ref                          0x080051fd   Thumb Code    24  stm32f4xx_tim.o(.text)
    TIM_ClearOC3Ref                          0x08005215   Thumb Code    18  stm32f4xx_tim.o(.text)
    TIM_ClearOC4Ref                          0x08005227   Thumb Code    24  stm32f4xx_tim.o(.text)
    TIM_OC1PolarityConfig                    0x0800523f   Thumb Code    18  stm32f4xx_tim.o(.text)
    TIM_OC1NPolarityConfig                   0x08005251   Thumb Code    18  stm32f4xx_tim.o(.text)
    TIM_OC2PolarityConfig                    0x08005263   Thumb Code    26  stm32f4xx_tim.o(.text)
    TIM_OC2NPolarityConfig                   0x0800527d   Thumb Code    26  stm32f4xx_tim.o(.text)
    TIM_OC3PolarityConfig                    0x08005297   Thumb Code    26  stm32f4xx_tim.o(.text)
    TIM_OC3NPolarityConfig                   0x080052b1   Thumb Code    26  stm32f4xx_tim.o(.text)
    TIM_OC4PolarityConfig                    0x080052cb   Thumb Code    26  stm32f4xx_tim.o(.text)
    TIM_CCxCmd                               0x080052e5   Thumb Code    30  stm32f4xx_tim.o(.text)
    TIM_CCxNCmd                              0x08005303   Thumb Code    30  stm32f4xx_tim.o(.text)
    TIM_SetIC4Prescaler                      0x08005321   Thumb Code    26  stm32f4xx_tim.o(.text)
    TIM_SetIC3Prescaler                      0x0800538b   Thumb Code    18  stm32f4xx_tim.o(.text)
    TIM_SetIC2Prescaler                      0x080053e5   Thumb Code    26  stm32f4xx_tim.o(.text)
    TIM_SetIC1Prescaler                      0x08005459   Thumb Code    18  stm32f4xx_tim.o(.text)
    TIM_ICInit                               0x080054a5   Thumb Code   110  stm32f4xx_tim.o(.text)
    TIM_ICStructInit                         0x08005513   Thumb Code    18  stm32f4xx_tim.o(.text)
    TIM_PWMIConfig                           0x08005525   Thumb Code   124  stm32f4xx_tim.o(.text)
    TIM_GetCapture1                          0x080055a1   Thumb Code     6  stm32f4xx_tim.o(.text)
    TIM_GetCapture2                          0x080055a7   Thumb Code     6  stm32f4xx_tim.o(.text)
    TIM_GetCapture3                          0x080055ad   Thumb Code     6  stm32f4xx_tim.o(.text)
    TIM_GetCapture4                          0x080055b3   Thumb Code     6  stm32f4xx_tim.o(.text)
    TIM_BDTRConfig                           0x080055b9   Thumb Code    32  stm32f4xx_tim.o(.text)
    TIM_BDTRStructInit                       0x080055d9   Thumb Code    18  stm32f4xx_tim.o(.text)
    TIM_CtrlPWMOutputs                       0x080055eb   Thumb Code    30  stm32f4xx_tim.o(.text)
    TIM_SelectCOM                            0x08005609   Thumb Code    24  stm32f4xx_tim.o(.text)
    TIM_CCPreloadControl                     0x08005621   Thumb Code    24  stm32f4xx_tim.o(.text)
    TIM_ITConfig                             0x08005639   Thumb Code    18  stm32f4xx_tim.o(.text)
    TIM_GenerateEvent                        0x0800564b   Thumb Code     4  stm32f4xx_tim.o(.text)
    TIM_GetFlagStatus                        0x0800564f   Thumb Code    18  stm32f4xx_tim.o(.text)
    TIM_ClearFlag                            0x08005661   Thumb Code     6  stm32f4xx_tim.o(.text)
    TIM_GetITStatus                          0x08005667   Thumb Code    34  stm32f4xx_tim.o(.text)
    TIM_ClearITPendingBit                    0x08005689   Thumb Code     6  stm32f4xx_tim.o(.text)
    TIM_DMAConfig                            0x0800568f   Thumb Code    10  stm32f4xx_tim.o(.text)
    TIM_DMACmd                               0x08005699   Thumb Code    18  stm32f4xx_tim.o(.text)
    TIM_SelectCCDMA                          0x080056ab   Thumb Code    24  stm32f4xx_tim.o(.text)
    TIM_InternalClockConfig                  0x080056c3   Thumb Code    12  stm32f4xx_tim.o(.text)
    TIM_SelectInputTrigger                   0x080056cf   Thumb Code    18  stm32f4xx_tim.o(.text)
    TIM_ITRxExternalClockConfig              0x080056e1   Thumb Code    24  stm32f4xx_tim.o(.text)
    TIM_TIxExternalClockConfig               0x080056f9   Thumb Code    62  stm32f4xx_tim.o(.text)
    TIM_ETRConfig                            0x08005737   Thumb Code    28  stm32f4xx_tim.o(.text)
    TIM_ETRClockMode1Config                  0x08005753   Thumb Code    54  stm32f4xx_tim.o(.text)
    TIM_ETRClockMode2Config                  0x08005789   Thumb Code    32  stm32f4xx_tim.o(.text)
    TIM_SelectOutputTrigger                  0x080057a9   Thumb Code    18  stm32f4xx_tim.o(.text)
    TIM_SelectSlaveMode                      0x080057bb   Thumb Code    18  stm32f4xx_tim.o(.text)
    TIM_SelectMasterSlaveMode                0x080057cd   Thumb Code    18  stm32f4xx_tim.o(.text)
    TIM_EncoderInterfaceConfig               0x080057df   Thumb Code    66  stm32f4xx_tim.o(.text)
    TIM_SelectHallSensor                     0x08005821   Thumb Code    24  stm32f4xx_tim.o(.text)
    TIM_RemapConfig                          0x08005839   Thumb Code     6  stm32f4xx_tim.o(.text)
    arm_mat_add_f32                          0x0800583f   Thumb Code   264  arm_mat_add_f32.o(.text)
    arm_mat_init_f32                         0x08005947   Thumb Code     8  arm_mat_init_f32.o(.text)
    arm_mat_mult_f32                         0x08005951   Thumb Code   312  arm_mat_mult_f32.o(.text)
    arm_mat_sub_f32                          0x08005a8d   Thumb Code   264  arm_mat_sub_f32.o(.text)
    __use_no_semihosting                     0x08005b95   Thumb Code     2  use_no_semi_2.o(.text)
    __use_two_region_memory                  0x08005b97   Thumb Code     2  heapauxi.o(.text)
    __rt_heap_escrow$2region                 0x08005b99   Thumb Code     2  heapauxi.o(.text)
    __rt_heap_expand$2region                 0x08005b9b   Thumb Code     2  heapauxi.o(.text)
    __I$use$semihosting                      0x08005b9d   Thumb Code     0  use_no_semi.o(.text)
    __use_no_semihosting_swi                 0x08005b9d   Thumb Code     2  use_no_semi.o(.text)
    __read_errno                             0x08005b9f   Thumb Code    10  _rserrno.o(.text)
    __set_errno                              0x08005ba9   Thumb Code    12  _rserrno.o(.text)
    __aeabi_errno_addr                       0x08005bb5   Thumb Code     8  rt_errno_addr_intlibspace.o(.text)
    __errno$intlibspace                      0x08005bb5   Thumb Code     0  rt_errno_addr_intlibspace.o(.text)
    __rt_errno_addr$intlibspace              0x08005bb5   Thumb Code     0  rt_errno_addr_intlibspace.o(.text)
    _fp_trap                                 0x08005bbd   Thumb Code    44  _fptrap.o(.text)
    __user_libspace                          0x08005bed   Thumb Code     8  libspace.o(.text)
    __user_perproc_libspace                  0x08005bed   Thumb Code     0  libspace.o(.text)
    __user_perthread_libspace                0x08005bed   Thumb Code     0  libspace.o(.text)
    __user_setup_stackheap                   0x08005bf5   Thumb Code    74  sys_stackheap_outer.o(.text)
    exit                                     0x08005c3f   Thumb Code    18  exit.o(.text)
    __rt_SIGFPE                              0x08005c51   Thumb Code    14  defsig_fpe_outer.o(.text)
    __sig_exit                               0x08005c5f   Thumb Code    10  defsig_exit.o(.text)
    __rt_SIGFPE_inner                        0x08005c69   Thumb Code    62  defsig_fpe_inner.o(.text)
    __default_signal_display                 0x08005d15   Thumb Code    50  defsig_general.o(.text)
    __ARM_fpclassify                         0x08005d47   Thumb Code    48  fpclassify.o(i.__ARM_fpclassify)
    __hardfp_fabs                            0x08005d77   Thumb Code    20  fabs.o(i.__hardfp_fabs)
    __hardfp_sin                             0x08005d91   Thumb Code   180  sin.o(i.__hardfp_sin)
    __ieee754_rem_pio2                       0x08005e59   Thumb Code   938  rred.o(i.__ieee754_rem_pio2)
    __kernel_cos                             0x08006291   Thumb Code   322  cos_i.o(i.__kernel_cos)
    __kernel_poly                            0x08006401   Thumb Code   248  poly.o(i.__kernel_poly)
    __kernel_sin                             0x080064f9   Thumb Code   280  sin_i.o(i.__kernel_sin)
    __mathlib_dbl_infnan                     0x08006629   Thumb Code    20  dunder.o(i.__mathlib_dbl_infnan)
    __mathlib_dbl_invalid                    0x08006641   Thumb Code    24  dunder.o(i.__mathlib_dbl_invalid)
    __mathlib_dbl_underflow                  0x08006661   Thumb Code    24  dunder.o(i.__mathlib_dbl_underflow)
    fabs                                     0x08006681   Thumb Code    24  fabs.o(i.fabs)
    __aeabi_dneg                             0x08006699   Thumb Code     0  basic.o(x$fpl$basic)
    _dneg                                    0x08006699   Thumb Code     6  basic.o(x$fpl$basic)
    __aeabi_fneg                             0x0800669f   Thumb Code     0  basic.o(x$fpl$basic)
    _fneg                                    0x0800669f   Thumb Code     6  basic.o(x$fpl$basic)
    _dabs                                    0x080066a5   Thumb Code     6  basic.o(x$fpl$basic)
    _fabs                                    0x080066ab   Thumb Code     6  basic.o(x$fpl$basic)
    __aeabi_d2f                              0x080066b1   Thumb Code     0  d2f_clz.o(x$fpl$d2f)
    _d2f                                     0x080066b1   Thumb Code   700  d2f_clz.o(x$fpl$d2f)
    __aeabi_dadd                             0x08006975   Thumb Code     0  daddsub_clz.o(x$fpl$dadd)
    _dadd                                    0x08006975   Thumb Code   580  daddsub_clz.o(x$fpl$dadd)
    __aeabi_ddiv                             0x08006bc1   Thumb Code     0  ddiv_clz.o(x$fpl$ddiv)
    _ddiv                                    0x08006bc1   Thumb Code   748  ddiv_clz.o(x$fpl$ddiv)
    __aeabi_d2iz                             0x08006f3d   Thumb Code     0  dfix.o(x$fpl$dfix)
    _dfix                                    0x08006f3d   Thumb Code   192  dfix.o(x$fpl$dfix)
    __aeabi_d2uiz                            0x08007005   Thumb Code     0  dfixu.o(x$fpl$dfixu)
    _dfixu                                   0x08007005   Thumb Code   212  dfixu.o(x$fpl$dfixu)
    __aeabi_i2d                              0x080070e1   Thumb Code     0  dflt_clz.o(x$fpl$dflt)
    _dflt                                    0x080070e1   Thumb Code    46  dflt_clz.o(x$fpl$dflt)
    __dflt_normalise                         0x0800710f   Thumb Code    26  dflt_clz.o(x$fpl$dfltn)
    __aeabi_ui2d                             0x08007129   Thumb Code     0  dflt_clz.o(x$fpl$dfltu)
    _dfltu                                   0x08007129   Thumb Code    38  dflt_clz.o(x$fpl$dfltu)
    __aeabi_dmul                             0x08007151   Thumb Code     0  dmul_clz.o(x$fpl$dmul)
    _dmul                                    0x08007151   Thumb Code   440  dmul_clz.o(x$fpl$dmul)
    __fpl_dnaninf                            0x08007311   Thumb Code   258  dnaninf.o(x$fpl$dnaninf)
    __fpl_drenorm2                           0x08007413   Thumb Code   106  drenorm_clz.o(x$fpl$drenorm)
    __fpl_drenorm1                           0x0800747d   Thumb Code     6  drenorm_clz.o(x$fpl$drenorm)
    __fpl_dretinf                            0x08007483   Thumb Code    12  dretinf.o(x$fpl$dretinf)
    __aeabi_drsub                            0x08007491   Thumb Code     0  daddsub_clz.o(x$fpl$drsb)
    _drsb                                    0x08007491   Thumb Code    74  daddsub_clz.o(x$fpl$drsb)
    __aeabi_dsub                             0x080074e1   Thumb Code     0  daddsub_clz.o(x$fpl$dsub)
    _dsub                                    0x080074e1   Thumb Code   664  daddsub_clz.o(x$fpl$dsub)
    __dunder                                 0x0800777d   Thumb Code   314  dunder_clz.o(x$fpl$dunder)
    __dunder_d                               0x080078b7   Thumb Code    64  dunder_clz.o(x$fpl$dunder)
    __fpl_exception                          0x080078f9   Thumb Code   454  except.o(x$fpl$exception)
    __aeabi_f2d                              0x08007ae5   Thumb Code     0  f2d.o(x$fpl$f2d)
    _f2d                                     0x08007ae5   Thumb Code   122  f2d.o(x$fpl$f2d)
    __fpl_fnaninf                            0x08007b5f   Thumb Code   242  fnaninf.o(x$fpl$fnaninf)
    _fp_init                                 0x08007c51   Thumb Code    10  fpinit.o(x$fpl$fpinit)
    __fplib_config_fpu_vfp                   0x08007c59   Thumb Code     0  fpinit.o(x$fpl$fpinit)
    __fplib_config_pureend_doubles           0x08007c59   Thumb Code     0  fpinit.o(x$fpl$fpinit)
    __fpl_fretinf                            0x08007c5b   Thumb Code    10  fretinf.o(x$fpl$fretinf)
    __funder                                 0x08007c65   Thumb Code   254  funder_clz.o(x$fpl$funder)
    __funder_d                               0x08007d63   Thumb Code    62  funder_clz.o(x$fpl$funder)
    __fpl_return_NaN                         0x08007da1   Thumb Code   178  retnan.o(x$fpl$retnan)
    _fp_trapveneer                           0x08007e53   Thumb Code    36  trapv.o(x$fpl$trapveneer)
    __fpl_cmpreturn                          0x08007e77   Thumb Code    90  trapv.o(x$fpl$trapveneer)
    CAN_baud_table                           0x08007ed0   Data         360  can.o(.constdata)
    __I$use$fp                               0x08007ed0   Number         0  usenofp.o(x$fpl$usenofp)
    Region$$Table$$Base                      0x08008158   Number         0  anon$$obj.o(Region$$Table)
    Region$$Table$$Limit                     0x08008178   Number         0  anon$$obj.o(Region$$Table)
    test_encoder_overflow_count              0x20000000   Data           4  main.o(.data)
    hardware_id                              0x20000004   Data           8  main.o(.data)
    current_Kp                               0x2000000c   Data           4  main.o(.data)
    current_Ki                               0x20000010   Data           4  main.o(.data)
    current_Kd                               0x20000014   Data           4  main.o(.data)
    speed_Kp                                 0x20000018   Data           4  main.o(.data)
    speed_Ki                                 0x2000001c   Data           4  main.o(.data)
    speed_Kd                                 0x20000020   Data           4  main.o(.data)
    position_Kp                              0x20000024   Data           4  main.o(.data)
    position_Ki                              0x20000028   Data           4  main.o(.data)
    position_Kd                              0x2000002c   Data           4  main.o(.data)
    time_PID_delta_ms                        0x20000030   Data           4  main.o(.data)
    time_UpToDown_delta_ms                   0x20000034   Data           4  main.o(.data)
    num_pos_PID_count                        0x20000038   Data           4  main.o(.data)
    num_spd_PID_count                        0x2000003c   Data           4  main.o(.data)
    num_cur_PID_count                        0x20000040   Data           4  main.o(.data)
    speed_send                               0x20000044   Data           2  main.o(.data)
    speed_send_sym                           0x20000046   Data           1  main.o(.data)
    position_send                            0x20000047   Data           3  main.o(.data)
    position_send_sym                        0x2000004a   Data           1  main.o(.data)
    temperature                              0x2000004b   Data           2  main.o(.data)
    current                                  0x2000004d   Data           2  main.o(.data)
    current_send_sym                         0x2000004f   Data           1  main.o(.data)
    acceleration_1                           0x20000050   Data           2  main.o(.data)
    acceleration_2                           0x20000052   Data           2  main.o(.data)
    acceleration_3                           0x20000054   Data           2  main.o(.data)
    angular_speed_1                          0x20000056   Data           2  main.o(.data)
    angular_speed_2                          0x20000058   Data           2  main.o(.data)
    angular_speed_3                          0x2000005a   Data           2  main.o(.data)
    rpy_angle_r                              0x2000005c   Data           2  main.o(.data)
    rpy_angle_p                              0x2000005e   Data           2  main.o(.data)
    rpy_angle_y                              0x20000060   Data           2  main.o(.data)
    speed_actual                             0x20000064   Data           4  main.o(.data)
    position_actual                          0x20000068   Data           4  main.o(.data)
    current_actual                           0x2000006c   Data           4  main.o(.data)
    _position                                0x20000070   Data           4  main.o(.data)
    _speed                                   0x20000074   Data           4  main.o(.data)
    _current                                 0x20000078   Data           4  main.o(.data)
    speed_control                            0x2000007c   Data           8  main.o(.data)
    current_control                          0x20000084   Data           8  main.o(.data)
    position_control                         0x2000008c   Data           8  main.o(.data)
    encoder_overflow_count                   0x20000098   Data           8  main.o(.data)
    mode                                     0x200000a0   Data           1  main.o(.data)
    iii_t                                    0x200000a4   Data           4  main.o(.data)
    i                                        0x200000a8   Data           4  main.o(.data)
    t                                        0x200000ac   Data           4  main.o(.data)
    j                                        0x200000b0   Data           4  main.o(.data)
    my_tim5_test                             0x200000b4   Data           4  stm32f4xx_it.o(.data)
    down_test_num                            0x200000b8   Data           4  stm32f4xx_it.o(.data)
    up_test_num                              0x200000bc   Data           4  stm32f4xx_it.o(.data)
    SystemCoreClock                          0x200000c0   Data           4  system_stm32f4xx.o(.data)
    AHBPrescTable                            0x200000c4   Data          16  system_stm32f4xx.o(.data)
    CanStdId                                 0x200000d4   Data           2  can.o(.data)
    CanFilterIdHigh                          0x200000d6   Data           2  can.o(.data)
    CanFilterIdLow                           0x200000d8   Data           2  can.o(.data)
    CanFilterMask                            0x200000da   Data           2  can.o(.data)
    CanFilterMaskIdHigh                      0x200000dc   Data           2  can.o(.data)
    CanFilterMaskIdLow                       0x200000de   Data           2  can.o(.data)
    CAN1_data                                0x200000e0   Data           8  can.o(.data)
    can1_rec_flag                            0x200000e8   Data           1  can.o(.data)
    CAN2_data                                0x200000e9   Data           8  can.o(.data)
    can2_rec_flag                            0x200000f1   Data           1  can.o(.data)
    current_output_DAC                       0x200000f4   Data           4  servo.o(.data)
    my_if_clockwise_test                     0x200000f8   Data           4  servo.o(.data)
    speed_output                             0x200000fc   Data           8  servo.o(.data)
    current_output                           0x20000104   Data           8  servo.o(.data)
    clear_PID_buf_cnt                        0x2000010c   Data           4  servo.o(.data)
    speed_change                             0x20000110   Data           4  servo.o(.data)
    current_change                           0x20000114   Data           4  servo.o(.data)
    position_output                          0x20000118   Data           8  servo.o(.data)
    position_demand                          0x20000120   Data           4  servo.o(.data)
    i_enc_cnt                                0x20000124   Data           4  servo.o(.data)
    delta_pos                                0x20000128   Data           4  servo.o(.data)
    original_absolute_position               0x2000012c   Data           4  servo.o(.data)
    speed_raw                                0x20000130   Data           4  servo.o(.data)
    position_raw                             0x20000134   Data           4  servo.o(.data)
    delta_count_tmp                          0x20000138   Data           4  servo.o(.data)
    current_measure                          0x2000013c   Data           4  servo.o(.data)
    ADCConvertedValue                        0x20000140   Data           4  servo.o(.data)
    current_raw                              0x20000144   Data           4  servo.o(.data)
    i_pid_cur                                0x20000148   Data           4  servo.o(.data)
    current_bias_max                         0x2000014c   Data           4  servo.o(.data)
    current_demand                           0x20000150   Data           4  servo.o(.data)
    i_pid_spd                                0x20000154   Data           4  servo.o(.data)
    speed_bias_max                           0x20000158   Data           4  servo.o(.data)
    speed_demand                             0x2000015c   Data           4  servo.o(.data)
    i_pid_pos                                0x20000160   Data           4  servo.o(.data)
    position_ignore_delta                    0x20000164   Data           4  servo.o(.data)
    position_bias_max                        0x20000168   Data           4  servo.o(.data)
    Q_init                                   0x2000016c   Data           4  kalman.o(.data)
    R_init                                   0x20000170   Data           4  kalman.o(.data)
    zk_init                                  0x20000174   Data           4  kalman.o(.data)
    H_init                                   0x20000178   Data           8  kalman.o(.data)
    HT_init                                  0x20000180   Data           8  kalman.o(.data)
    A_init                                   0x20000188   Data          16  kalman.o(.data)
    AT_init                                  0x20000198   Data          16  kalman.o(.data)
    eye_2_init                               0x200001a8   Data          16  kalman.o(.data)
    Pk__init                                 0x200001b8   Data          16  kalman.o(.data)
    Pk_init                                  0x200001c8   Data          16  kalman.o(.data)
    Pkk_init                                 0x200001d8   Data          16  kalman.o(.data)
    zeros_2_init                             0x200001e8   Data           8  kalman.o(.data)
    xk__init                                 0x200001f0   Data           8  kalman.o(.data)
    xk_init                                  0x200001f8   Data           8  kalman.o(.data)
    K_init                                   0x20000200   Data           8  kalman.o(.data)
    xkk_init                                 0x20000208   Data           8  kalman.o(.data)
    temp_1x1_0_init                          0x20000210   Data           4  kalman.o(.data)
    temp_1x1_1_init                          0x20000214   Data           4  kalman.o(.data)
    temp_1x1_2_init                          0x20000218   Data           4  kalman.o(.data)
    temp_1x1_3_init                          0x2000021c   Data           4  kalman.o(.data)
    temp_1x1_4_init                          0x20000220   Data           4  kalman.o(.data)
    temp_1x1_5_init                          0x20000224   Data           4  kalman.o(.data)
    temp_2x1_0_init                          0x20000228   Data           8  kalman.o(.data)
    temp_2x1_1_init                          0x20000230   Data           8  kalman.o(.data)
    temp_2x1_2_init                          0x20000238   Data           8  kalman.o(.data)
    temp_2x1_3_init                          0x20000240   Data           8  kalman.o(.data)
    temp_2x1_4_init                          0x20000248   Data           8  kalman.o(.data)
    temp_2x1_5_init                          0x20000250   Data           8  kalman.o(.data)
    temp_1x2_0_init                          0x20000258   Data           8  kalman.o(.data)
    temp_1x2_1_init                          0x20000260   Data           8  kalman.o(.data)
    temp_1x2_2_init                          0x20000268   Data           8  kalman.o(.data)
    temp_1x2_3_init                          0x20000270   Data           8  kalman.o(.data)
    temp_1x2_4_init                          0x20000278   Data           8  kalman.o(.data)
    temp_1x2_5_init                          0x20000280   Data           8  kalman.o(.data)
    Pk_                                      0x20000288   Data           8  kalman.o(.data)
    xk_                                      0x20000290   Data           8  kalman.o(.data)
    xk                                       0x20000298   Data           8  kalman.o(.data)
    xkk                                      0x200002a0   Data           8  kalman.o(.data)
    Pkk                                      0x200002a8   Data           8  kalman.o(.data)
    A                                        0x200002b0   Data           8  kalman.o(.data)
    AT                                       0x200002b8   Data           8  kalman.o(.data)
    H                                        0x200002c0   Data           8  kalman.o(.data)
    HT                                       0x200002c8   Data           8  kalman.o(.data)
    K                                        0x200002d0   Data           8  kalman.o(.data)
    zk                                       0x200002d8   Data           8  kalman.o(.data)
    Pk                                       0x200002e0   Data           8  kalman.o(.data)
    Q                                        0x200002e8   Data           8  kalman.o(.data)
    R                                        0x200002f0   Data           8  kalman.o(.data)
    eye_2                                    0x200002f8   Data           8  kalman.o(.data)
    temp_1x1_0                               0x20000300   Data           8  kalman.o(.data)
    temp_1x1_1                               0x20000308   Data           8  kalman.o(.data)
    temp_1x1_2                               0x20000310   Data           8  kalman.o(.data)
    temp_1x1_3                               0x20000318   Data           8  kalman.o(.data)
    temp_1x1_4                               0x20000320   Data           8  kalman.o(.data)
    temp_1x1_5                               0x20000328   Data           8  kalman.o(.data)
    temp_2x1_0                               0x20000330   Data           8  kalman.o(.data)
    temp_2x1_1                               0x20000338   Data           8  kalman.o(.data)
    temp_2x1_2                               0x20000340   Data           8  kalman.o(.data)
    temp_2x1_3                               0x20000348   Data           8  kalman.o(.data)
    temp_2x1_4                               0x20000350   Data           8  kalman.o(.data)
    temp_2x1_5                               0x20000358   Data           8  kalman.o(.data)
    temp_1x2_0                               0x20000360   Data           8  kalman.o(.data)
    temp_1x2_1                               0x20000368   Data           8  kalman.o(.data)
    temp_1x2_2                               0x20000370   Data           8  kalman.o(.data)
    temp_1x2_3                               0x20000378   Data           8  kalman.o(.data)
    temp_1x2_4                               0x20000380   Data           8  kalman.o(.data)
    temp_1x2_5                               0x20000388   Data           8  kalman.o(.data)
    temp_2x2_0                               0x20000390   Data           8  kalman.o(.data)
    temp_2x2_1                               0x20000398   Data           8  kalman.o(.data)
    temp_2x2_2                               0x200003a0   Data           8  kalman.o(.data)
    temp_2x2_3                               0x200003a8   Data           8  kalman.o(.data)
    temp_2x2_4                               0x200003b0   Data           8  kalman.o(.data)
    temp_2x2_5                               0x200003b8   Data           8  kalman.o(.data)
    current_xk_                              0x200003c0   Data           4  kalman.o(.data)
    current_A                                0x200003c4   Data           4  kalman.o(.data)
    current_xkk                              0x200003c8   Data           4  kalman.o(.data)
    current_zk                               0x200003cc   Data           4  kalman.o(.data)
    current_xk                               0x200003d0   Data           4  kalman.o(.data)
    current_H                                0x200003d4   Data           4  kalman.o(.data)
    __stdout                                 0x200003dc   Data           4  usart.o(.data)
    USART_RX_STA                             0x200003e0   Data           2  usart.o(.data)
    ADC_InitStructure                        0x200003f4   Data          24  main.o(.bss)
    TIM_TimeBaseStructure                    0x2000040c   Data          12  main.o(.bss)
    TIM_OCInitStructure                      0x20000418   Data          20  main.o(.bss)
    TIM_ICInitStructure                      0x2000042c   Data          10  main.o(.bss)
    pos_coeff                                0x20000438   Data          16  main.o(.bss)
    speed_coeff                              0x20000448   Data          12  main.o(.bss)
    OD                                       0x20000454   Data          28  main.o(.bss)
    pos_read_before                          0x20000470   Data          96  main.o(.bss)
    position_bias                            0x200004d0   Data          48  servo.o(.bss)
    speed_bias                               0x20000500   Data          48  servo.o(.bss)
    current_bias                             0x20000530   Data          48  servo.o(.bss)
    current_PID_x                            0x20000560   Data          12  servo.o(.bss)
    speed_PID_x                              0x2000056c   Data          12  servo.o(.bss)
    position_PID_x                           0x20000578   Data          12  servo.o(.bss)
    pos_count_last                           0x20000584   Data          96  servo.o(.bss)
    pos_before                               0x200005e4   Data          96  servo.o(.bss)
    temp_2x2_0_init                          0x20000644   Data          16  kalman.o(.bss)
    temp_2x2_1_init                          0x20000654   Data          16  kalman.o(.bss)
    temp_2x2_2_init                          0x20000664   Data          16  kalman.o(.bss)
    temp_2x2_3_init                          0x20000674   Data          16  kalman.o(.bss)
    temp_2x2_4_init                          0x20000684   Data          16  kalman.o(.bss)
    temp_2x2_5_init                          0x20000694   Data          16  kalman.o(.bss)
    USART_RX_BUF                             0x200006a4   Data         200  usart.o(.bss)
    __libspace_start                         0x2000076c   Data          96  libspace.o(.bss)
    __temporary_stack_top$libspace           0x200007cc   Data           0  libspace.o(.bss)



==============================================================================

Memory Map of the image

  Image Entry point : 0x08000189

  Load Region LR_IROM1 (Base: 0x08000000, Size: 0x0000856c, Max: 0x00080000, ABSOLUTE, COMPRESSED[0x0000820c])

    Execution Region ER_IROM1 (Base: 0x08000000, Size: 0x00008178, Max: 0x00080000, ABSOLUTE)

    Base Addr    Size         Type   Attr      Idx    E Section Name        Object

    0x08000000   0x00000188   Data   RO          437    RESET               startup_stm32f40_41xxx.o
    0x08000188   0x00000008   Code   RO         1143  * !!!main             c_w.l(__main.o)
    0x08000190   0x00000034   Code   RO         1414    !!!scatter          c_w.l(__scatter.o)
    0x080001c4   0x0000005a   Code   RO         1412    !!dczerorl2         c_w.l(__dczerorl2.o)
    0x0800021e   0x00000002   PAD
    0x08000220   0x0000001c   Code   RO         1416    !!handler_zi        c_w.l(__scatter_zi.o)
    0x0800023c   0x00000002   Code   RO         1291    .ARM.Collect$$libinit$$00000000  c_w.l(libinit.o)
    0x0800023e   0x00000004   Code   RO         1300    .ARM.Collect$$libinit$$00000001  c_w.l(libinit2.o)
    0x08000242   0x00000000   Code   RO         1303    .ARM.Collect$$libinit$$00000004  c_w.l(libinit2.o)
    0x08000242   0x00000000   Code   RO         1306    .ARM.Collect$$libinit$$0000000A  c_w.l(libinit2.o)
    0x08000242   0x00000000   Code   RO         1308    .ARM.Collect$$libinit$$0000000C  c_w.l(libinit2.o)
    0x08000242   0x00000000   Code   RO         1310    .ARM.Collect$$libinit$$0000000E  c_w.l(libinit2.o)
    0x08000242   0x00000000   Code   RO         1313    .ARM.Collect$$libinit$$00000011  c_w.l(libinit2.o)
    0x08000242   0x00000000   Code   RO         1315    .ARM.Collect$$libinit$$00000013  c_w.l(libinit2.o)
    0x08000242   0x00000000   Code   RO         1317    .ARM.Collect$$libinit$$00000015  c_w.l(libinit2.o)
    0x08000242   0x00000000   Code   RO         1319    .ARM.Collect$$libinit$$00000017  c_w.l(libinit2.o)
    0x08000242   0x00000000   Code   RO         1321    .ARM.Collect$$libinit$$00000019  c_w.l(libinit2.o)
    0x08000242   0x00000000   Code   RO         1323    .ARM.Collect$$libinit$$0000001B  c_w.l(libinit2.o)
    0x08000242   0x00000000   Code   RO         1325    .ARM.Collect$$libinit$$0000001D  c_w.l(libinit2.o)
    0x08000242   0x00000000   Code   RO         1327    .ARM.Collect$$libinit$$0000001F  c_w.l(libinit2.o)
    0x08000242   0x00000000   Code   RO         1329    .ARM.Collect$$libinit$$00000021  c_w.l(libinit2.o)
    0x08000242   0x00000000   Code   RO         1331    .ARM.Collect$$libinit$$00000023  c_w.l(libinit2.o)
    0x08000242   0x00000000   Code   RO         1333    .ARM.Collect$$libinit$$00000025  c_w.l(libinit2.o)
    0x08000242   0x00000000   Code   RO         1337    .ARM.Collect$$libinit$$0000002C  c_w.l(libinit2.o)
    0x08000242   0x00000000   Code   RO         1339    .ARM.Collect$$libinit$$0000002E  c_w.l(libinit2.o)
    0x08000242   0x00000000   Code   RO         1341    .ARM.Collect$$libinit$$00000030  c_w.l(libinit2.o)
    0x08000242   0x00000000   Code   RO         1343    .ARM.Collect$$libinit$$00000032  c_w.l(libinit2.o)
    0x08000242   0x00000002   Code   RO         1344    .ARM.Collect$$libinit$$00000033  c_w.l(libinit2.o)
    0x08000244   0x00000002   Code   RO         1368    .ARM.Collect$$libshutdown$$00000000  c_w.l(libshutdown.o)
    0x08000246   0x00000000   Code   RO         1394    .ARM.Collect$$libshutdown$$00000002  c_w.l(libshutdown2.o)
    0x08000246   0x00000000   Code   RO         1396    .ARM.Collect$$libshutdown$$00000004  c_w.l(libshutdown2.o)
    0x08000246   0x00000000   Code   RO         1399    .ARM.Collect$$libshutdown$$00000007  c_w.l(libshutdown2.o)
    0x08000246   0x00000000   Code   RO         1402    .ARM.Collect$$libshutdown$$0000000A  c_w.l(libshutdown2.o)
    0x08000246   0x00000000   Code   RO         1404    .ARM.Collect$$libshutdown$$0000000C  c_w.l(libshutdown2.o)
    0x08000246   0x00000000   Code   RO         1407    .ARM.Collect$$libshutdown$$0000000F  c_w.l(libshutdown2.o)
    0x08000246   0x00000002   Code   RO         1408    .ARM.Collect$$libshutdown$$00000010  c_w.l(libshutdown2.o)
    0x08000248   0x00000000   Code   RO         1193    .ARM.Collect$$rtentry$$00000000  c_w.l(__rtentry.o)
    0x08000248   0x00000000   Code   RO         1244    .ARM.Collect$$rtentry$$00000002  c_w.l(__rtentry2.o)
    0x08000248   0x00000006   Code   RO         1256    .ARM.Collect$$rtentry$$00000004  c_w.l(__rtentry4.o)
    0x0800024e   0x00000000   Code   RO         1246    .ARM.Collect$$rtentry$$00000009  c_w.l(__rtentry2.o)
    0x0800024e   0x00000004   Code   RO         1247    .ARM.Collect$$rtentry$$0000000A  c_w.l(__rtentry2.o)
    0x08000252   0x00000000   Code   RO         1249    .ARM.Collect$$rtentry$$0000000C  c_w.l(__rtentry2.o)
    0x08000252   0x00000008   Code   RO         1250    .ARM.Collect$$rtentry$$0000000D  c_w.l(__rtentry2.o)
    0x0800025a   0x00000002   Code   RO         1292    .ARM.Collect$$rtexit$$00000000  c_w.l(rtexit.o)
    0x0800025c   0x00000000   Code   RO         1346    .ARM.Collect$$rtexit$$00000002  c_w.l(rtexit2.o)
    0x0800025c   0x00000004   Code   RO         1347    .ARM.Collect$$rtexit$$00000003  c_w.l(rtexit2.o)
    0x08000260   0x00000006   Code   RO         1348    .ARM.Collect$$rtexit$$00000004  c_w.l(rtexit2.o)
    0x08000266   0x00000002   PAD
    0x08000268   0x00000888   Code   RO            2    .text               main.o
    0x08000af0   0x000000d0   Code   RO          181    .text               stm32f4xx_it.o
    0x08000bc0   0x00000210   Code   RO          201    .text               system_stm32f4xx.o
    0x08000dd0   0x00000060   Code   RO          223    .text               nvic.o
    0x08000e30   0x00000038   Code   RO          279    .text               led.o
    0x08000e68   0x00000c78   Code   RO          295    .text               can.o
    0x08001ae0   0x000000cc   Code   RO          319    .text               enc.o
    0x08001bac   0x00000aa4   Code   RO          335    .text               servo.o
    0x08002650   0x0000042c   Code   RO          359    .text               kalman.o
    0x08002a7c   0x00000104   Code   RO          381    .text               delay.o
    0x08002b80   0x00000154   Code   RO          409    .text               usart.o
    0x08002cd4   0x00000040   Code   RO          438    .text               startup_stm32f40_41xxx.o
    0x08002d14   0x000000e0   Code   RO          443    .text               misc.o
    0x08002df4   0x00000294   Code   RO          459    .text               stm32f4xx_gpio.o
    0x08003088   0x0000065c   Code   RO          494    .text               stm32f4xx_rcc.o
    0x080036e4   0x00000454   Code   RO          528    .text               stm32f4xx_usart.o
    0x08003b38   0x000009f0   Code   RO          544    .text               stm32f4xx_can.o
    0x08004528   0x00000464   Code   RO          560    .text               stm32f4xx_adc.o
    0x0800498c   0x00000210   Code   RO          656    .text               stm32f4xx_dac.o
    0x08004b9c   0x00000ca2   Code   RO          988    .text               stm32f4xx_tim.o
    0x0800583e   0x00000108   Code   RO         1022    .text               arm_cortexM4lf_math.lib(arm_mat_add_f32.o)
    0x08005946   0x00000008   Code   RO         1068    .text               arm_cortexM4lf_math.lib(arm_mat_init_f32.o)
    0x0800594e   0x00000002   PAD
    0x08005950   0x0000013c   Code   RO         1092    .text               arm_cortexM4lf_math.lib(arm_mat_mult_f32.o)
    0x08005a8c   0x00000108   Code   RO         1116    .text               arm_cortexM4lf_math.lib(arm_mat_sub_f32.o)
    0x08005b94   0x00000002   Code   RO         1139    .text               c_w.l(use_no_semi_2.o)
    0x08005b96   0x00000006   Code   RO         1141    .text               c_w.l(heapauxi.o)
    0x08005b9c   0x00000002   Code   RO         1191    .text               c_w.l(use_no_semi.o)
    0x08005b9e   0x00000016   Code   RO         1194    .text               c_w.l(_rserrno.o)
    0x08005bb4   0x00000008   Code   RO         1261    .text               c_w.l(rt_errno_addr_intlibspace.o)
    0x08005bbc   0x00000030   Code   RO         1263    .text               c_w.l(_fptrap.o)
    0x08005bec   0x00000008   Code   RO         1275    .text               c_w.l(libspace.o)
    0x08005bf4   0x0000004a   Code   RO         1278    .text               c_w.l(sys_stackheap_outer.o)
    0x08005c3e   0x00000012   Code   RO         1280    .text               c_w.l(exit.o)
    0x08005c50   0x0000000e   Code   RO         1282    .text               c_w.l(defsig_fpe_outer.o)
    0x08005c5e   0x0000000a   Code   RO         1296    .text               c_w.l(defsig_exit.o)
    0x08005c68   0x000000ac   Code   RO         1298    .text               c_w.l(defsig_fpe_inner.o)
    0x08005d14   0x00000032   Code   RO         1354    .text               c_w.l(defsig_general.o)
    0x08005d46   0x00000030   Code   RO         1271    i.__ARM_fpclassify  m_wm.l(fpclassify.o)
    0x08005d76   0x00000014   Code   RO         1173    i.__hardfp_fabs     m_wm.l(fabs.o)
    0x08005d8a   0x00000006   PAD
    0x08005d90   0x000000c8   Code   RO         1179    i.__hardfp_sin      m_wm.l(sin.o)
    0x08005e58   0x00000438   Code   RO         1232    i.__ieee754_rem_pio2  m_wm.l(rred.o)
    0x08006290   0x00000170   Code   RO         1215    i.__kernel_cos      m_wm.l(cos_i.o)
    0x08006400   0x000000f8   Code   RO         1273    i.__kernel_poly     m_wm.l(poly.o)
    0x080064f8   0x00000130   Code   RO         1237    i.__kernel_sin      m_wm.l(sin_i.o)
    0x08006628   0x00000014   Code   RO         1219    i.__mathlib_dbl_infnan  m_wm.l(dunder.o)
    0x0800663c   0x00000004   PAD
    0x08006640   0x00000020   Code   RO         1221    i.__mathlib_dbl_invalid  m_wm.l(dunder.o)
    0x08006660   0x00000020   Code   RO         1224    i.__mathlib_dbl_underflow  m_wm.l(dunder.o)
    0x08006680   0x00000018   Code   RO         1175    i.fabs              m_wm.l(fabs.o)
    0x08006698   0x00000018   Code   RO         1145    x$fpl$basic         g_wm.l(basic.o)
    0x080066b0   0x000002c4   Code   RO         1147    x$fpl$d2f           g_wm.l(d2f_clz.o)
    0x08006974   0x0000024c   Code   RO         1149    x$fpl$dadd          g_wm.l(daddsub_clz.o)
    0x08006bc0   0x0000037c   Code   RO         1156    x$fpl$ddiv          g_wm.l(ddiv_clz.o)
    0x08006f3c   0x000000c8   Code   RO         1265    x$fpl$dfix          g_wm.l(dfix.o)
    0x08007004   0x000000dc   Code   RO         1159    x$fpl$dfixu         g_wm.l(dfixu.o)
    0x080070e0   0x0000002e   Code   RO         1164    x$fpl$dflt          g_wm.l(dflt_clz.o)
    0x0800710e   0x0000001a   Code   RO         1165    x$fpl$dfltn         g_wm.l(dflt_clz.o)
    0x08007128   0x00000026   Code   RO         1163    x$fpl$dfltu         g_wm.l(dflt_clz.o)
    0x0800714e   0x00000002   PAD
    0x08007150   0x000001c0   Code   RO         1169    x$fpl$dmul          g_wm.l(dmul_clz.o)
    0x08007310   0x00000102   Code   RO         1196    x$fpl$dnaninf       g_wm.l(dnaninf.o)
    0x08007412   0x00000070   Code   RO         1198    x$fpl$drenorm       g_wm.l(drenorm_clz.o)
    0x08007482   0x0000000c   Code   RO         1200    x$fpl$dretinf       g_wm.l(dretinf.o)
    0x0800748e   0x00000002   PAD
    0x08007490   0x00000050   Code   RO         1150    x$fpl$drsb          g_wm.l(daddsub_clz.o)
    0x080074e0   0x0000029c   Code   RO         1151    x$fpl$dsub          g_wm.l(daddsub_clz.o)
    0x0800777c   0x0000017a   Code   RO         1202    x$fpl$dunder        g_wm.l(dunder_clz.o)
    0x080078f6   0x00000002   PAD
    0x080078f8   0x000001ec   Code   RO         1204    x$fpl$exception     g_wm.l(except.o)
    0x08007ae4   0x0000007a   Code   RO         1171    x$fpl$f2d           g_wm.l(f2d.o)
    0x08007b5e   0x000000f2   Code   RO         1206    x$fpl$fnaninf       g_wm.l(fnaninf.o)
    0x08007c50   0x0000000a   Code   RO         1358    x$fpl$fpinit        g_wm.l(fpinit.o)
    0x08007c5a   0x0000000a   Code   RO         1208    x$fpl$fretinf       g_wm.l(fretinf.o)
    0x08007c64   0x0000013c   Code   RO         1210    x$fpl$funder        g_wm.l(funder_clz.o)
    0x08007da0   0x000000b2   Code   RO         1269    x$fpl$retnan        g_wm.l(retnan.o)
    0x08007e52   0x0000007e   Code   RO         1212    x$fpl$trapveneer    g_wm.l(trapv.o)
    0x08007ed0   0x00000000   Code   RO         1214    x$fpl$usenofp       g_wm.l(usenofp.o)
    0x08007ed0   0x00000168   Data   RO          296    .constdata          can.o
    0x08008038   0x00000030   Data   RO         1216    .constdata          m_wm.l(cos_i.o)
    0x08008068   0x000000c8   Data   RO         1234    .constdata          m_wm.l(rred.o)
    0x08008130   0x00000028   Data   RO         1238    .constdata          m_wm.l(sin_i.o)
    0x08008158   0x00000020   Data   RO         1410    Region$$Table       anon$$obj.o


    Execution Region RW_IRAM1 (Base: 0x20000000, Size: 0x00000dd0, Max: 0x00020000, ABSOLUTE, COMPRESSED[0x00000094])

    Base Addr    Size         Type   Attr      Idx    E Section Name        Object

    0x20000000   0x000000b4   Data   RW            4    .data               main.o
    0x200000b4   0x0000000c   Data   RW          182    .data               stm32f4xx_it.o
    0x200000c0   0x00000014   Data   RW          202    .data               system_stm32f4xx.o
    0x200000d4   0x0000001e   Data   RW          297    .data               can.o
    0x200000f2   0x00000002   PAD
    0x200000f4   0x00000078   Data   RW          337    .data               servo.o
    0x2000016c   0x0000026c   Data   RW          362    .data               kalman.o
    0x200003d8   0x00000004   Data   RW          382    .data               delay.o
    0x200003dc   0x00000006   Data   RW          411    .data               usart.o
    0x200003e2   0x00000010   Data   RW          495    .data               stm32f4xx_rcc.o
    0x200003f2   0x00000002   PAD
    0x200003f4   0x000000dc   Zero   RW            3    .bss                main.o
    0x200004d0   0x00000174   Zero   RW          336    .bss                servo.o
    0x20000644   0x00000060   Zero   RW          360    .bss                kalman.o
    0x200006a4   0x000000c8   Zero   RW          410    .bss                usart.o
    0x2000076c   0x00000060   Zero   RW         1276    .bss                c_w.l(libspace.o)
    0x200007cc   0x00000004   PAD
    0x200007d0   0x00000200   Zero   RW          436    HEAP                startup_stm32f40_41xxx.o
    0x200009d0   0x00000400   Zero   RW          435    STACK               startup_stm32f40_41xxx.o


==============================================================================

Image component sizes


      Code (inc. data)   RO Data    RW Data    ZI Data      Debug   Object Name

      3192        266        360         30          0       9221   can.o
       260          8          0          4          0       1501   delay.o
       204         10          0          0          0        716   enc.o
      1068        364          0        620         96       5418   kalman.o
        56          6          0          0          0        546   led.o
      2184        120          0        180        220     317148   main.o
       224         20          0          0          0       1841   misc.o
        96          0          0          0          0     251837   nvic.o
      2724        298          0        120        372       6261   servo.o
        64         26        392          0       1536        848   startup_stm32f40_41xxx.o
      1124         24          0          0          0      10710   stm32f4xx_adc.o
      2544         38          0          0          0       8172   stm32f4xx_can.o
       528          6          0          0          0       5065   stm32f4xx_dac.o
       660         44          0          0          0       4185   stm32f4xx_gpio.o
       208         30          0         12          0       1811   stm32f4xx_it.o
      1628         52          0         16          0      13068   stm32f4xx_rcc.o
      3234         60          0          0          0      23040   stm32f4xx_tim.o
      1108         34          0          0          0       7908   stm32f4xx_usart.o
       528         46          0         20          0       1815   system_stm32f4xx.o
       340         16          0          6        200       3455   usart.o

    ----------------------------------------------------------------------
     21974       1468        784       1012       2424     674566   Object Totals
         0          0         32          0          0          0   (incl. Generated)
         0          0          0          4          0          0   (incl. Padding)

    ----------------------------------------------------------------------

      Code (inc. data)   RO Data    RW Data    ZI Data      Debug   Library Member Name

       264          0          0          0          0      18250   arm_mat_add_f32.o
         8          0          0          0          0        999   arm_mat_init_f32.o
       316          4          0          0          0       2375   arm_mat_mult_f32.o
       264          0          0          0          0       1826   arm_mat_sub_f32.o
        90          0          0          0          0          0   __dczerorl2.o
         8          0          0          0          0         68   __main.o
         0          0          0          0          0          0   __rtentry.o
        12          0          0          0          0          0   __rtentry2.o
         6          0          0          0          0          0   __rtentry4.o
        52          8          0          0          0          0   __scatter.o
        28          0          0          0          0          0   __scatter_zi.o
        48          4          0          0          0         84   _fptrap.o
        22          0          0          0          0        100   _rserrno.o
        10          0          0          0          0         68   defsig_exit.o
       172        110          0          0          0         76   defsig_fpe_inner.o
        14          0          0          0          0         80   defsig_fpe_outer.o
        50          0          0          0          0         88   defsig_general.o
        18          0          0          0          0         80   exit.o
         6          0          0          0          0        152   heapauxi.o
         2          0          0          0          0          0   libinit.o
         6          0          0          0          0          0   libinit2.o
         2          0          0          0          0          0   libshutdown.o
         2          0          0          0          0          0   libshutdown2.o
         8          4          0          0         96         68   libspace.o
         8          4          0          0          0         68   rt_errno_addr_intlibspace.o
         2          0          0          0          0          0   rtexit.o
        10          0          0          0          0          0   rtexit2.o
        74          0          0          0          0         80   sys_stackheap_outer.o
         2          0          0          0          0         68   use_no_semi.o
         2          0          0          0          0         68   use_no_semi_2.o
        24          0          0          0          0        164   basic.o
       708         16          0          0          0        140   d2f_clz.o
      1336         32          0          0          0        532   daddsub_clz.o
       892        152          0          0          0        292   ddiv_clz.o
       200         16          0          0          0        184   dfix.o
       220         16          0          0          0        192   dfixu.o
       110          0          0          0          0        348   dflt_clz.o
       448         16          0          0          0        164   dmul_clz.o
       258          4          0          0          0        156   dnaninf.o
       112          0          0          0          0        160   drenorm_clz.o
        12          0          0          0          0        116   dretinf.o
       378          0          0          0          0        168   dunder_clz.o
       492         36          0          0          0        148   except.o
       122          8          0          0          0        132   f2d.o
       242          4          0          0          0        144   fnaninf.o
        10          0          0          0          0        116   fpinit.o
        10          0          0          0          0        116   fretinf.o
       316          0          0          0          0        132   funder_clz.o
       178          0          0          0          0        116   retnan.o
       126          0          0          0          0        148   trapv.o
         0          0          0          0          0          0   usenofp.o
       368         46         48          0          0        200   cos_i.o
        84         16          0          0          0        372   dunder.o
        44          0          0          0          0        248   fabs.o
        48          0          0          0          0        124   fpclassify.o
       248          0          0          0          0        152   poly.o
      1080        142        200          0          0        188   rred.o
       200         20          0          0          0        164   sin.o
       304         24         40          0          0        208   sin_i.o

    ----------------------------------------------------------------------
     10098        682        288          0        100      29922   Library Totals
        22          0          0          0          4          0   (incl. Padding)

    ----------------------------------------------------------------------

      Code (inc. data)   RO Data    RW Data    ZI Data      Debug   Library Name

       852          4          0          0          0      23450   arm_cortexM4lf_math.lib
       654        130          0          0         96       1148   c_w.l
      6194        300          0          0          0       3668   g_wm.l
      2376        248        288          0          0       1656   m_wm.l

    ----------------------------------------------------------------------
     10098        682        288          0        100      29922   Library Totals

    ----------------------------------------------------------------------

==============================================================================


      Code (inc. data)   RO Data    RW Data    ZI Data      Debug   

     32072       2150       1072       1012       2524     696268   Grand Totals
     32072       2150       1072        148       2524     696268   ELF Image Totals (compressed)
     32072       2150       1072        148          0          0   ROM Totals

==============================================================================

    Total RO  Size (Code + RO Data)                33144 (  32.37kB)
    Total RW  Size (RW Data + ZI Data)              3536 (   3.45kB)
    Total ROM Size (Code + RO Data + RW Data)      33292 (  32.51kB)

==============================================================================

