<html>
<body>
<pre>
<h1>µVision Build Log</h1>
<h2>Tool Versions:</h2>
IDE-Version: ¦ÌVision V5.23.0.0
Copyright (C) 2017 ARM Ltd and ARM Germany GmbH. All rights reserved.
License Information: NULL LI, SJTU, LIC=----
 
Tool Versions:
Toolchain:       MDK-Lite  Version: 5.23
Toolchain Path:  C:\Keil_v5\ARM\ARMCC\Bin
C Compiler:      Armcc.exe V5.06 update 4 (build 422)
Assembler:       Armasm.exe V5.06 update 4 (build 422)
Linker/Locator:  ArmLink.exe V5.06 update 4 (build 422)
Library Manager: ArmAr.exe V5.06 update 4 (build 422)
Hex Converter:   FromElf.exe V5.06 update 4 (build 422)
CPU DLL:         SARMCM3.DLL V5.23
Dialog DLL:      DCM.DLL V1.15.0.0
Target DLL:      Segger\JL2CM3.dll V2.99.23.0
Dialog DLL:      TCM.DLL V1.27.0.0
 
<h2>Project:</h2>
E:\_study\ProgramData\KEIL\MDK\407\MoJo_GIT\USER\CAN.uvprojx
Project File Date:  01/15/2018

<h2>Output:</h2>
*** Using Compiler 'V5.06 update 4 (build 422)', folder: 'C:\Keil_v5\ARM\ARMCC\Bin'
Build target 'CAN'
compiling main.c...
..\HARDWARE\SERVO.h(12): warning:  #1295-D: Deprecated declaration clear_PID_buf - give arg types
  void clear_PID_buf();
..\HARDWARE\SERVO.h(13): warning:  #1295-D: Deprecated declaration speed_position_measure - give arg types
  void speed_position_measure();
main.c(20): warning:  #1035-D: single-precision operand implicitly converted to double-precision
  float speed_Kd=0.3/
ime_speed_PID_delta_ms;//0.5;
main.c(25): warning:  #1035-D: single-precision operand implicitly converted to double-precision
  float position_Kd=3.0/
ime_speed_PID_delta_ms;//1000;
main.c(162): warning:  #1035-D: single-precision operand implicitly converted to double-precision
  	delay_us(
ample_delta_ms*1000.0);			
main.c(174): warning:  #1035-D: single-precision operand implicitly converted to double-precision
  delay_us(1000.0*
ime_position_PID_delta_ms);
main.c(199): warning:  #1035-D: single-precision operand implicitly converted to double-precision
  delay_us(1000.0*
ime_speed_PID_delta_ms);
main.c(219): warning:  #1035-D: single-precision operand implicitly converted to double-precision
  delay_us(1000.0*
ime_speed_PID_delta_ms);
main.c(226): warning:  #1035-D: single-precision operand implicitly converted to double-precision
  delay_us(1000.0*
ime_speed_PID_delta_ms);
main.c(233): warning:  #1035-D: single-precision operand implicitly converted to double-precision
  	delay_us(
ample_delta_ms*1000.0);
main.c(243): warning:  #1035-D: single-precision operand implicitly converted to double-precision
  delay_us(1000.0*
ime_current_PID_delta_ms);
main.c(106): warning:  #177-D: variable "i"  was declared but never referenced
  	u8 i=0,t=0;
main.c(106): warning:  #177-D: variable "t"  was declared but never referenced
  	u8 i=0,t=0;
main.c(107): warning:  #177-D: variable "cnt"  was declared but never referenced
  	u8 cnt=0;
main.c(108): warning:  #177-D: variable "canbuf"  was declared but never referenced
  	u8 canbuf[8];
main.c(109): warning:  #177-D: variable "res"  was declared but never referenced
  	u8 res;	
main.c(110): warning:  #177-D: variable "ctr_cnt"  was declared but never referenced
  	u8 ctr_cnt=0;
main.c(112): warning:  #177-D: variable "i_enc_cnt_1"  was declared but never referenced
  	int i_enc_cnt_1;
main.c: 18 warnings, 0 errors
linking...
Program Size: Code=27348 RO-data=788 RW-data=980 ZI-data=2524  
FromELF: creating hex file...
"..\OBJ\CAN.axf" - 0 Error(s), 18 Warning(s).

<h2>Software Packages used:</h2>

Package Vendor: ARM
                http://www.keil.com/pack/ARM.CMSIS.5.1.1.pack
                ARM::CMSIS:CORE:5.0.2
                CMSIS (Cortex Microcontroller Software Interface Standard)
   * Component: CORE Version: 5.0.2

<h2>Collection of Component include folders:</h2>
  .\RTE\_CAN
  C:\Keil_v5\ARM\PACK\ARM\CMSIS\5.1.1\CMSIS\Include
  C:\Keil_v5\ARM\PACK\Keil\STM32F4xx_DFP\2.11.0\Drivers\CMSIS\Device\ST\STM32F4xx\Include

<h2>Collection of Component Files used:</h2>

   * Component: ARM::CMSIS:CORE:5.0.2
Build Time Elapsed:  00:00:02
</pre>
</body>
</html>
